Component: ARM Compiler 5.06 update 6 (build 750) Tool: armlink [4d35ed]

==============================================================================

Section Cross References

    bsp.o(i.BSP_delay) refers to bsp.o(i.BSP_tickCtr) for BSP_tickCtr
    bsp.o(i.BSP_init) refers to system_tm4c129.o(i.SystemCoreClockUpdate) for SystemCoreClockUpdate
    bsp.o(i.BSP_init) refers to system_tm4c129.o(.data) for SystemCoreClock
    bsp.o(i.BSP_tickCtr) refers to bsp.o(.data) for l_tickCtr
    bsp.o(i.SysTick_IRQHandler) refers to bsp.o(.data) for l_tickCtr
    main.o(i.main) refers to bsp.o(i.BSP_init) for BSP_init
    main.o(i.main) refers to main.o(.bss) for stack_blinky1
    main.o(i.main) refers to main.o(.data) for sp_blinky1
    main.o(i.main) refers to main.o(i.main_blinky1) for main_blinky1
    main.o(i.main) refers to main.o(i.main_blinky2) for main_blinky2
    main.o(i.main_blinky1) refers to bsp.o(i.BSP_ledRedOn) for BSP_ledRedOn
    main.o(i.main_blinky1) refers to bsp.o(i.BSP_delay) for BSP_delay
    main.o(i.main_blinky1) refers to bsp.o(i.BSP_ledRedOff) for BSP_ledRedOff
    main.o(i.main_blinky2) refers to bsp.o(i.BSP_ledBlueOn) for BSP_ledBlueOn
    main.o(i.main_blinky2) refers to bsp.o(i.BSP_delay) for BSP_delay
    main.o(i.main_blinky2) refers to bsp.o(i.BSP_ledBlueOff) for BSP_ledBlueOff
    startup_tm4c129.o(STACK) refers (Special) to heapauxi.o(.text) for __use_two_region_memory
    startup_tm4c129.o(HEAP) refers (Special) to heapauxi.o(.text) for __use_two_region_memory
    startup_tm4c129.o(RESET) refers (Special) to heapauxi.o(.text) for __use_two_region_memory
    startup_tm4c129.o(RESET) refers to startup_tm4c129.o(STACK) for __initial_sp
    startup_tm4c129.o(RESET) refers to startup_tm4c129.o(.text) for Reset_Handler
    startup_tm4c129.o(RESET) refers to bsp.o(i.SysTick_IRQHandler) for SysTick_IRQHandler
    startup_tm4c129.o(.text) refers (Special) to heapauxi.o(.text) for __use_two_region_memory
    startup_tm4c129.o(.text) refers to system_tm4c129.o(i.SystemInit) for SystemInit
    startup_tm4c129.o(.text) refers to main.o(i.main) for main
    startup_tm4c129.o(.text) refers to bsp.o(i.SysTick_IRQHandler) for SysTick_IRQHandler
    startup_tm4c129.o(.text) refers to startup_tm4c129.o(HEAP) for __heap_base
    startup_tm4c129.o(.text) refers to startup_tm4c129.o(STACK) for __stack_limit
    startup_tm4c129.o(.text) refers to system_tm4c129.o(i.Q_onAssert) for Q_onAssert
    system_tm4c129.o(i.SysTick_Wait10ms) refers to system_tm4c129.o(i.SysTick_Wait) for SysTick_Wait
    system_tm4c129.o(i.SystemCoreClockUpdate) refers to system_tm4c129.o(.data) for SystemCoreClock
    system_tm4c129.o(i.SystemInit) refers to system_tm4c129.o(.data) for SystemCoreClock
    __main.o(!!!main) refers to __rtentry.o(.ARM.Collect$$rtentry$$00000000) for __rt_entry
    __rtentry.o(.ARM.Collect$$rtentry$$00000000) refers (Special) to __rtentry2.o(.ARM.Collect$$rtentry$$0000000A) for __rt_entry_li
    __rtentry.o(.ARM.Collect$$rtentry$$00000000) refers (Special) to __rtentry2.o(.ARM.Collect$$rtentry$$0000000D) for __rt_entry_main
    __rtentry.o(.ARM.Collect$$rtentry$$00000000) refers (Special) to __rtentry2.o(.ARM.Collect$$rtentry$$0000000C) for __rt_entry_postli_1
    __rtentry.o(.ARM.Collect$$rtentry$$00000000) refers (Special) to __rtentry2.o(.ARM.Collect$$rtentry$$00000009) for __rt_entry_postsh_1
    __rtentry.o(.ARM.Collect$$rtentry$$00000000) refers (Special) to __rtentry2.o(.ARM.Collect$$rtentry$$00000002) for __rt_entry_presh_1
    __rtentry.o(.ARM.Collect$$rtentry$$00000000) refers (Special) to __rtentry4.o(.ARM.Collect$$rtentry$$00000004) for __rt_entry_sh
    __rtentry2.o(.ARM.Collect$$rtentry$$00000008) refers to boardinit2.o(.text) for _platform_post_stackheap_init
    __rtentry2.o(.ARM.Collect$$rtentry$$0000000A) refers to libinit.o(.ARM.Collect$$libinit$$00000000) for __rt_lib_init
    __rtentry2.o(.ARM.Collect$$rtentry$$0000000B) refers to boardinit3.o(.text) for _platform_post_lib_init
    __rtentry2.o(.ARM.Collect$$rtentry$$0000000D) refers to main.o(i.main) for main
    __rtentry2.o(.ARM.Collect$$rtentry$$0000000D) refers to exit.o(.text) for exit
    __rtentry2.o(.ARM.exidx) refers to __rtentry2.o(.ARM.Collect$$rtentry$$00000001) for .ARM.Collect$$rtentry$$00000001
    __rtentry2.o(.ARM.exidx) refers to __rtentry2.o(.ARM.Collect$$rtentry$$00000008) for .ARM.Collect$$rtentry$$00000008
    __rtentry2.o(.ARM.exidx) refers to __rtentry2.o(.ARM.Collect$$rtentry$$0000000A) for .ARM.Collect$$rtentry$$0000000A
    __rtentry2.o(.ARM.exidx) refers to __rtentry2.o(.ARM.Collect$$rtentry$$0000000B) for .ARM.Collect$$rtentry$$0000000B
    __rtentry2.o(.ARM.exidx) refers to __rtentry2.o(.ARM.Collect$$rtentry$$0000000D) for .ARM.Collect$$rtentry$$0000000D
    __rtentry4.o(.ARM.Collect$$rtentry$$00000004) refers to sys_stackheap_outer.o(.text) for __user_setup_stackheap
    __rtentry4.o(.ARM.exidx) refers to __rtentry4.o(.ARM.Collect$$rtentry$$00000004) for .ARM.Collect$$rtentry$$00000004
    sys_stackheap_outer.o(.text) refers to libspace.o(.text) for __user_perproc_libspace
    sys_stackheap_outer.o(.text) refers to startup_tm4c129.o(.text) for __user_initial_stackheap
    exit.o(.text) refers to rtexit.o(.ARM.Collect$$rtexit$$00000000) for __rt_exit
    libinit.o(.ARM.Collect$$libinit$$00000000) refers (Special) to libinit2.o(.ARM.Collect$$libinit$$0000002E) for __rt_lib_init_alloca_1
    libinit.o(.ARM.Collect$$libinit$$00000000) refers (Special) to libinit2.o(.ARM.Collect$$libinit$$0000002C) for __rt_lib_init_argv_1
    libinit.o(.ARM.Collect$$libinit$$00000000) refers (Special) to libinit2.o(.ARM.Collect$$libinit$$0000001B) for __rt_lib_init_atexit_1
    libinit.o(.ARM.Collect$$libinit$$00000000) refers (Special) to libinit2.o(.ARM.Collect$$libinit$$00000021) for __rt_lib_init_clock_1
    libinit.o(.ARM.Collect$$libinit$$00000000) refers (Special) to libinit2.o(.ARM.Collect$$libinit$$00000032) for __rt_lib_init_cpp_1
    libinit.o(.ARM.Collect$$libinit$$00000000) refers (Special) to libinit2.o(.ARM.Collect$$libinit$$00000030) for __rt_lib_init_exceptions_1
    libinit.o(.ARM.Collect$$libinit$$00000000) refers (Special) to libinit2.o(.ARM.Collect$$libinit$$00000002) for __rt_lib_init_fp_1
    libinit.o(.ARM.Collect$$libinit$$00000000) refers (Special) to libinit2.o(.ARM.Collect$$libinit$$0000001F) for __rt_lib_init_fp_trap_1
    libinit.o(.ARM.Collect$$libinit$$00000000) refers (Special) to libinit2.o(.ARM.Collect$$libinit$$00000023) for __rt_lib_init_getenv_1
    libinit.o(.ARM.Collect$$libinit$$00000000) refers (Special) to libinit2.o(.ARM.Collect$$libinit$$0000000A) for __rt_lib_init_heap_1
    libinit.o(.ARM.Collect$$libinit$$00000000) refers (Special) to libinit2.o(.ARM.Collect$$libinit$$00000011) for __rt_lib_init_lc_collate_1
    libinit.o(.ARM.Collect$$libinit$$00000000) refers (Special) to libinit2.o(.ARM.Collect$$libinit$$00000013) for __rt_lib_init_lc_ctype_1
    libinit.o(.ARM.Collect$$libinit$$00000000) refers (Special) to libinit2.o(.ARM.Collect$$libinit$$00000015) for __rt_lib_init_lc_monetary_1
    libinit.o(.ARM.Collect$$libinit$$00000000) refers (Special) to libinit2.o(.ARM.Collect$$libinit$$00000017) for __rt_lib_init_lc_numeric_1
    libinit.o(.ARM.Collect$$libinit$$00000000) refers (Special) to libinit2.o(.ARM.Collect$$libinit$$00000019) for __rt_lib_init_lc_time_1
    libinit.o(.ARM.Collect$$libinit$$00000000) refers (Special) to libinit2.o(.ARM.Collect$$libinit$$00000004) for __rt_lib_init_preinit_1
    libinit.o(.ARM.Collect$$libinit$$00000000) refers (Special) to libinit2.o(.ARM.Collect$$libinit$$0000000E) for __rt_lib_init_rand_1
    libinit.o(.ARM.Collect$$libinit$$00000000) refers (Special) to libinit2.o(.ARM.Collect$$libinit$$00000033) for __rt_lib_init_return
    libinit.o(.ARM.Collect$$libinit$$00000000) refers (Special) to libinit2.o(.ARM.Collect$$libinit$$0000001D) for __rt_lib_init_signal_1
    libinit.o(.ARM.Collect$$libinit$$00000000) refers (Special) to libinit2.o(.ARM.Collect$$libinit$$00000025) for __rt_lib_init_stdio_1
    libinit.o(.ARM.Collect$$libinit$$00000000) refers (Special) to libinit2.o(.ARM.Collect$$libinit$$0000000C) for __rt_lib_init_user_alloc_1
    libspace.o(.text) refers to libspace.o(.bss) for __libspace_start
    rtexit.o(.ARM.Collect$$rtexit$$00000000) refers (Special) to rtexit2.o(.ARM.Collect$$rtexit$$00000004) for __rt_exit_exit
    rtexit.o(.ARM.Collect$$rtexit$$00000000) refers (Special) to rtexit2.o(.ARM.Collect$$rtexit$$00000003) for __rt_exit_ls
    rtexit.o(.ARM.Collect$$rtexit$$00000000) refers (Special) to rtexit2.o(.ARM.Collect$$rtexit$$00000002) for __rt_exit_prels_1
    rtexit.o(.ARM.exidx) refers (Special) to rtexit2.o(.ARM.Collect$$rtexit$$00000004) for __rt_exit_exit
    rtexit.o(.ARM.exidx) refers (Special) to rtexit2.o(.ARM.Collect$$rtexit$$00000003) for __rt_exit_ls
    rtexit.o(.ARM.exidx) refers (Special) to rtexit2.o(.ARM.Collect$$rtexit$$00000002) for __rt_exit_prels_1
    rtexit.o(.ARM.exidx) refers to rtexit.o(.ARM.Collect$$rtexit$$00000000) for .ARM.Collect$$rtexit$$00000000
    libinit2.o(.ARM.Collect$$libinit$$00000010) refers to libinit2.o(.ARM.Collect$$libinit$$0000000F) for .ARM.Collect$$libinit$$0000000F
    libinit2.o(.ARM.Collect$$libinit$$00000012) refers to libinit2.o(.ARM.Collect$$libinit$$0000000F) for .ARM.Collect$$libinit$$0000000F
    libinit2.o(.ARM.Collect$$libinit$$00000014) refers to libinit2.o(.ARM.Collect$$libinit$$0000000F) for .ARM.Collect$$libinit$$0000000F
    libinit2.o(.ARM.Collect$$libinit$$00000016) refers to libinit2.o(.ARM.Collect$$libinit$$0000000F) for .ARM.Collect$$libinit$$0000000F
    libinit2.o(.ARM.Collect$$libinit$$00000018) refers to libinit2.o(.ARM.Collect$$libinit$$0000000F) for .ARM.Collect$$libinit$$0000000F
    libinit2.o(.ARM.Collect$$libinit$$00000026) refers to argv_veneer.o(.emb_text) for __ARM_argv_veneer
    libinit2.o(.ARM.Collect$$libinit$$00000027) refers to argv_veneer.o(.emb_text) for __ARM_argv_veneer
    rtexit2.o(.ARM.Collect$$rtexit$$00000003) refers to libshutdown.o(.ARM.Collect$$libshutdown$$00000000) for __rt_lib_shutdown
    rtexit2.o(.ARM.Collect$$rtexit$$00000004) refers to sys_exit.o(.text) for _sys_exit
    rtexit2.o(.ARM.exidx) refers to rtexit2.o(.ARM.Collect$$rtexit$$00000001) for .ARM.Collect$$rtexit$$00000001
    rtexit2.o(.ARM.exidx) refers to rtexit2.o(.ARM.Collect$$rtexit$$00000003) for .ARM.Collect$$rtexit$$00000003
    rtexit2.o(.ARM.exidx) refers to rtexit2.o(.ARM.Collect$$rtexit$$00000004) for .ARM.Collect$$rtexit$$00000004
    argv_veneer.o(.emb_text) refers to no_argv.o(.text) for __ARM_get_argv
    sys_exit.o(.text) refers (Special) to use_no_semi.o(.text) for __I$use$semihosting
    sys_exit.o(.text) refers (Special) to indicate_semi.o(.text) for __semihosting_library_function
    _get_argv_nomalloc.o(.text) refers (Special) to hrguard.o(.text) for __heap_region$guard
    _get_argv_nomalloc.o(.text) refers to defsig_rtmem_outer.o(.text) for __rt_SIGRTMEM
    _get_argv_nomalloc.o(.text) refers to sys_command.o(.text) for _sys_command_string
    libshutdown.o(.ARM.Collect$$libshutdown$$00000000) refers (Special) to libshutdown2.o(.ARM.Collect$$libshutdown$$00000002) for __rt_lib_shutdown_cpp_1
    libshutdown.o(.ARM.Collect$$libshutdown$$00000000) refers (Special) to libshutdown2.o(.ARM.Collect$$libshutdown$$00000007) for __rt_lib_shutdown_fp_trap_1
    libshutdown.o(.ARM.Collect$$libshutdown$$00000000) refers (Special) to libshutdown2.o(.ARM.Collect$$libshutdown$$0000000F) for __rt_lib_shutdown_heap_1
    libshutdown.o(.ARM.Collect$$libshutdown$$00000000) refers (Special) to libshutdown2.o(.ARM.Collect$$libshutdown$$00000010) for __rt_lib_shutdown_return
    libshutdown.o(.ARM.Collect$$libshutdown$$00000000) refers (Special) to libshutdown2.o(.ARM.Collect$$libshutdown$$0000000A) for __rt_lib_shutdown_signal_1
    libshutdown.o(.ARM.Collect$$libshutdown$$00000000) refers (Special) to libshutdown2.o(.ARM.Collect$$libshutdown$$00000004) for __rt_lib_shutdown_stdio_1
    libshutdown.o(.ARM.Collect$$libshutdown$$00000000) refers (Special) to libshutdown2.o(.ARM.Collect$$libshutdown$$0000000C) for __rt_lib_shutdown_user_alloc_1
    sys_command.o(.text) refers (Special) to use_no_semi.o(.text) for __I$use$semihosting
    sys_command.o(.text) refers (Special) to indicate_semi.o(.text) for __semihosting_library_function
    defsig_rtmem_outer.o(.text) refers to defsig_rtmem_inner.o(.text) for __rt_SIGRTMEM_inner
    defsig_rtmem_outer.o(.text) refers to defsig_exit.o(.text) for __sig_exit
    defsig_rtmem_formal.o(.text) refers to rt_raise.o(.text) for __rt_raise
    rt_raise.o(.text) refers to __raise.o(.text) for __raise
    rt_raise.o(.text) refers to sys_exit.o(.text) for _sys_exit
    defsig_exit.o(.text) refers to sys_exit.o(.text) for _sys_exit
    defsig_rtmem_inner.o(.text) refers to defsig_general.o(.text) for __default_signal_display
    __raise.o(.text) refers to defsig.o(CL$$defsig) for __default_signal_handler
    defsig_general.o(.text) refers to sys_wrch.o(.text) for _ttywrch
    sys_wrch.o(.text) refers (Special) to use_no_semi.o(.text) for __I$use$semihosting
    sys_wrch.o(.text) refers (Special) to indicate_semi.o(.text) for __semihosting_library_function
    defsig.o(CL$$defsig) refers to defsig_rtmem_inner.o(.text) for __rt_SIGRTMEM_inner
    defsig_abrt_inner.o(.text) refers to defsig_general.o(.text) for __default_signal_display
    defsig_fpe_inner.o(.text) refers to defsig_general.o(.text) for __default_signal_display
    defsig_rtred_inner.o(.text) refers to defsig_general.o(.text) for __default_signal_display
    defsig_stak_inner.o(.text) refers to defsig_general.o(.text) for __default_signal_display
    defsig_pvfn_inner.o(.text) refers to defsig_general.o(.text) for __default_signal_display
    defsig_cppl_inner.o(.text) refers to defsig_general.o(.text) for __default_signal_display
    defsig_segv_inner.o(.text) refers to defsig_general.o(.text) for __default_signal_display
    defsig_other.o(.text) refers to defsig_general.o(.text) for __default_signal_display


==============================================================================

Removing Unused input sections from the image.

    Removing bsp.o(.rev16_text), (4 bytes).
    Removing bsp.o(.revsh_text), (4 bytes).
    Removing bsp.o(.rrx_text), (6 bytes).
    Removing system_tm4c129.o(.rev16_text), (4 bytes).
    Removing system_tm4c129.o(.revsh_text), (4 bytes).
    Removing system_tm4c129.o(.rrx_text), (6 bytes).
    Removing system_tm4c129.o(i.PLL_Init), (292 bytes).
    Removing system_tm4c129.o(i.SysTick_Init), (24 bytes).
    Removing system_tm4c129.o(i.SysTick_Wait), (32 bytes).
    Removing system_tm4c129.o(i.SysTick_Wait10ms), (28 bytes).

10 unused section(s) (total 404 bytes) removed from the image.

==============================================================================

Image Symbol Table

    Local Symbols

    Symbol Name                              Value     Ov Type        Size  Object(Section)

    RESET                                    0x00000000   Section      520  startup_tm4c129.o(RESET)
    ../clib/angel/boardlib.s                 0x00000000   Number         0  boardinit3.o ABSOLUTE
    ../clib/angel/boardlib.s                 0x00000000   Number         0  boardinit1.o ABSOLUTE
    ../clib/angel/boardlib.s                 0x00000000   Number         0  boardinit2.o ABSOLUTE
    ../clib/angel/boardlib.s                 0x00000000   Number         0  boardshut.o ABSOLUTE
    ../clib/angel/handlers.s                 0x00000000   Number         0  __scatter_zi.o ABSOLUTE
    ../clib/angel/handlers.s                 0x00000000   Number         0  __scatter_copy.o ABSOLUTE
    ../clib/angel/kernel.s                   0x00000000   Number         0  rtexit2.o ABSOLUTE
    ../clib/angel/kernel.s                   0x00000000   Number         0  __rtentry4.o ABSOLUTE
    ../clib/angel/kernel.s                   0x00000000   Number         0  rtexit.o ABSOLUTE
    ../clib/angel/kernel.s                   0x00000000   Number         0  __rtentry2.o ABSOLUTE
    ../clib/angel/kernel.s                   0x00000000   Number         0  __rtentry.o ABSOLUTE
    ../clib/angel/rt.s                       0x00000000   Number         0  rt_raise.o ABSOLUTE
    ../clib/angel/scatter.s                  0x00000000   Number         0  __scatter.o ABSOLUTE
    ../clib/angel/startup.s                  0x00000000   Number         0  __main.o ABSOLUTE
    ../clib/angel/sys.s                      0x00000000   Number         0  use_no_semi.o ABSOLUTE
    ../clib/angel/sys.s                      0x00000000   Number         0  libspace.o ABSOLUTE
    ../clib/angel/sys.s                      0x00000000   Number         0  indicate_semi.o ABSOLUTE
    ../clib/angel/sys.s                      0x00000000   Number         0  sys_stackheap_outer.o ABSOLUTE
    ../clib/angel/sysapp.c                   0x00000000   Number         0  sys_command.o ABSOLUTE
    ../clib/angel/sysapp.c                   0x00000000   Number         0  sys_exit.o ABSOLUTE
    ../clib/angel/sysapp.c                   0x00000000   Number         0  sys_wrch.o ABSOLUTE
    ../clib/armsys.c                         0x00000000   Number         0  no_argv.o ABSOLUTE
    ../clib/armsys.c                         0x00000000   Number         0  _get_argv_nomalloc.o ABSOLUTE
    ../clib/armsys.c                         0x00000000   Number         0  argv_veneer.o ABSOLUTE
    ../clib/armsys.c                         0x00000000   Number         0  argv_veneer.o ABSOLUTE
    ../clib/heapalloc.c                      0x00000000   Number         0  hrguard.o ABSOLUTE
    ../clib/heapaux.c                        0x00000000   Number         0  heapauxi.o ABSOLUTE
    ../clib/libinit.s                        0x00000000   Number         0  libinit.o ABSOLUTE
    ../clib/libinit.s                        0x00000000   Number         0  libshutdown.o ABSOLUTE
    ../clib/libinit.s                        0x00000000   Number         0  libinit2.o ABSOLUTE
    ../clib/libinit.s                        0x00000000   Number         0  libshutdown2.o ABSOLUTE
    ../clib/signal.c                         0x00000000   Number         0  defsig_pvfn_inner.o ABSOLUTE
    ../clib/signal.c                         0x00000000   Number         0  defsig_stak_inner.o ABSOLUTE
    ../clib/signal.c                         0x00000000   Number         0  defsig_rtred_inner.o ABSOLUTE
    ../clib/signal.c                         0x00000000   Number         0  defsig_fpe_inner.o ABSOLUTE
    ../clib/signal.c                         0x00000000   Number         0  defsig_abrt_inner.o ABSOLUTE
    ../clib/signal.c                         0x00000000   Number         0  defsig_general.o ABSOLUTE
    ../clib/signal.c                         0x00000000   Number         0  defsig_rtmem_inner.o ABSOLUTE
    ../clib/signal.c                         0x00000000   Number         0  defsig_segv_inner.o ABSOLUTE
    ../clib/signal.c                         0x00000000   Number         0  defsig_exit.o ABSOLUTE
    ../clib/signal.c                         0x00000000   Number         0  defsig_other.o ABSOLUTE
    ../clib/signal.c                         0x00000000   Number         0  defsig_rtmem_outer.o ABSOLUTE
    ../clib/signal.c                         0x00000000   Number         0  defsig_cppl_inner.o ABSOLUTE
    ../clib/signal.c                         0x00000000   Number         0  __raise.o ABSOLUTE
    ../clib/signal.c                         0x00000000   Number         0  defsig_rtmem_formal.o ABSOLUTE
    ../clib/signal.s                         0x00000000   Number         0  defsig.o ABSOLUTE
    ../clib/stdlib.c                         0x00000000   Number         0  exit.o ABSOLUTE
    ../fplib/fpinit.s                        0x00000000   Number         0  fpinit.o ABSOLUTE
    ..\KEIL_lib\TM4C1294NCPDT_sys\startup_TM4C129.s 0x00000000   Number         0  startup_tm4c129.o ABSOLUTE
    bsp.c                                    0x00000000   Number         0  bsp.o ABSOLUTE
    bsp.c                                    0x00000000   Number         0  bsp.o ABSOLUTE
    dc.s                                     0x00000000   Number         0  dc.o ABSOLUTE
    main.c                                   0x00000000   Number         0  main.o ABSOLUTE
    system_tm4c129.c                         0x00000000   Number         0  system_tm4c129.o ABSOLUTE
    system_tm4c129.c                         0x00000000   Number         0  system_tm4c129.o ABSOLUTE
    !!!main                                  0x00000208   Section        8  __main.o(!!!main)
    !!!scatter                               0x00000210   Section       52  __scatter.o(!!!scatter)
    !!handler_copy                           0x00000244   Section       26  __scatter_copy.o(!!handler_copy)
    !!handler_zi                             0x00000260   Section       28  __scatter_zi.o(!!handler_zi)
    .ARM.Collect$$libinit$$00000000          0x0000027c   Section        2  libinit.o(.ARM.Collect$$libinit$$00000000)
    .ARM.Collect$$libinit$$00000002          0x0000027e   Section        0  libinit2.o(.ARM.Collect$$libinit$$00000002)
    .ARM.Collect$$libinit$$00000004          0x0000027e   Section        0  libinit2.o(.ARM.Collect$$libinit$$00000004)
    .ARM.Collect$$libinit$$0000000A          0x0000027e   Section        0  libinit2.o(.ARM.Collect$$libinit$$0000000A)
    .ARM.Collect$$libinit$$0000000C          0x0000027e   Section        0  libinit2.o(.ARM.Collect$$libinit$$0000000C)
    .ARM.Collect$$libinit$$0000000E          0x0000027e   Section        0  libinit2.o(.ARM.Collect$$libinit$$0000000E)
    .ARM.Collect$$libinit$$00000011          0x0000027e   Section        0  libinit2.o(.ARM.Collect$$libinit$$00000011)
    .ARM.Collect$$libinit$$00000013          0x0000027e   Section        0  libinit2.o(.ARM.Collect$$libinit$$00000013)
    .ARM.Collect$$libinit$$00000015          0x0000027e   Section        0  libinit2.o(.ARM.Collect$$libinit$$00000015)
    .ARM.Collect$$libinit$$00000017          0x0000027e   Section        0  libinit2.o(.ARM.Collect$$libinit$$00000017)
    .ARM.Collect$$libinit$$00000019          0x0000027e   Section        0  libinit2.o(.ARM.Collect$$libinit$$00000019)
    .ARM.Collect$$libinit$$0000001B          0x0000027e   Section        0  libinit2.o(.ARM.Collect$$libinit$$0000001B)
    .ARM.Collect$$libinit$$0000001D          0x0000027e   Section        0  libinit2.o(.ARM.Collect$$libinit$$0000001D)
    .ARM.Collect$$libinit$$0000001F          0x0000027e   Section        0  libinit2.o(.ARM.Collect$$libinit$$0000001F)
    .ARM.Collect$$libinit$$00000021          0x0000027e   Section        0  libinit2.o(.ARM.Collect$$libinit$$00000021)
    .ARM.Collect$$libinit$$00000023          0x0000027e   Section        0  libinit2.o(.ARM.Collect$$libinit$$00000023)
    .ARM.Collect$$libinit$$00000025          0x0000027e   Section        0  libinit2.o(.ARM.Collect$$libinit$$00000025)
    .ARM.Collect$$libinit$$0000002C          0x0000027e   Section        0  libinit2.o(.ARM.Collect$$libinit$$0000002C)
    .ARM.Collect$$libinit$$0000002E          0x0000027e   Section        0  libinit2.o(.ARM.Collect$$libinit$$0000002E)
    .ARM.Collect$$libinit$$00000030          0x0000027e   Section        0  libinit2.o(.ARM.Collect$$libinit$$00000030)
    .ARM.Collect$$libinit$$00000032          0x0000027e   Section        0  libinit2.o(.ARM.Collect$$libinit$$00000032)
    .ARM.Collect$$libinit$$00000033          0x0000027e   Section        2  libinit2.o(.ARM.Collect$$libinit$$00000033)
    .ARM.Collect$$libshutdown$$00000000      0x00000280   Section        2  libshutdown.o(.ARM.Collect$$libshutdown$$00000000)
    .ARM.Collect$$libshutdown$$00000002      0x00000282   Section        0  libshutdown2.o(.ARM.Collect$$libshutdown$$00000002)
    .ARM.Collect$$libshutdown$$00000004      0x00000282   Section        0  libshutdown2.o(.ARM.Collect$$libshutdown$$00000004)
    .ARM.Collect$$libshutdown$$00000007      0x00000282   Section        0  libshutdown2.o(.ARM.Collect$$libshutdown$$00000007)
    .ARM.Collect$$libshutdown$$0000000A      0x00000282   Section        0  libshutdown2.o(.ARM.Collect$$libshutdown$$0000000A)
    .ARM.Collect$$libshutdown$$0000000C      0x00000282   Section        0  libshutdown2.o(.ARM.Collect$$libshutdown$$0000000C)
    .ARM.Collect$$libshutdown$$0000000F      0x00000282   Section        0  libshutdown2.o(.ARM.Collect$$libshutdown$$0000000F)
    .ARM.Collect$$libshutdown$$00000010      0x00000282   Section        2  libshutdown2.o(.ARM.Collect$$libshutdown$$00000010)
    .ARM.Collect$$rtentry$$00000000          0x00000284   Section        0  __rtentry.o(.ARM.Collect$$rtentry$$00000000)
    .ARM.Collect$$rtentry$$00000002          0x00000284   Section        0  __rtentry2.o(.ARM.Collect$$rtentry$$00000002)
    .ARM.Collect$$rtentry$$00000004          0x00000284   Section        6  __rtentry4.o(.ARM.Collect$$rtentry$$00000004)
    .ARM.Collect$$rtentry$$00000009          0x0000028a   Section        0  __rtentry2.o(.ARM.Collect$$rtentry$$00000009)
    .ARM.Collect$$rtentry$$0000000A          0x0000028a   Section        4  __rtentry2.o(.ARM.Collect$$rtentry$$0000000A)
    .ARM.Collect$$rtentry$$0000000C          0x0000028e   Section        0  __rtentry2.o(.ARM.Collect$$rtentry$$0000000C)
    .ARM.Collect$$rtentry$$0000000D          0x0000028e   Section        8  __rtentry2.o(.ARM.Collect$$rtentry$$0000000D)
    .ARM.Collect$$rtexit$$00000000           0x00000296   Section        2  rtexit.o(.ARM.Collect$$rtexit$$00000000)
    .ARM.Collect$$rtexit$$00000002           0x00000298   Section        0  rtexit2.o(.ARM.Collect$$rtexit$$00000002)
    .ARM.Collect$$rtexit$$00000003           0x00000298   Section        4  rtexit2.o(.ARM.Collect$$rtexit$$00000003)
    .ARM.Collect$$rtexit$$00000004           0x0000029c   Section        6  rtexit2.o(.ARM.Collect$$rtexit$$00000004)
    .text                                    0x000002a4   Section      136  startup_tm4c129.o(.text)
    HIMCONSUMERIR_IRQHandler                 0x000002eb   Thumb Code     0  startup_tm4c129.o(.text)
    .text                                    0x0000032c   Section        0  heapauxi.o(.text)
    .text                                    0x00000332   Section       74  sys_stackheap_outer.o(.text)
    .text                                    0x0000037c   Section        0  exit.o(.text)
    .text                                    0x00000390   Section        8  libspace.o(.text)
    .text                                    0x00000398   Section        0  sys_exit.o(.text)
    .text                                    0x000003a4   Section        2  use_no_semi.o(.text)
    .text                                    0x000003a6   Section        0  indicate_semi.o(.text)
    i.BSP_delay                              0x000003a6   Section        0  bsp.o(i.BSP_delay)
    i.BSP_init                               0x000003c0   Section        0  bsp.o(i.BSP_init)
    i.BSP_ledBlueOff                         0x00000454   Section        0  bsp.o(i.BSP_ledBlueOff)
    i.BSP_ledBlueOn                          0x0000046c   Section        0  bsp.o(i.BSP_ledBlueOn)
    i.BSP_ledRedOff                          0x00000484   Section        0  bsp.o(i.BSP_ledRedOff)
    i.BSP_ledRedOn                           0x0000049c   Section        0  bsp.o(i.BSP_ledRedOn)
    i.BSP_tickCtr                            0x000004b4   Section        0  bsp.o(i.BSP_tickCtr)
    i.Q_onAssert                             0x000004c4   Section        0  system_tm4c129.o(i.Q_onAssert)
    i.SysTick_IRQHandler                     0x00000508   Section        0  bsp.o(i.SysTick_IRQHandler)
    i.SystemCoreClockUpdate                  0x00000518   Section        0  system_tm4c129.o(i.SystemCoreClockUpdate)
    i.SystemInit                             0x00000528   Section        0  system_tm4c129.o(i.SystemInit)
    i.main                                   0x00000538   Section        0  main.o(i.main)
    i.main_blinky1                           0x0000062c   Section        0  main.o(i.main_blinky1)
    i.main_blinky2                           0x00000644   Section        0  main.o(i.main_blinky2)
    .data                                    0x20000000   Section        4  bsp.o(.data)
    .data                                    0x20000004   Section        8  main.o(.data)
    .data                                    0x2000000c   Section        4  system_tm4c129.o(.data)
    .bss                                     0x20000010   Section      320  main.o(.bss)
    .bss                                     0x20000150   Section       96  libspace.o(.bss)
    HEAP                                     0x200001b0   Section       16  startup_tm4c129.o(HEAP)
    __heap_base                              0x200001b0   Data           0  startup_tm4c129.o(HEAP)
    STACK                                    0x200001c0   Section     1024  startup_tm4c129.o(STACK)
    __heap_limit                             0x200001c0   Data           0  startup_tm4c129.o(HEAP)
    __stack_base                             0x200001c0   Data           0  startup_tm4c129.o(STACK)
    __initial_sp                             0x200005c0   Data           0  startup_tm4c129.o(STACK)
    __stack_limit                            0x200005c0   Data           0  startup_tm4c129.o(STACK)

    Global Symbols

    Symbol Name                              Value     Ov Type        Size  Object(Section)

    BuildAttributes$$THM_ISAv4$E$P$D$K$B$S$7EM$PE$A:L22UL41UL21$X:L11$S22US41US21$IEEE1$IW$USESV6$~STKCKD$USESV7$~SHL$OSPACE$ROPI$EBA8$UX$STANDARDLIB$REQ8$PRES8$EABIv2 0x00000000   Number         0  anon$$obj.o ABSOLUTE
    __ARM_use_no_argv                        0x00000000   Number         0  main.o ABSOLUTE
    __Vectors                                0x00000000   Data           4  startup_tm4c129.o(RESET)
    __ARM_exceptions_init                     - Undefined Weak Reference
    __alloca_initialize                       - Undefined Weak Reference
    __arm_preinit_                            - Undefined Weak Reference
    __cpp_initialize__aeabi_                  - Undefined Weak Reference
    __cxa_finalize                            - Undefined Weak Reference
    __rt_locale                               - Undefined Weak Reference
    __sigvec_lookup                           - Undefined Weak Reference
    _atexit_init                              - Undefined Weak Reference
    _call_atexit_fns                          - Undefined Weak Reference
    _clock_init                               - Undefined Weak Reference
    _fp_trap_init                             - Undefined Weak Reference
    _fp_trap_shutdown                         - Undefined Weak Reference
    _get_lc_collate                           - Undefined Weak Reference
    _get_lc_ctype                             - Undefined Weak Reference
    _get_lc_monetary                          - Undefined Weak Reference
    _get_lc_numeric                           - Undefined Weak Reference
    _get_lc_time                              - Undefined Weak Reference
    _getenv_init                              - Undefined Weak Reference
    _handle_redirection                       - Undefined Weak Reference
    _init_alloc                               - Undefined Weak Reference
    _init_user_alloc                          - Undefined Weak Reference
    _initio                                   - Undefined Weak Reference
    _rand_init                                - Undefined Weak Reference
    _signal_finish                            - Undefined Weak Reference
    _signal_init                              - Undefined Weak Reference
    _terminate_alloc                          - Undefined Weak Reference
    _terminate_user_alloc                     - Undefined Weak Reference
    _terminateio                              - Undefined Weak Reference
    __Vectors_End                            0x00000208   Data           0  startup_tm4c129.o(RESET)
    __Vectors_Size                           0x00000208   Number         0  startup_tm4c129.o ABSOLUTE
    __main                                   0x00000209   Thumb Code     8  __main.o(!!!main)
    __scatterload                            0x00000211   Thumb Code     0  __scatter.o(!!!scatter)
    __scatterload_rt2                        0x00000211   Thumb Code    44  __scatter.o(!!!scatter)
    __scatterload_rt2_thumb_only             0x00000211   Thumb Code     0  __scatter.o(!!!scatter)
    __scatterload_null                       0x0000021f   Thumb Code     0  __scatter.o(!!!scatter)
    __scatterload_copy                       0x00000245   Thumb Code    26  __scatter_copy.o(!!handler_copy)
    __scatterload_zeroinit                   0x00000261   Thumb Code    28  __scatter_zi.o(!!handler_zi)
    __rt_lib_init                            0x0000027d   Thumb Code     0  libinit.o(.ARM.Collect$$libinit$$00000000)
    __rt_lib_init_alloca_1                   0x0000027f   Thumb Code     0  libinit2.o(.ARM.Collect$$libinit$$0000002E)
    __rt_lib_init_argv_1                     0x0000027f   Thumb Code     0  libinit2.o(.ARM.Collect$$libinit$$0000002C)
    __rt_lib_init_atexit_1                   0x0000027f   Thumb Code     0  libinit2.o(.ARM.Collect$$libinit$$0000001B)
    __rt_lib_init_clock_1                    0x0000027f   Thumb Code     0  libinit2.o(.ARM.Collect$$libinit$$00000021)
    __rt_lib_init_cpp_1                      0x0000027f   Thumb Code     0  libinit2.o(.ARM.Collect$$libinit$$00000032)
    __rt_lib_init_exceptions_1               0x0000027f   Thumb Code     0  libinit2.o(.ARM.Collect$$libinit$$00000030)
    __rt_lib_init_fp_1                       0x0000027f   Thumb Code     0  libinit2.o(.ARM.Collect$$libinit$$00000002)
    __rt_lib_init_fp_trap_1                  0x0000027f   Thumb Code     0  libinit2.o(.ARM.Collect$$libinit$$0000001F)
    __rt_lib_init_getenv_1                   0x0000027f   Thumb Code     0  libinit2.o(.ARM.Collect$$libinit$$00000023)
    __rt_lib_init_heap_1                     0x0000027f   Thumb Code     0  libinit2.o(.ARM.Collect$$libinit$$0000000A)
    __rt_lib_init_lc_collate_1               0x0000027f   Thumb Code     0  libinit2.o(.ARM.Collect$$libinit$$00000011)
    __rt_lib_init_lc_ctype_1                 0x0000027f   Thumb Code     0  libinit2.o(.ARM.Collect$$libinit$$00000013)
    __rt_lib_init_lc_monetary_1              0x0000027f   Thumb Code     0  libinit2.o(.ARM.Collect$$libinit$$00000015)
    __rt_lib_init_lc_numeric_1               0x0000027f   Thumb Code     0  libinit2.o(.ARM.Collect$$libinit$$00000017)
    __rt_lib_init_lc_time_1                  0x0000027f   Thumb Code     0  libinit2.o(.ARM.Collect$$libinit$$00000019)
    __rt_lib_init_preinit_1                  0x0000027f   Thumb Code     0  libinit2.o(.ARM.Collect$$libinit$$00000004)
    __rt_lib_init_rand_1                     0x0000027f   Thumb Code     0  libinit2.o(.ARM.Collect$$libinit$$0000000E)
    __rt_lib_init_return                     0x0000027f   Thumb Code     0  libinit2.o(.ARM.Collect$$libinit$$00000033)
    __rt_lib_init_signal_1                   0x0000027f   Thumb Code     0  libinit2.o(.ARM.Collect$$libinit$$0000001D)
    __rt_lib_init_stdio_1                    0x0000027f   Thumb Code     0  libinit2.o(.ARM.Collect$$libinit$$00000025)
    __rt_lib_init_user_alloc_1               0x0000027f   Thumb Code     0  libinit2.o(.ARM.Collect$$libinit$$0000000C)
    __rt_lib_shutdown                        0x00000281   Thumb Code     0  libshutdown.o(.ARM.Collect$$libshutdown$$00000000)
    __rt_lib_shutdown_cpp_1                  0x00000283   Thumb Code     0  libshutdown2.o(.ARM.Collect$$libshutdown$$00000002)
    __rt_lib_shutdown_fp_trap_1              0x00000283   Thumb Code     0  libshutdown2.o(.ARM.Collect$$libshutdown$$00000007)
    __rt_lib_shutdown_heap_1                 0x00000283   Thumb Code     0  libshutdown2.o(.ARM.Collect$$libshutdown$$0000000F)
    __rt_lib_shutdown_return                 0x00000283   Thumb Code     0  libshutdown2.o(.ARM.Collect$$libshutdown$$00000010)
    __rt_lib_shutdown_signal_1               0x00000283   Thumb Code     0  libshutdown2.o(.ARM.Collect$$libshutdown$$0000000A)
    __rt_lib_shutdown_stdio_1                0x00000283   Thumb Code     0  libshutdown2.o(.ARM.Collect$$libshutdown$$00000004)
    __rt_lib_shutdown_user_alloc_1           0x00000283   Thumb Code     0  libshutdown2.o(.ARM.Collect$$libshutdown$$0000000C)
    __rt_entry                               0x00000285   Thumb Code     0  __rtentry.o(.ARM.Collect$$rtentry$$00000000)
    __rt_entry_presh_1                       0x00000285   Thumb Code     0  __rtentry2.o(.ARM.Collect$$rtentry$$00000002)
    __rt_entry_sh                            0x00000285   Thumb Code     0  __rtentry4.o(.ARM.Collect$$rtentry$$00000004)
    __rt_entry_li                            0x0000028b   Thumb Code     0  __rtentry2.o(.ARM.Collect$$rtentry$$0000000A)
    __rt_entry_postsh_1                      0x0000028b   Thumb Code     0  __rtentry2.o(.ARM.Collect$$rtentry$$00000009)
    __rt_entry_main                          0x0000028f   Thumb Code     0  __rtentry2.o(.ARM.Collect$$rtentry$$0000000D)
    __rt_entry_postli_1                      0x0000028f   Thumb Code     0  __rtentry2.o(.ARM.Collect$$rtentry$$0000000C)
    __rt_exit                                0x00000297   Thumb Code     0  rtexit.o(.ARM.Collect$$rtexit$$00000000)
    __rt_exit_ls                             0x00000299   Thumb Code     0  rtexit2.o(.ARM.Collect$$rtexit$$00000003)
    __rt_exit_prels_1                        0x00000299   Thumb Code     0  rtexit2.o(.ARM.Collect$$rtexit$$00000002)
    __rt_exit_exit                           0x0000029d   Thumb Code     0  rtexit2.o(.ARM.Collect$$rtexit$$00000004)
    Reset_Handler                            0x000002a5   Thumb Code    14  startup_tm4c129.o(.text)
    NMI_Handler                              0x000002b3   Thumb Code     6  startup_tm4c129.o(.text)
    HardFault_Handler                        0x000002b9   Thumb Code     6  startup_tm4c129.o(.text)
    MemManage_Handler                        0x000002bf   Thumb Code     6  startup_tm4c129.o(.text)
    BusFault_Handler                         0x000002c5   Thumb Code     6  startup_tm4c129.o(.text)
    UsageFault_Handler                       0x000002cb   Thumb Code     6  startup_tm4c129.o(.text)
    SVCall_IRQHandler                        0x000002d1   Thumb Code     6  startup_tm4c129.o(.text)
    DebugMonitor_IRQHandler                  0x000002d7   Thumb Code     6  startup_tm4c129.o(.text)
    PendSV_IRQHandler                        0x000002dd   Thumb Code     6  startup_tm4c129.o(.text)
    ADC0SS0_IRQHandler                       0x000002eb   Thumb Code     0  startup_tm4c129.o(.text)
    ADC0SS1_IRQHandler                       0x000002eb   Thumb Code     0  startup_tm4c129.o(.text)
    ADC0SS2_IRQHandler                       0x000002eb   Thumb Code     0  startup_tm4c129.o(.text)
    ADC0SS3_IRQHandler                       0x000002eb   Thumb Code     0  startup_tm4c129.o(.text)
    ADC1SS0_IRQHandler                       0x000002eb   Thumb Code     0  startup_tm4c129.o(.text)
    ADC1SS1_IRQHandler                       0x000002eb   Thumb Code     0  startup_tm4c129.o(.text)
    ADC1SS2_IRQHandler                       0x000002eb   Thumb Code     0  startup_tm4c129.o(.text)
    ADC1SS3_IRQHandler                       0x000002eb   Thumb Code     0  startup_tm4c129.o(.text)
    AES_IRQHandler                           0x000002eb   Thumb Code     0  startup_tm4c129.o(.text)
    CAN0_IRQHandler                          0x000002eb   Thumb Code     0  startup_tm4c129.o(.text)
    CAN1_IRQHandler                          0x000002eb   Thumb Code     0  startup_tm4c129.o(.text)
    COMP0_IRQHandler                         0x000002eb   Thumb Code     0  startup_tm4c129.o(.text)
    COMP1_IRQHandler                         0x000002eb   Thumb Code     0  startup_tm4c129.o(.text)
    COMP2_IRQHandler                         0x000002eb   Thumb Code     0  startup_tm4c129.o(.text)
    DES3DES_IRQHandler                       0x000002eb   Thumb Code     0  startup_tm4c129.o(.text)
    EMAC0_IRQHandler                         0x000002eb   Thumb Code     0  startup_tm4c129.o(.text)
    EPI0_IRQHandler                          0x000002eb   Thumb Code     0  startup_tm4c129.o(.text)
    FLASH_CTRL_IRQHandler                    0x000002eb   Thumb Code     0  startup_tm4c129.o(.text)
    GPIOA_IRQHandler                         0x000002eb   Thumb Code     0  startup_tm4c129.o(.text)
    GPIOB_IRQHandler                         0x000002eb   Thumb Code     0  startup_tm4c129.o(.text)
    GPIOC_IRQHandler                         0x000002eb   Thumb Code     0  startup_tm4c129.o(.text)
    GPIOD_IRQHandler                         0x000002eb   Thumb Code     0  startup_tm4c129.o(.text)
    GPIOE_IRQHandler                         0x000002eb   Thumb Code     0  startup_tm4c129.o(.text)
    GPIOF_IRQHandler                         0x000002eb   Thumb Code     0  startup_tm4c129.o(.text)
    GPIOG_IRQHandler                         0x000002eb   Thumb Code     0  startup_tm4c129.o(.text)
    GPIOH_IRQHandler                         0x000002eb   Thumb Code     0  startup_tm4c129.o(.text)
    GPIOJ_IRQHandler                         0x000002eb   Thumb Code     0  startup_tm4c129.o(.text)
    GPIOK_IRQHandler                         0x000002eb   Thumb Code     0  startup_tm4c129.o(.text)
    GPIOL_IRQHandler                         0x000002eb   Thumb Code     0  startup_tm4c129.o(.text)
    GPIOM_IRQHandler                         0x000002eb   Thumb Code     0  startup_tm4c129.o(.text)
    GPION_IRQHandler                         0x000002eb   Thumb Code     0  startup_tm4c129.o(.text)
    GPIOP0_IRQHandler                        0x000002eb   Thumb Code     0  startup_tm4c129.o(.text)
    GPIOP1_IRQHandler                        0x000002eb   Thumb Code     0  startup_tm4c129.o(.text)
    GPIOP2_IRQHandler                        0x000002eb   Thumb Code     0  startup_tm4c129.o(.text)
    GPIOP3_IRQHandler                        0x000002eb   Thumb Code     0  startup_tm4c129.o(.text)
    GPIOP4_IRQHandler                        0x000002eb   Thumb Code     0  startup_tm4c129.o(.text)
    GPIOP5_IRQHandler                        0x000002eb   Thumb Code     0  startup_tm4c129.o(.text)
    GPIOP6_IRQHandler                        0x000002eb   Thumb Code     0  startup_tm4c129.o(.text)
    GPIOP7_IRQHandler                        0x000002eb   Thumb Code     0  startup_tm4c129.o(.text)
    GPIOQ0_IRQHandler                        0x000002eb   Thumb Code     0  startup_tm4c129.o(.text)
    GPIOQ1_IRQHandler                        0x000002eb   Thumb Code     0  startup_tm4c129.o(.text)
    GPIOQ2_IRQHandler                        0x000002eb   Thumb Code     0  startup_tm4c129.o(.text)
    GPIOQ3_IRQHandler                        0x000002eb   Thumb Code     0  startup_tm4c129.o(.text)
    GPIOQ4_IRQHandler                        0x000002eb   Thumb Code     0  startup_tm4c129.o(.text)
    GPIOQ5_IRQHandler                        0x000002eb   Thumb Code     0  startup_tm4c129.o(.text)
    GPIOQ6_IRQHandler                        0x000002eb   Thumb Code     0  startup_tm4c129.o(.text)
    GPIOQ7_IRQHandler                        0x000002eb   Thumb Code     0  startup_tm4c129.o(.text)
    GPIOR_IRQHandler                         0x000002eb   Thumb Code     0  startup_tm4c129.o(.text)
    GPIOS_IRQHandler                         0x000002eb   Thumb Code     0  startup_tm4c129.o(.text)
    GPIOT_IRQHandler                         0x000002eb   Thumb Code     0  startup_tm4c129.o(.text)
    HIB_IRQHandler                           0x000002eb   Thumb Code     0  startup_tm4c129.o(.text)
    HIMLEDSEQUENCER_IRQHandler               0x000002eb   Thumb Code     0  startup_tm4c129.o(.text)
    HIMPS2_IRQHandler                        0x000002eb   Thumb Code     0  startup_tm4c129.o(.text)
    HIMSCANKEYBOARD_IRQHandler               0x000002eb   Thumb Code     0  startup_tm4c129.o(.text)
    I2C0_IRQHandler                          0x000002eb   Thumb Code     0  startup_tm4c129.o(.text)
    I2C1_IRQHandler                          0x000002eb   Thumb Code     0  startup_tm4c129.o(.text)
    I2C2_IRQHandler                          0x000002eb   Thumb Code     0  startup_tm4c129.o(.text)
    I2C3_IRQHandler                          0x000002eb   Thumb Code     0  startup_tm4c129.o(.text)
    I2C4_IRQHandler                          0x000002eb   Thumb Code     0  startup_tm4c129.o(.text)
    I2C5_IRQHandler                          0x000002eb   Thumb Code     0  startup_tm4c129.o(.text)
    I2C6_IRQHandler                          0x000002eb   Thumb Code     0  startup_tm4c129.o(.text)
    I2C7_IRQHandler                          0x000002eb   Thumb Code     0  startup_tm4c129.o(.text)
    I2C8_IRQHandler                          0x000002eb   Thumb Code     0  startup_tm4c129.o(.text)
    I2C9_IRQHandler                          0x000002eb   Thumb Code     0  startup_tm4c129.o(.text)
    LCDCONTROLLER_IRQHandler                 0x000002eb   Thumb Code     0  startup_tm4c129.o(.text)
    ONEWIRE_IRQHandler                       0x000002eb   Thumb Code     0  startup_tm4c129.o(.text)
    PMW0_FAULT_IRQHandler                    0x000002eb   Thumb Code     0  startup_tm4c129.o(.text)
    PWM0_0_IRQHandler                        0x000002eb   Thumb Code     0  startup_tm4c129.o(.text)
    PWM0_1_IRQHandler                        0x000002eb   Thumb Code     0  startup_tm4c129.o(.text)
    PWM0_2_IRQHandler                        0x000002eb   Thumb Code     0  startup_tm4c129.o(.text)
    PWM0_3_IRQHandler                        0x000002eb   Thumb Code     0  startup_tm4c129.o(.text)
    QEI0_IRQHandler                          0x000002eb   Thumb Code     0  startup_tm4c129.o(.text)
    SHAMD5_IRQHandler                        0x000002eb   Thumb Code     0  startup_tm4c129.o(.text)
    SSI0_IRQHandler                          0x000002eb   Thumb Code     0  startup_tm4c129.o(.text)
    SSI1_IRQHandler                          0x000002eb   Thumb Code     0  startup_tm4c129.o(.text)
    SSI2_IRQHandler                          0x000002eb   Thumb Code     0  startup_tm4c129.o(.text)
    SSI3_IRQHandler                          0x000002eb   Thumb Code     0  startup_tm4c129.o(.text)
    SYSCTL_IRQHandler                        0x000002eb   Thumb Code     0  startup_tm4c129.o(.text)
    SYSEXC_IRQHandler                        0x000002eb   Thumb Code     0  startup_tm4c129.o(.text)
    TAMPER_IRQHandler                        0x000002eb   Thumb Code     0  startup_tm4c129.o(.text)
    TIMER0A_IRQHandler                       0x000002eb   Thumb Code     0  startup_tm4c129.o(.text)
    TIMER0B_IRQHandler                       0x000002eb   Thumb Code     0  startup_tm4c129.o(.text)
    TIMER1A_IRQHandler                       0x000002eb   Thumb Code     0  startup_tm4c129.o(.text)
    TIMER1B_IRQHandler                       0x000002eb   Thumb Code     0  startup_tm4c129.o(.text)
    TIMER2A_IRQHandler                       0x000002eb   Thumb Code     0  startup_tm4c129.o(.text)
    TIMER2B_IRQHandler                       0x000002eb   Thumb Code     0  startup_tm4c129.o(.text)
    TIMER3A_IRQHandler                       0x000002eb   Thumb Code     0  startup_tm4c129.o(.text)
    TIMER3B_IRQHandler                       0x000002eb   Thumb Code     0  startup_tm4c129.o(.text)
    TIMER4A_IRQHandler                       0x000002eb   Thumb Code     0  startup_tm4c129.o(.text)
    TIMER4B_IRQHandler                       0x000002eb   Thumb Code     0  startup_tm4c129.o(.text)
    TIMER5A_IRQHandler                       0x000002eb   Thumb Code     0  startup_tm4c129.o(.text)
    TIMER5B_IRQHandler                       0x000002eb   Thumb Code     0  startup_tm4c129.o(.text)
    TIMER6A_IRQHandler                       0x000002eb   Thumb Code     0  startup_tm4c129.o(.text)
    TIMER6B_IRQHandler                       0x000002eb   Thumb Code     0  startup_tm4c129.o(.text)
    TIMER7A_IRQHandler                       0x000002eb   Thumb Code     0  startup_tm4c129.o(.text)
    TIMER7B_IRQHandler                       0x000002eb   Thumb Code     0  startup_tm4c129.o(.text)
    UART0_IRQHandler                         0x000002eb   Thumb Code     0  startup_tm4c129.o(.text)
    UART1_IRQHandler                         0x000002eb   Thumb Code     0  startup_tm4c129.o(.text)
    UART2_IRQHandler                         0x000002eb   Thumb Code     0  startup_tm4c129.o(.text)
    UART3_IRQHandler                         0x000002eb   Thumb Code     0  startup_tm4c129.o(.text)
    UART4_IRQHandler                         0x000002eb   Thumb Code     0  startup_tm4c129.o(.text)
    UART5_IRQHandler                         0x000002eb   Thumb Code     0  startup_tm4c129.o(.text)
    UART6_IRQHandler                         0x000002eb   Thumb Code     0  startup_tm4c129.o(.text)
    UART7_IRQHandler                         0x000002eb   Thumb Code     0  startup_tm4c129.o(.text)
    UDMAERR_IRQHandler                       0x000002eb   Thumb Code     0  startup_tm4c129.o(.text)
    UDMA_IRQHandler                          0x000002eb   Thumb Code     0  startup_tm4c129.o(.text)
    USB0_IRQHandler                          0x000002eb   Thumb Code     0  startup_tm4c129.o(.text)
    WATCHDOG0_IRQHandler                     0x000002eb   Thumb Code     0  startup_tm4c129.o(.text)
    WTIMER0A_IRQHandler                      0x000002eb   Thumb Code     0  startup_tm4c129.o(.text)
    WTIMER0B_IRQHandler                      0x000002eb   Thumb Code     0  startup_tm4c129.o(.text)
    WTIMER1A_IRQHandler                      0x000002eb   Thumb Code     0  startup_tm4c129.o(.text)
    WTIMER1B_IRQHandler                      0x000002eb   Thumb Code     0  startup_tm4c129.o(.text)
    WTIMER2A_IRQHandler                      0x000002eb   Thumb Code     0  startup_tm4c129.o(.text)
    WTIMER2B_IRQHandler                      0x000002eb   Thumb Code     0  startup_tm4c129.o(.text)
    WTIMER3A_IRQHandler                      0x000002eb   Thumb Code     0  startup_tm4c129.o(.text)
    WTIMER3B_IRQHandler                      0x000002eb   Thumb Code     0  startup_tm4c129.o(.text)
    WTIMER4A_IRQHandler                      0x000002eb   Thumb Code     0  startup_tm4c129.o(.text)
    WTIMER4B_IRQHandler                      0x000002eb   Thumb Code     0  startup_tm4c129.o(.text)
    WTIMER5A_IRQHandler                      0x000002eb   Thumb Code     0  startup_tm4c129.o(.text)
    WTIMER5B_IRQHandler                      0x000002eb   Thumb Code     0  startup_tm4c129.o(.text)
    __user_initial_stackheap                 0x000002f5   Thumb Code     0  startup_tm4c129.o(.text)
    assert_failed                            0x000002ff   Thumb Code     8  startup_tm4c129.o(.text)
    __use_two_region_memory                  0x0000032d   Thumb Code     2  heapauxi.o(.text)
    __rt_heap_escrow$2region                 0x0000032f   Thumb Code     2  heapauxi.o(.text)
    __rt_heap_expand$2region                 0x00000331   Thumb Code     2  heapauxi.o(.text)
    __user_setup_stackheap                   0x00000333   Thumb Code    74  sys_stackheap_outer.o(.text)
    exit                                     0x0000037d   Thumb Code    18  exit.o(.text)
    __user_libspace                          0x00000391   Thumb Code     8  libspace.o(.text)
    __user_perproc_libspace                  0x00000391   Thumb Code     0  libspace.o(.text)
    __user_perthread_libspace                0x00000391   Thumb Code     0  libspace.o(.text)
    _sys_exit                                0x00000399   Thumb Code     8  sys_exit.o(.text)
    __I$use$semihosting                      0x000003a5   Thumb Code     0  use_no_semi.o(.text)
    __use_no_semihosting_swi                 0x000003a5   Thumb Code     2  use_no_semi.o(.text)
    BSP_delay                                0x000003a7   Thumb Code    24  bsp.o(i.BSP_delay)
    __semihosting_library_function           0x000003a7   Thumb Code     0  indicate_semi.o(.text)
    BSP_init                                 0x000003c1   Thumb Code   122  bsp.o(i.BSP_init)
    BSP_ledBlueOff                           0x00000455   Thumb Code    16  bsp.o(i.BSP_ledBlueOff)
    BSP_ledBlueOn                            0x0000046d   Thumb Code    16  bsp.o(i.BSP_ledBlueOn)
    BSP_ledRedOff                            0x00000485   Thumb Code    16  bsp.o(i.BSP_ledRedOff)
    BSP_ledRedOn                             0x0000049d   Thumb Code    16  bsp.o(i.BSP_ledRedOn)
    BSP_tickCtr                              0x000004b5   Thumb Code    10  bsp.o(i.BSP_tickCtr)
    Q_onAssert                               0x000004c5   Thumb Code    60  system_tm4c129.o(i.Q_onAssert)
    SysTick_IRQHandler                       0x00000509   Thumb Code    12  bsp.o(i.SysTick_IRQHandler)
    SystemCoreClockUpdate                    0x00000519   Thumb Code     8  system_tm4c129.o(i.SystemCoreClockUpdate)
    SystemInit                               0x00000529   Thumb Code     8  system_tm4c129.o(i.SystemInit)
    main                                     0x00000539   Thumb Code   220  main.o(i.main)
    main_blinky1                             0x0000062d   Thumb Code    24  main.o(i.main_blinky1)
    main_blinky2                             0x00000645   Thumb Code    24  main.o(i.main_blinky2)
    Region$$Table$$Base                      0x0000065c   Number         0  anon$$obj.o(Region$$Table)
    Region$$Table$$Limit                     0x0000067c   Number         0  anon$$obj.o(Region$$Table)
    l_tickCtr                                0x20000000   Data           4  bsp.o(.data)
    sp_blinky1                               0x20000004   Data           4  main.o(.data)
    sp_blinky2                               0x20000008   Data           4  main.o(.data)
    SystemCoreClock                          0x2000000c   Data           4  system_tm4c129.o(.data)
    stack_blinky1                            0x20000010   Data         160  main.o(.bss)
    stack_blinky2                            0x200000b0   Data         160  main.o(.bss)
    __libspace_start                         0x20000150   Data          96  libspace.o(.bss)
    __temporary_stack_top$libspace           0x200001b0   Data           0  libspace.o(.bss)



==============================================================================

Memory Map of the image

  Image Entry point : 0x000002a5

  Load Region LR_1 (Base: 0x00000000, Size: 0x0000068c, Max: 0xffffffff, ABSOLUTE)

    Execution Region ER_RO (Exec base: 0x00000000, Load base: 0x00000000, Size: 0x0000067c, Max: 0xffffffff, ABSOLUTE)

    Exec Addr    Load Addr    Size         Type   Attr      Idx    E Section Name        Object

    0x00000000   0x00000000   0x00000208   Data   RO          129    RESET               startup_tm4c129.o
    0x00000208   0x00000208   0x00000008   Code   RO          211  * !!!main             c_w.l(__main.o)
    0x00000210   0x00000210   0x00000034   Code   RO          368    !!!scatter          c_w.l(__scatter.o)
    0x00000244   0x00000244   0x0000001a   Code   RO          370    !!handler_copy      c_w.l(__scatter_copy.o)
    0x0000025e   0x0000025e   0x00000002   PAD
    0x00000260   0x00000260   0x0000001c   Code   RO          372    !!handler_zi        c_w.l(__scatter_zi.o)
    0x0000027c   0x0000027c   0x00000002   Code   RO          238    .ARM.Collect$$libinit$$00000000  c_w.l(libinit.o)
    0x0000027e   0x0000027e   0x00000000   Code   RO          245    .ARM.Collect$$libinit$$00000002  c_w.l(libinit2.o)
    0x0000027e   0x0000027e   0x00000000   Code   RO          247    .ARM.Collect$$libinit$$00000004  c_w.l(libinit2.o)
    0x0000027e   0x0000027e   0x00000000   Code   RO          250    .ARM.Collect$$libinit$$0000000A  c_w.l(libinit2.o)
    0x0000027e   0x0000027e   0x00000000   Code   RO          252    .ARM.Collect$$libinit$$0000000C  c_w.l(libinit2.o)
    0x0000027e   0x0000027e   0x00000000   Code   RO          254    .ARM.Collect$$libinit$$0000000E  c_w.l(libinit2.o)
    0x0000027e   0x0000027e   0x00000000   Code   RO          257    .ARM.Collect$$libinit$$00000011  c_w.l(libinit2.o)
    0x0000027e   0x0000027e   0x00000000   Code   RO          259    .ARM.Collect$$libinit$$00000013  c_w.l(libinit2.o)
    0x0000027e   0x0000027e   0x00000000   Code   RO          261    .ARM.Collect$$libinit$$00000015  c_w.l(libinit2.o)
    0x0000027e   0x0000027e   0x00000000   Code   RO          263    .ARM.Collect$$libinit$$00000017  c_w.l(libinit2.o)
    0x0000027e   0x0000027e   0x00000000   Code   RO          265    .ARM.Collect$$libinit$$00000019  c_w.l(libinit2.o)
    0x0000027e   0x0000027e   0x00000000   Code   RO          267    .ARM.Collect$$libinit$$0000001B  c_w.l(libinit2.o)
    0x0000027e   0x0000027e   0x00000000   Code   RO          269    .ARM.Collect$$libinit$$0000001D  c_w.l(libinit2.o)
    0x0000027e   0x0000027e   0x00000000   Code   RO          271    .ARM.Collect$$libinit$$0000001F  c_w.l(libinit2.o)
    0x0000027e   0x0000027e   0x00000000   Code   RO          273    .ARM.Collect$$libinit$$00000021  c_w.l(libinit2.o)
    0x0000027e   0x0000027e   0x00000000   Code   RO          275    .ARM.Collect$$libinit$$00000023  c_w.l(libinit2.o)
    0x0000027e   0x0000027e   0x00000000   Code   RO          277    .ARM.Collect$$libinit$$00000025  c_w.l(libinit2.o)
    0x0000027e   0x0000027e   0x00000000   Code   RO          281    .ARM.Collect$$libinit$$0000002C  c_w.l(libinit2.o)
    0x0000027e   0x0000027e   0x00000000   Code   RO          283    .ARM.Collect$$libinit$$0000002E  c_w.l(libinit2.o)
    0x0000027e   0x0000027e   0x00000000   Code   RO          285    .ARM.Collect$$libinit$$00000030  c_w.l(libinit2.o)
    0x0000027e   0x0000027e   0x00000000   Code   RO          287    .ARM.Collect$$libinit$$00000032  c_w.l(libinit2.o)
    0x0000027e   0x0000027e   0x00000002   Code   RO          288    .ARM.Collect$$libinit$$00000033  c_w.l(libinit2.o)
    0x00000280   0x00000280   0x00000002   Code   RO          308    .ARM.Collect$$libshutdown$$00000000  c_w.l(libshutdown.o)
    0x00000282   0x00000282   0x00000000   Code   RO          321    .ARM.Collect$$libshutdown$$00000002  c_w.l(libshutdown2.o)
    0x00000282   0x00000282   0x00000000   Code   RO          323    .ARM.Collect$$libshutdown$$00000004  c_w.l(libshutdown2.o)
    0x00000282   0x00000282   0x00000000   Code   RO          326    .ARM.Collect$$libshutdown$$00000007  c_w.l(libshutdown2.o)
    0x00000282   0x00000282   0x00000000   Code   RO          329    .ARM.Collect$$libshutdown$$0000000A  c_w.l(libshutdown2.o)
    0x00000282   0x00000282   0x00000000   Code   RO          331    .ARM.Collect$$libshutdown$$0000000C  c_w.l(libshutdown2.o)
    0x00000282   0x00000282   0x00000000   Code   RO          334    .ARM.Collect$$libshutdown$$0000000F  c_w.l(libshutdown2.o)
    0x00000282   0x00000282   0x00000002   Code   RO          335    .ARM.Collect$$libshutdown$$00000010  c_w.l(libshutdown2.o)
    0x00000284   0x00000284   0x00000000   Code   RO          213    .ARM.Collect$$rtentry$$00000000  c_w.l(__rtentry.o)
    0x00000284   0x00000284   0x00000000   Code   RO          215    .ARM.Collect$$rtentry$$00000002  c_w.l(__rtentry2.o)
    0x00000284   0x00000284   0x00000006   Code   RO          227    .ARM.Collect$$rtentry$$00000004  c_w.l(__rtentry4.o)
    0x0000028a   0x0000028a   0x00000000   Code   RO          217    .ARM.Collect$$rtentry$$00000009  c_w.l(__rtentry2.o)
    0x0000028a   0x0000028a   0x00000004   Code   RO          218    .ARM.Collect$$rtentry$$0000000A  c_w.l(__rtentry2.o)
    0x0000028e   0x0000028e   0x00000000   Code   RO          220    .ARM.Collect$$rtentry$$0000000C  c_w.l(__rtentry2.o)
    0x0000028e   0x0000028e   0x00000008   Code   RO          221    .ARM.Collect$$rtentry$$0000000D  c_w.l(__rtentry2.o)
    0x00000296   0x00000296   0x00000002   Code   RO          242    .ARM.Collect$$rtexit$$00000000  c_w.l(rtexit.o)
    0x00000298   0x00000298   0x00000000   Code   RO          290    .ARM.Collect$$rtexit$$00000002  c_w.l(rtexit2.o)
    0x00000298   0x00000298   0x00000004   Code   RO          291    .ARM.Collect$$rtexit$$00000003  c_w.l(rtexit2.o)
    0x0000029c   0x0000029c   0x00000006   Code   RO          292    .ARM.Collect$$rtexit$$00000004  c_w.l(rtexit2.o)
    0x000002a2   0x000002a2   0x00000002   PAD
    0x000002a4   0x000002a4   0x00000088   Code   RO          130  * .text               startup_tm4c129.o
    0x0000032c   0x0000032c   0x00000006   Code   RO          209    .text               c_w.l(heapauxi.o)
    0x00000332   0x00000332   0x0000004a   Code   RO          229    .text               c_w.l(sys_stackheap_outer.o)
    0x0000037c   0x0000037c   0x00000012   Code   RO          231    .text               c_w.l(exit.o)
    0x0000038e   0x0000038e   0x00000002   PAD
    0x00000390   0x00000390   0x00000008   Code   RO          239    .text               c_w.l(libspace.o)
    0x00000398   0x00000398   0x0000000c   Code   RO          300    .text               c_w.l(sys_exit.o)
    0x000003a4   0x000003a4   0x00000002   Code   RO          311    .text               c_w.l(use_no_semi.o)
    0x000003a6   0x000003a6   0x00000000   Code   RO          313    .text               c_w.l(indicate_semi.o)
    0x000003a6   0x000003a6   0x00000018   Code   RO            4    i.BSP_delay         bsp.o
    0x000003be   0x000003be   0x00000002   PAD
    0x000003c0   0x000003c0   0x00000094   Code   RO            5    i.BSP_init          bsp.o
    0x00000454   0x00000454   0x00000018   Code   RO            6    i.BSP_ledBlueOff    bsp.o
    0x0000046c   0x0000046c   0x00000018   Code   RO            7    i.BSP_ledBlueOn     bsp.o
    0x00000484   0x00000484   0x00000018   Code   RO            8    i.BSP_ledRedOff     bsp.o
    0x0000049c   0x0000049c   0x00000018   Code   RO            9    i.BSP_ledRedOn      bsp.o
    0x000004b4   0x000004b4   0x00000010   Code   RO           10    i.BSP_tickCtr       bsp.o
    0x000004c4   0x000004c4   0x00000044   Code   RO          138    i.Q_onAssert        system_tm4c129.o
    0x00000508   0x00000508   0x00000010   Code   RO           11    i.SysTick_IRQHandler  bsp.o
    0x00000518   0x00000518   0x00000010   Code   RO          142    i.SystemCoreClockUpdate  system_tm4c129.o
    0x00000528   0x00000528   0x00000010   Code   RO          143    i.SystemInit        system_tm4c129.o
    0x00000538   0x00000538   0x000000f4   Code   RO           99    i.main              main.o
    0x0000062c   0x0000062c   0x00000018   Code   RO          100    i.main_blinky1      main.o
    0x00000644   0x00000644   0x00000018   Code   RO          101    i.main_blinky2      main.o
    0x0000065c   0x0000065c   0x00000020   Data   RO          366    Region$$Table       anon$$obj.o


    Execution Region ER_RW (Exec base: 0x20000000, Load base: 0x0000067c, Size: 0x00000010, Max: 0xffffffff, ABSOLUTE)

    Exec Addr    Load Addr    Size         Type   Attr      Idx    E Section Name        Object

    0x20000000   0x0000067c   0x00000004   Data   RW           12    .data               bsp.o
    0x20000004   0x00000680   0x00000008   Data   RW          103    .data               main.o
    0x2000000c   0x00000688   0x00000004   Data   RW          144    .data               system_tm4c129.o


    Execution Region ER_ZI (Exec base: 0x20000010, Load base: 0x0000068c, Size: 0x000005b0, Max: 0xffffffff, ABSOLUTE)

    Exec Addr    Load Addr    Size         Type   Attr      Idx    E Section Name        Object

    0x20000010        -       0x00000140   Zero   RW          102    .bss                main.o
    0x20000150        -       0x00000060   Zero   RW          240    .bss                c_w.l(libspace.o)
    0x200001b0        -       0x00000010   Zero   RW          128    HEAP                startup_tm4c129.o
    0x200001c0        -       0x00000400   Zero   RW          127    STACK               startup_tm4c129.o


==============================================================================

Image component sizes


      Code (inc. data)   RO Data    RW Data    ZI Data      Debug   Object Name

       300         68          0          4          0     369569   bsp.o
       292         24          0          8        320       2161   main.o
       136         40        520          0       1040        956   startup_tm4c129.o
       100         24          0          4          0     362587   system_tm4c129.o

    ----------------------------------------------------------------------
       830        156        552         16       1360     735273   Object Totals
         0          0         32          0          0          0   (incl. Generated)
         2          0          0          0          0          0   (incl. Padding)

    ----------------------------------------------------------------------

      Code (inc. data)   RO Data    RW Data    ZI Data      Debug   Library Member Name

         8          0          0          0          0         68   __main.o
         0          0          0          0          0          0   __rtentry.o
        12          0          0          0          0          0   __rtentry2.o
         6          0          0          0          0          0   __rtentry4.o
        52          8          0          0          0          0   __scatter.o
        26          0          0          0          0          0   __scatter_copy.o
        28          0          0          0          0          0   __scatter_zi.o
        18          0          0          0          0         80   exit.o
         6          0          0          0          0        152   heapauxi.o
         0          0          0          0          0          0   indicate_semi.o
         2          0          0          0          0          0   libinit.o
         2          0          0          0          0          0   libinit2.o
         2          0          0          0          0          0   libshutdown.o
         2          0          0          0          0          0   libshutdown2.o
         8          4          0          0         96         68   libspace.o
         2          0          0          0          0          0   rtexit.o
        10          0          0          0          0          0   rtexit2.o
        12          4          0          0          0         68   sys_exit.o
        74          0          0          0          0         80   sys_stackheap_outer.o
         2          0          0          0          0         68   use_no_semi.o

    ----------------------------------------------------------------------
       278         16          0          0         96        584   Library Totals
         6          0          0          0          0          0   (incl. Padding)

    ----------------------------------------------------------------------

      Code (inc. data)   RO Data    RW Data    ZI Data      Debug   Library Name

       272         16          0          0         96        584   c_w.l

    ----------------------------------------------------------------------
       278         16          0          0         96        584   Library Totals

    ----------------------------------------------------------------------

==============================================================================


      Code (inc. data)   RO Data    RW Data    ZI Data      Debug   

      1108        172        552         16       1456     735073   Grand Totals
      1108        172        552         16       1456     735073   ELF Image Totals
      1108        172        552         16          0          0   ROM Totals

==============================================================================

    Total RO  Size (Code + RO Data)                 1660 (   1.62kB)
    Total RW  Size (RW Data + ZI Data)              1472 (   1.44kB)
    Total ROM Size (Code + RO Data + RW Data)       1676 (   1.64kB)

==============================================================================

