Archive member included to satisfy reference by file (symbol)

c:/ti/ccs920/ccs/tools/compiler/gcc-arm-none-eabi-7-2017-q4-major-win32/bin/../lib/gcc/arm-none-eabi/7.2.1/../../../../arm-none-eabi/lib/thumb/v7e-m/fpv4-sp/hard\libc.a(lib_a-exit.o)
                              c:/ti/ccs920/ccs/tools/compiler/gcc-arm-none-eabi-7-2017-q4-major-win32/bin/../lib/gcc/arm-none-eabi/7.2.1/../../../../arm-none-eabi/lib/thumb/v7e-m/fpv4-sp/hard/crt0.o (exit)
c:/ti/ccs920/ccs/tools/compiler/gcc-arm-none-eabi-7-2017-q4-major-win32/bin/../lib/gcc/arm-none-eabi/7.2.1/../../../../arm-none-eabi/lib/thumb/v7e-m/fpv4-sp/hard\libc.a(lib_a-impure.o)
                              c:/ti/ccs920/ccs/tools/compiler/gcc-arm-none-eabi-7-2017-q4-major-win32/bin/../lib/gcc/arm-none-eabi/7.2.1/../../../../arm-none-eabi/lib/thumb/v7e-m/fpv4-sp/hard\libc.a(lib_a-exit.o) (_global_impure_ptr)
c:/ti/ccs920/ccs/tools/compiler/gcc-arm-none-eabi-7-2017-q4-major-win32/bin/../lib/gcc/arm-none-eabi/7.2.1/../../../../arm-none-eabi/lib/thumb/v7e-m/fpv4-sp/hard\libc.a(lib_a-init.o)
                              c:/ti/ccs920/ccs/tools/compiler/gcc-arm-none-eabi-7-2017-q4-major-win32/bin/../lib/gcc/arm-none-eabi/7.2.1/../../../../arm-none-eabi/lib/thumb/v7e-m/fpv4-sp/hard/crt0.o (__libc_init_array)
c:/ti/ccs920/ccs/tools/compiler/gcc-arm-none-eabi-7-2017-q4-major-win32/bin/../lib/gcc/arm-none-eabi/7.2.1/../../../../arm-none-eabi/lib/thumb/v7e-m/fpv4-sp/hard\libc.a(lib_a-memset.o)
                              c:/ti/ccs920/ccs/tools/compiler/gcc-arm-none-eabi-7-2017-q4-major-win32/bin/../lib/gcc/arm-none-eabi/7.2.1/../../../../arm-none-eabi/lib/thumb/v7e-m/fpv4-sp/hard/crt0.o (memset)
c:/ti/ccs920/ccs/tools/compiler/gcc-arm-none-eabi-7-2017-q4-major-win32/bin/../lib/gcc/arm-none-eabi/7.2.1/../../../../arm-none-eabi/lib/thumb/v7e-m/fpv4-sp/hard\libc.a(lib_a-__call_atexit.o)
                              c:/ti/ccs920/ccs/tools/compiler/gcc-arm-none-eabi-7-2017-q4-major-win32/bin/../lib/gcc/arm-none-eabi/7.2.1/../../../../arm-none-eabi/lib/thumb/v7e-m/fpv4-sp/hard\libc.a(lib_a-exit.o) (__call_exitprocs)
c:/ti/ccs920/ccs/tools/compiler/gcc-arm-none-eabi-7-2017-q4-major-win32/bin/../lib/gcc/arm-none-eabi/7.2.1/../../../../arm-none-eabi/lib/thumb/v7e-m/fpv4-sp/hard\libc.a(lib_a-atexit.o)
                              c:/ti/ccs920/ccs/tools/compiler/gcc-arm-none-eabi-7-2017-q4-major-win32/bin/../lib/gcc/arm-none-eabi/7.2.1/../../../../arm-none-eabi/lib/thumb/v7e-m/fpv4-sp/hard\libc.a(lib_a-__call_atexit.o) (atexit)
c:/ti/ccs920/ccs/tools/compiler/gcc-arm-none-eabi-7-2017-q4-major-win32/bin/../lib/gcc/arm-none-eabi/7.2.1/../../../../arm-none-eabi/lib/thumb/v7e-m/fpv4-sp/hard\libc.a(lib_a-fini.o)
                              c:/ti/ccs920/ccs/tools/compiler/gcc-arm-none-eabi-7-2017-q4-major-win32/bin/../lib/gcc/arm-none-eabi/7.2.1/../../../../arm-none-eabi/lib/thumb/v7e-m/fpv4-sp/hard\libc.a(lib_a-__call_atexit.o) (__libc_fini_array)
c:/ti/ccs920/ccs/tools/compiler/gcc-arm-none-eabi-7-2017-q4-major-win32/bin/../lib/gcc/arm-none-eabi/7.2.1/../../../../arm-none-eabi/lib/thumb/v7e-m/fpv4-sp/hard\libc.a(lib_a-lock.o)
                              c:/ti/ccs920/ccs/tools/compiler/gcc-arm-none-eabi-7-2017-q4-major-win32/bin/../lib/gcc/arm-none-eabi/7.2.1/../../../../arm-none-eabi/lib/thumb/v7e-m/fpv4-sp/hard\libc.a(lib_a-__call_atexit.o) (__retarget_lock_acquire_recursive)
c:/ti/ccs920/ccs/tools/compiler/gcc-arm-none-eabi-7-2017-q4-major-win32/bin/../lib/gcc/arm-none-eabi/7.2.1/../../../../arm-none-eabi/lib/thumb/v7e-m/fpv4-sp/hard\libc.a(lib_a-__atexit.o)
                              c:/ti/ccs920/ccs/tools/compiler/gcc-arm-none-eabi-7-2017-q4-major-win32/bin/../lib/gcc/arm-none-eabi/7.2.1/../../../../arm-none-eabi/lib/thumb/v7e-m/fpv4-sp/hard\libc.a(lib_a-atexit.o) (__register_exitproc)
c:/ti/ccs920/ccs/tools/compiler/gcc-arm-none-eabi-7-2017-q4-major-win32/bin/../lib/gcc/arm-none-eabi/7.2.1/../../../../arm-none-eabi/lib/thumb/v7e-m/fpv4-sp/hard\libnosys.a(_exit.o)
                              c:/ti/ccs920/ccs/tools/compiler/gcc-arm-none-eabi-7-2017-q4-major-win32/bin/../lib/gcc/arm-none-eabi/7.2.1/../../../../arm-none-eabi/lib/thumb/v7e-m/fpv4-sp/hard\libc.a(lib_a-exit.o) (_exit)

Allocating common symbols
Common symbol       size              file

__lock___atexit_recursive_mutex
                    0x1               c:/ti/ccs920/ccs/tools/compiler/gcc-arm-none-eabi-7-2017-q4-major-win32/bin/../lib/gcc/arm-none-eabi/7.2.1/../../../../arm-none-eabi/lib/thumb/v7e-m/fpv4-sp/hard\libc.a(lib_a-lock.o)
__lock___arc4random_mutex
                    0x1               c:/ti/ccs920/ccs/tools/compiler/gcc-arm-none-eabi-7-2017-q4-major-win32/bin/../lib/gcc/arm-none-eabi/7.2.1/../../../../arm-none-eabi/lib/thumb/v7e-m/fpv4-sp/hard\libc.a(lib_a-lock.o)
__lock___env_recursive_mutex
                    0x1               c:/ti/ccs920/ccs/tools/compiler/gcc-arm-none-eabi-7-2017-q4-major-win32/bin/../lib/gcc/arm-none-eabi/7.2.1/../../../../arm-none-eabi/lib/thumb/v7e-m/fpv4-sp/hard\libc.a(lib_a-lock.o)
__lock___sinit_recursive_mutex
                    0x1               c:/ti/ccs920/ccs/tools/compiler/gcc-arm-none-eabi-7-2017-q4-major-win32/bin/../lib/gcc/arm-none-eabi/7.2.1/../../../../arm-none-eabi/lib/thumb/v7e-m/fpv4-sp/hard\libc.a(lib_a-lock.o)
__lock___malloc_recursive_mutex
                    0x1               c:/ti/ccs920/ccs/tools/compiler/gcc-arm-none-eabi-7-2017-q4-major-win32/bin/../lib/gcc/arm-none-eabi/7.2.1/../../../../arm-none-eabi/lib/thumb/v7e-m/fpv4-sp/hard\libc.a(lib_a-lock.o)
__lock___at_quick_exit_mutex
                    0x1               c:/ti/ccs920/ccs/tools/compiler/gcc-arm-none-eabi-7-2017-q4-major-win32/bin/../lib/gcc/arm-none-eabi/7.2.1/../../../../arm-none-eabi/lib/thumb/v7e-m/fpv4-sp/hard\libc.a(lib_a-lock.o)
__lock___dd_hash_mutex
                    0x1               c:/ti/ccs920/ccs/tools/compiler/gcc-arm-none-eabi-7-2017-q4-major-win32/bin/../lib/gcc/arm-none-eabi/7.2.1/../../../../arm-none-eabi/lib/thumb/v7e-m/fpv4-sp/hard\libc.a(lib_a-lock.o)
__lock___tz_mutex   0x1               c:/ti/ccs920/ccs/tools/compiler/gcc-arm-none-eabi-7-2017-q4-major-win32/bin/../lib/gcc/arm-none-eabi/7.2.1/../../../../arm-none-eabi/lib/thumb/v7e-m/fpv4-sp/hard\libc.a(lib_a-lock.o)
__lock___sfp_recursive_mutex
                    0x1               c:/ti/ccs920/ccs/tools/compiler/gcc-arm-none-eabi-7-2017-q4-major-win32/bin/../lib/gcc/arm-none-eabi/7.2.1/../../../../arm-none-eabi/lib/thumb/v7e-m/fpv4-sp/hard\libc.a(lib_a-lock.o)

Discarded input sections

 .debug_frame   0x00000000       0x28 c:/ti/ccs920/ccs/tools/compiler/gcc-arm-none-eabi-7-2017-q4-major-win32/bin/../lib/gcc/arm-none-eabi/7.2.1/../../../../arm-none-eabi/lib/thumb/v7e-m/fpv4-sp/hard\libc.a(lib_a-exit.o)
 .ARM.attributes
                0x00000000       0x34 c:/ti/ccs920/ccs/tools/compiler/gcc-arm-none-eabi-7-2017-q4-major-win32/bin/../lib/gcc/arm-none-eabi/7.2.1/../../../../arm-none-eabi/lib/thumb/v7e-m/fpv4-sp/hard\libc.a(lib_a-exit.o)
 .ARM.attributes
                0x00000000       0x34 c:/ti/ccs920/ccs/tools/compiler/gcc-arm-none-eabi-7-2017-q4-major-win32/bin/../lib/gcc/arm-none-eabi/7.2.1/../../../../arm-none-eabi/lib/thumb/v7e-m/fpv4-sp/hard\libc.a(lib_a-impure.o)
 .debug_frame   0x00000000       0x2c c:/ti/ccs920/ccs/tools/compiler/gcc-arm-none-eabi-7-2017-q4-major-win32/bin/../lib/gcc/arm-none-eabi/7.2.1/../../../../arm-none-eabi/lib/thumb/v7e-m/fpv4-sp/hard\libc.a(lib_a-init.o)
 .ARM.attributes
                0x00000000       0x34 c:/ti/ccs920/ccs/tools/compiler/gcc-arm-none-eabi-7-2017-q4-major-win32/bin/../lib/gcc/arm-none-eabi/7.2.1/../../../../arm-none-eabi/lib/thumb/v7e-m/fpv4-sp/hard\libc.a(lib_a-init.o)
 .debug_frame   0x00000000       0x38 c:/ti/ccs920/ccs/tools/compiler/gcc-arm-none-eabi-7-2017-q4-major-win32/bin/../lib/gcc/arm-none-eabi/7.2.1/../../../../arm-none-eabi/lib/thumb/v7e-m/fpv4-sp/hard\libc.a(lib_a-memset.o)
 .ARM.attributes
                0x00000000       0x34 c:/ti/ccs920/ccs/tools/compiler/gcc-arm-none-eabi-7-2017-q4-major-win32/bin/../lib/gcc/arm-none-eabi/7.2.1/../../../../arm-none-eabi/lib/thumb/v7e-m/fpv4-sp/hard\libc.a(lib_a-memset.o)
 .debug_frame   0x00000000       0x5c c:/ti/ccs920/ccs/tools/compiler/gcc-arm-none-eabi-7-2017-q4-major-win32/bin/../lib/gcc/arm-none-eabi/7.2.1/../../../../arm-none-eabi/lib/thumb/v7e-m/fpv4-sp/hard\libc.a(lib_a-__call_atexit.o)
 .ARM.attributes
                0x00000000       0x34 c:/ti/ccs920/ccs/tools/compiler/gcc-arm-none-eabi-7-2017-q4-major-win32/bin/../lib/gcc/arm-none-eabi/7.2.1/../../../../arm-none-eabi/lib/thumb/v7e-m/fpv4-sp/hard\libc.a(lib_a-__call_atexit.o)
 .debug_frame   0x00000000       0x20 c:/ti/ccs920/ccs/tools/compiler/gcc-arm-none-eabi-7-2017-q4-major-win32/bin/../lib/gcc/arm-none-eabi/7.2.1/../../../../arm-none-eabi/lib/thumb/v7e-m/fpv4-sp/hard\libc.a(lib_a-atexit.o)
 .ARM.attributes
                0x00000000       0x34 c:/ti/ccs920/ccs/tools/compiler/gcc-arm-none-eabi-7-2017-q4-major-win32/bin/../lib/gcc/arm-none-eabi/7.2.1/../../../../arm-none-eabi/lib/thumb/v7e-m/fpv4-sp/hard\libc.a(lib_a-atexit.o)
 .debug_frame   0x00000000       0x34 c:/ti/ccs920/ccs/tools/compiler/gcc-arm-none-eabi-7-2017-q4-major-win32/bin/../lib/gcc/arm-none-eabi/7.2.1/../../../../arm-none-eabi/lib/thumb/v7e-m/fpv4-sp/hard\libc.a(lib_a-fini.o)
 .ARM.attributes
                0x00000000       0x34 c:/ti/ccs920/ccs/tools/compiler/gcc-arm-none-eabi-7-2017-q4-major-win32/bin/../lib/gcc/arm-none-eabi/7.2.1/../../../../arm-none-eabi/lib/thumb/v7e-m/fpv4-sp/hard\libc.a(lib_a-fini.o)
 .debug_frame   0x00000000       0xb0 c:/ti/ccs920/ccs/tools/compiler/gcc-arm-none-eabi-7-2017-q4-major-win32/bin/../lib/gcc/arm-none-eabi/7.2.1/../../../../arm-none-eabi/lib/thumb/v7e-m/fpv4-sp/hard\libc.a(lib_a-lock.o)
 .ARM.attributes
                0x00000000       0x34 c:/ti/ccs920/ccs/tools/compiler/gcc-arm-none-eabi-7-2017-q4-major-win32/bin/../lib/gcc/arm-none-eabi/7.2.1/../../../../arm-none-eabi/lib/thumb/v7e-m/fpv4-sp/hard\libc.a(lib_a-lock.o)
 .debug_frame   0x00000000       0x34 c:/ti/ccs920/ccs/tools/compiler/gcc-arm-none-eabi-7-2017-q4-major-win32/bin/../lib/gcc/arm-none-eabi/7.2.1/../../../../arm-none-eabi/lib/thumb/v7e-m/fpv4-sp/hard\libc.a(lib_a-__atexit.o)
 .ARM.attributes
                0x00000000       0x34 c:/ti/ccs920/ccs/tools/compiler/gcc-arm-none-eabi-7-2017-q4-major-win32/bin/../lib/gcc/arm-none-eabi/7.2.1/../../../../arm-none-eabi/lib/thumb/v7e-m/fpv4-sp/hard\libc.a(lib_a-__atexit.o)

Memory Configuration

Name             Origin             Length             Attributes
ROM              0x00000000         0x00100000         xr
RAM              0x20000000         0x00040000         xrw
*default*        0x00000000         0xffffffff

Linker script and memory map

LOAD c:/ti/ccs920/ccs/tools/compiler/gcc-arm-none-eabi-7-2017-q4-major-win32/bin/../lib/gcc/arm-none-eabi/7.2.1/thumb/v7e-m/fpv4-sp/hard/crti.o
LOAD c:/ti/ccs920/ccs/tools/compiler/gcc-arm-none-eabi-7-2017-q4-major-win32/bin/../lib/gcc/arm-none-eabi/7.2.1/thumb/v7e-m/fpv4-sp/hard/crtbegin.o
LOAD c:/ti/ccs920/ccs/tools/compiler/gcc-arm-none-eabi-7-2017-q4-major-win32/bin/../lib/gcc/arm-none-eabi/7.2.1/../../../../arm-none-eabi/lib/thumb/v7e-m/fpv4-sp/hard/crt0.o
LOAD ./bsp.o
LOAD ./delay.o
LOAD ./main.o
LOAD ./startup_tm4c.o
                0x00000200                STACK_SIZE = 0x200
                0x00000000                HEAP_SIZE = 0x0

.isr_vector     0x00000000      0x208
 *(.isr_vector)
 .isr_vector    0x00000000      0x208 ./startup_tm4c.o
                0x00000000                g_pfnVectors
                0x00000208                . = ALIGN (0x4)

.eh_frame       0x00000208        0x4
 .eh_frame      0x00000208        0x0 c:/ti/ccs920/ccs/tools/compiler/gcc-arm-none-eabi-7-2017-q4-major-win32/bin/../lib/gcc/arm-none-eabi/7.2.1/thumb/v7e-m/fpv4-sp/hard/crtbegin.o
 .eh_frame      0x00000208        0x4 c:/ti/ccs920/ccs/tools/compiler/gcc-arm-none-eabi-7-2017-q4-major-win32/bin/../lib/gcc/arm-none-eabi/7.2.1/thumb/v7e-m/fpv4-sp/hard/crtend.o

.ARM.extab      0x0000020c        0x0
 .ARM.extab     0x0000020c        0x0 c:/ti/ccs920/ccs/tools/compiler/gcc-arm-none-eabi-7-2017-q4-major-win32/bin/../lib/gcc/arm-none-eabi/7.2.1/../../../../arm-none-eabi/lib/thumb/v7e-m/fpv4-sp/hard/crt0.o

.ARM.exidx      0x0000020c        0x8
 .ARM.exidx     0x0000020c        0x8 c:/ti/ccs920/ccs/tools/compiler/gcc-arm-none-eabi-7-2017-q4-major-win32/bin/../lib/gcc/arm-none-eabi/7.2.1/../../../../arm-none-eabi/lib/thumb/v7e-m/fpv4-sp/hard/crt0.o

.text           0x00000214      0x5cc
                0x00000214                . = ALIGN (0x4)
 *(.text)
 .text          0x00000214        0x0 c:/ti/ccs920/ccs/tools/compiler/gcc-arm-none-eabi-7-2017-q4-major-win32/bin/../lib/gcc/arm-none-eabi/7.2.1/thumb/v7e-m/fpv4-sp/hard/crti.o
 .text          0x00000214       0x40 c:/ti/ccs920/ccs/tools/compiler/gcc-arm-none-eabi-7-2017-q4-major-win32/bin/../lib/gcc/arm-none-eabi/7.2.1/thumb/v7e-m/fpv4-sp/hard/crtbegin.o
 .text          0x00000254       0x74 c:/ti/ccs920/ccs/tools/compiler/gcc-arm-none-eabi-7-2017-q4-major-win32/bin/../lib/gcc/arm-none-eabi/7.2.1/../../../../arm-none-eabi/lib/thumb/v7e-m/fpv4-sp/hard/crt0.o
                0x00000254                _start
                0x00000254                _mainCRTStartup
 .text          0x000002c8        0x0 ./bsp.o
 .text          0x000002c8        0x0 ./delay.o
 .text          0x000002c8        0x0 ./main.o
 .text          0x000002c8        0x0 ./startup_tm4c.o
 .text          0x000002c8        0x0 c:/ti/ccs920/ccs/tools/compiler/gcc-arm-none-eabi-7-2017-q4-major-win32/bin/../lib/gcc/arm-none-eabi/7.2.1/../../../../arm-none-eabi/lib/thumb/v7e-m/fpv4-sp/hard\libc.a(lib_a-exit.o)
 .text          0x000002c8        0x0 c:/ti/ccs920/ccs/tools/compiler/gcc-arm-none-eabi-7-2017-q4-major-win32/bin/../lib/gcc/arm-none-eabi/7.2.1/../../../../arm-none-eabi/lib/thumb/v7e-m/fpv4-sp/hard\libc.a(lib_a-impure.o)
 .text          0x000002c8        0x0 c:/ti/ccs920/ccs/tools/compiler/gcc-arm-none-eabi-7-2017-q4-major-win32/bin/../lib/gcc/arm-none-eabi/7.2.1/../../../../arm-none-eabi/lib/thumb/v7e-m/fpv4-sp/hard\libc.a(lib_a-init.o)
 .text          0x000002c8        0x0 c:/ti/ccs920/ccs/tools/compiler/gcc-arm-none-eabi-7-2017-q4-major-win32/bin/../lib/gcc/arm-none-eabi/7.2.1/../../../../arm-none-eabi/lib/thumb/v7e-m/fpv4-sp/hard\libc.a(lib_a-memset.o)
 .text          0x000002c8        0x0 c:/ti/ccs920/ccs/tools/compiler/gcc-arm-none-eabi-7-2017-q4-major-win32/bin/../lib/gcc/arm-none-eabi/7.2.1/../../../../arm-none-eabi/lib/thumb/v7e-m/fpv4-sp/hard\libc.a(lib_a-__call_atexit.o)
 .text          0x000002c8        0x0 c:/ti/ccs920/ccs/tools/compiler/gcc-arm-none-eabi-7-2017-q4-major-win32/bin/../lib/gcc/arm-none-eabi/7.2.1/../../../../arm-none-eabi/lib/thumb/v7e-m/fpv4-sp/hard\libc.a(lib_a-atexit.o)
 .text          0x000002c8        0x0 c:/ti/ccs920/ccs/tools/compiler/gcc-arm-none-eabi-7-2017-q4-major-win32/bin/../lib/gcc/arm-none-eabi/7.2.1/../../../../arm-none-eabi/lib/thumb/v7e-m/fpv4-sp/hard\libc.a(lib_a-fini.o)
 .text          0x000002c8        0x0 c:/ti/ccs920/ccs/tools/compiler/gcc-arm-none-eabi-7-2017-q4-major-win32/bin/../lib/gcc/arm-none-eabi/7.2.1/../../../../arm-none-eabi/lib/thumb/v7e-m/fpv4-sp/hard\libc.a(lib_a-lock.o)
 .text          0x000002c8        0x0 c:/ti/ccs920/ccs/tools/compiler/gcc-arm-none-eabi-7-2017-q4-major-win32/bin/../lib/gcc/arm-none-eabi/7.2.1/../../../../arm-none-eabi/lib/thumb/v7e-m/fpv4-sp/hard\libc.a(lib_a-__atexit.o)
 .text          0x000002c8        0x0 c:/ti/ccs920/ccs/tools/compiler/gcc-arm-none-eabi-7-2017-q4-major-win32/bin/../lib/gcc/arm-none-eabi/7.2.1/../../../../arm-none-eabi/lib/thumb/v7e-m/fpv4-sp/hard\libnosys.a(_exit.o)
 .text          0x000002c8        0x0 c:/ti/ccs920/ccs/tools/compiler/gcc-arm-none-eabi-7-2017-q4-major-win32/bin/../lib/gcc/arm-none-eabi/7.2.1/thumb/v7e-m/fpv4-sp/hard/crtend.o
 .text          0x000002c8        0x0 c:/ti/ccs920/ccs/tools/compiler/gcc-arm-none-eabi-7-2017-q4-major-win32/bin/../lib/gcc/arm-none-eabi/7.2.1/thumb/v7e-m/fpv4-sp/hard/crtn.o
 *(.text*)
 .text.assert_failed
                0x000002c8       0x24 ./bsp.o
                0x000002c8                assert_failed
 .text.SysTick_IRQHandler
                0x000002ec       0x20 ./bsp.o
                0x000002ec                SysTick_IRQHandler
 .text.delay    0x0000030c       0x16 ./delay.o
                0x0000030c                delay
 *fill*         0x00000322        0x2 
 .text.main     0x00000324       0x78 ./main.o
                0x00000324                main
 .text.NonMaskableInt_IRQHandler
                0x0000039c       0x14 ./startup_tm4c.o
                0x0000039c                NonMaskableInt_IRQHandler
 .text.MemoryManagement_IRQHandler
                0x000003b0       0x18 ./startup_tm4c.o
                0x000003b0                MemoryManagement_IRQHandler
 .text.HardFault_IRQHandler
                0x000003c8       0x18 ./startup_tm4c.o
                0x000003c8                HardFault_IRQHandler
 .text.BusFault_IRQHandler
                0x000003e0       0x18 ./startup_tm4c.o
                0x000003e0                BusFault_IRQHandler
 .text.UsageFault_IRQHandler
                0x000003f8       0x1c ./startup_tm4c.o
                0x000003f8                UsageFault_IRQHandler
 .text.Default_IRQHandler
                0x00000414       0x18 ./startup_tm4c.o
                0x00000414                GPIOP3_IRQHandler
                0x00000414                I2C0_IRQHandler
                0x00000414                GPIOQ0_IRQHandler
                0x00000414                GPIOB_IRQHandler
                0x00000414                GPIOE_IRQHandler
                0x00000414                EPI0_IRQHandler
                0x00000414                GPIOA_IRQHandler
                0x00000414                GPIOL_IRQHandler
                0x00000414                I2C1_IRQHandler
                0x00000414                UART1_IRQHandler
                0x00000414                CAN1_IRQHandler
                0x00000414                GPIOQ4_IRQHandler
                0x00000414                TIMER4B_IRQHandler
                0x00000414                TIMER3A_IRQHandler
                0x00000414                TIMER4A_IRQHandler
                0x00000414                GPIOK_IRQHandler
                0x00000414                HIB_IRQHandler
                0x00000414                WATCHDOG0_IRQHandler
                0x00000414                UART0_IRQHandler
                0x00000414                SSI0_IRQHandler
                0x00000414                PWM0_0_IRQHandler
                0x00000414                GPIOQ7_IRQHandler
                0x00000414                I2C7_IRQHandler
                0x00000414                GPIOQ2_IRQHandler
                0x00000414                GPIOP5_IRQHandler
                0x00000414                GPIOM_IRQHandler
                0x00000414                EMAC0_IRQHandler
                0x00000414                GPIOP2_IRQHandler
                0x00000414                TIMER2B_IRQHandler
                0x00000414                I2C4_IRQHandler
                0x00000414                I2C5_IRQHandler
                0x00000414                TIMER6A_IRQHandler
                0x00000414                SSI1_IRQHandler
                0x00000414                GPIOF_IRQHandler
                0x00000414                I2C2_IRQHandler
                0x00000414                GPIOQ1_IRQHandler
                0x00000414                SVCall_IRQHandler
                0x00000414                ADC1SS0_IRQHandler
                0x00000414                GPIOP7_IRQHandler
                0x00000414                TIMER0B_IRQHandler
                0x00000414                TIMER3B_IRQHandler
                0x00000414                TIMER2A_IRQHandler
                0x00000414                UART5_IRQHandler
                0x00000414                GPIOD_IRQHandler
                0x00000414                TIMER0A_IRQHandler
                0x00000414                COMP0_IRQHandler
                0x00000414                PWM0_2_IRQHandler
                0x00000414                GPIOC_IRQHandler
                0x00000414                PendSV_IRQHandler
                0x00000414                UDMA_IRQHandler
                0x00000414                UART2_IRQHandler
                0x00000414                UART4_IRQHandler
                0x00000414                GPIOP4_IRQHandler
                0x00000414                I2C6_IRQHandler
                0x00000414                COMP2_IRQHandler
                0x00000414                I2C9_IRQHandler
                0x00000414                FLASH_CTRL_IRQHandler
                0x00000414                ADC0SS3_IRQHandler
                0x00000414                QEI0_IRQHandler
                0x00000414                GPIOG_IRQHandler
                0x00000414                GPIOH_IRQHandler
                0x00000414                ADC1SS2_IRQHandler
                0x00000414                TIMER5A_IRQHandler
                0x00000414                USB0_IRQHandler
                0x00000414                I2C3_IRQHandler
                0x00000414                GPIOQ3_IRQHandler
                0x00000414                ADC0SS2_IRQHandler
                0x00000414                SYSEXC_IRQHandler
                0x00000414                UDMAERR_IRQHandler
                0x00000414                GPIOQ5_IRQHandler
                0x00000414                DebugMonitor_IRQHandler
                0x00000414                ADC1SS1_IRQHandler
                0x00000414                GPIOJ_IRQHandler
                0x00000414                ADC0SS0_IRQHandler
                0x00000414                ADC0SS1_IRQHandler
                0x00000414                CAN0_IRQHandler
                0x00000414                Default_IRQHandler
                0x00000414                TIMER6B_IRQHandler
                0x00000414                TIMER5B_IRQHandler
                0x00000414                GPIOQ6_IRQHandler
                0x00000414                GPIOP6_IRQHandler
                0x00000414                GPIOP0_IRQHandler
                0x00000414                PWM0_3_IRQHandler
                0x00000414                SYSCTL_IRQHandler
                0x00000414                PWM0_1_IRQHandler
                0x00000414                SSI2_IRQHandler
                0x00000414                UART7_IRQHandler
                0x00000414                UART6_IRQHandler
                0x00000414                PWM0_FAULT_IRQHandler
                0x00000414                TIMER7B_IRQHandler
                0x00000414                TIMER7A_IRQHandler
                0x00000414                TIMER1A_IRQHandler
                0x00000414                GPION_IRQHandler
                0x00000414                SSI3_IRQHandler
                0x00000414                UART3_IRQHandler
                0x00000414                I2C8_IRQHandler
                0x00000414                COMP1_IRQHandler
                0x00000414                TIMER1B_IRQHandler
                0x00000414                GPIOP1_IRQHandler
                0x00000414                ADC1SS3_IRQHandler
 .text.Reset_IRQHandler
                0x0000042c       0x60 ./startup_tm4c.o
                0x0000042c                Reset_IRQHandler
 .text.exit     0x0000048c       0x20 c:/ti/ccs920/ccs/tools/compiler/gcc-arm-none-eabi-7-2017-q4-major-win32/bin/../lib/gcc/arm-none-eabi/7.2.1/../../../../arm-none-eabi/lib/thumb/v7e-m/fpv4-sp/hard\libc.a(lib_a-exit.o)
                0x0000048c                exit
 .text.__libc_init_array
                0x000004ac       0x48 c:/ti/ccs920/ccs/tools/compiler/gcc-arm-none-eabi-7-2017-q4-major-win32/bin/../lib/gcc/arm-none-eabi/7.2.1/../../../../arm-none-eabi/lib/thumb/v7e-m/fpv4-sp/hard\libc.a(lib_a-init.o)
                0x000004ac                __libc_init_array
 .text.memset   0x000004f4       0x94 c:/ti/ccs920/ccs/tools/compiler/gcc-arm-none-eabi-7-2017-q4-major-win32/bin/../lib/gcc/arm-none-eabi/7.2.1/../../../../arm-none-eabi/lib/thumb/v7e-m/fpv4-sp/hard\libc.a(lib_a-memset.o)
                0x000004f4                memset
 .text.startup.register_fini
                0x00000588       0x14 c:/ti/ccs920/ccs/tools/compiler/gcc-arm-none-eabi-7-2017-q4-major-win32/bin/../lib/gcc/arm-none-eabi/7.2.1/../../../../arm-none-eabi/lib/thumb/v7e-m/fpv4-sp/hard\libc.a(lib_a-__call_atexit.o)
 .text.__call_exitprocs
                0x0000059c       0xe8 c:/ti/ccs920/ccs/tools/compiler/gcc-arm-none-eabi-7-2017-q4-major-win32/bin/../lib/gcc/arm-none-eabi/7.2.1/../../../../arm-none-eabi/lib/thumb/v7e-m/fpv4-sp/hard\libc.a(lib_a-__call_atexit.o)
                0x0000059c                __call_exitprocs
 .text.atexit   0x00000684        0xc c:/ti/ccs920/ccs/tools/compiler/gcc-arm-none-eabi-7-2017-q4-major-win32/bin/../lib/gcc/arm-none-eabi/7.2.1/../../../../arm-none-eabi/lib/thumb/v7e-m/fpv4-sp/hard\libc.a(lib_a-atexit.o)
                0x00000684                atexit
 .text.__libc_fini_array
                0x00000690       0x34 c:/ti/ccs920/ccs/tools/compiler/gcc-arm-none-eabi-7-2017-q4-major-win32/bin/../lib/gcc/arm-none-eabi/7.2.1/../../../../arm-none-eabi/lib/thumb/v7e-m/fpv4-sp/hard\libc.a(lib_a-fini.o)
                0x00000690                __libc_fini_array
 .text.__retarget_lock_init
                0x000006c4        0x4 c:/ti/ccs920/ccs/tools/compiler/gcc-arm-none-eabi-7-2017-q4-major-win32/bin/../lib/gcc/arm-none-eabi/7.2.1/../../../../arm-none-eabi/lib/thumb/v7e-m/fpv4-sp/hard\libc.a(lib_a-lock.o)
                0x000006c4                __retarget_lock_init
 .text.__retarget_lock_init_recursive
                0x000006c8        0x4 c:/ti/ccs920/ccs/tools/compiler/gcc-arm-none-eabi-7-2017-q4-major-win32/bin/../lib/gcc/arm-none-eabi/7.2.1/../../../../arm-none-eabi/lib/thumb/v7e-m/fpv4-sp/hard\libc.a(lib_a-lock.o)
                0x000006c8                __retarget_lock_init_recursive
 .text.__retarget_lock_close
                0x000006cc        0x4 c:/ti/ccs920/ccs/tools/compiler/gcc-arm-none-eabi-7-2017-q4-major-win32/bin/../lib/gcc/arm-none-eabi/7.2.1/../../../../arm-none-eabi/lib/thumb/v7e-m/fpv4-sp/hard\libc.a(lib_a-lock.o)
                0x000006cc                __retarget_lock_close
 .text.__retarget_lock_close_recursive
                0x000006d0        0x4 c:/ti/ccs920/ccs/tools/compiler/gcc-arm-none-eabi-7-2017-q4-major-win32/bin/../lib/gcc/arm-none-eabi/7.2.1/../../../../arm-none-eabi/lib/thumb/v7e-m/fpv4-sp/hard\libc.a(lib_a-lock.o)
                0x000006d0                __retarget_lock_close_recursive
 .text.__retarget_lock_acquire
                0x000006d4        0x4 c:/ti/ccs920/ccs/tools/compiler/gcc-arm-none-eabi-7-2017-q4-major-win32/bin/../lib/gcc/arm-none-eabi/7.2.1/../../../../arm-none-eabi/lib/thumb/v7e-m/fpv4-sp/hard\libc.a(lib_a-lock.o)
                0x000006d4                __retarget_lock_acquire
 .text.__retarget_lock_acquire_recursive
                0x000006d8        0x4 c:/ti/ccs920/ccs/tools/compiler/gcc-arm-none-eabi-7-2017-q4-major-win32/bin/../lib/gcc/arm-none-eabi/7.2.1/../../../../arm-none-eabi/lib/thumb/v7e-m/fpv4-sp/hard\libc.a(lib_a-lock.o)
                0x000006d8                __retarget_lock_acquire_recursive
 .text.__retarget_lock_try_acquire
                0x000006dc        0x4 c:/ti/ccs920/ccs/tools/compiler/gcc-arm-none-eabi-7-2017-q4-major-win32/bin/../lib/gcc/arm-none-eabi/7.2.1/../../../../arm-none-eabi/lib/thumb/v7e-m/fpv4-sp/hard\libc.a(lib_a-lock.o)
                0x000006dc                __retarget_lock_try_acquire
 .text.__retarget_lock_try_acquire_recursive
                0x000006e0        0x4 c:/ti/ccs920/ccs/tools/compiler/gcc-arm-none-eabi-7-2017-q4-major-win32/bin/../lib/gcc/arm-none-eabi/7.2.1/../../../../arm-none-eabi/lib/thumb/v7e-m/fpv4-sp/hard\libc.a(lib_a-lock.o)
                0x000006e0                __retarget_lock_try_acquire_recursive
 .text.__retarget_lock_release
                0x000006e4        0x4 c:/ti/ccs920/ccs/tools/compiler/gcc-arm-none-eabi-7-2017-q4-major-win32/bin/../lib/gcc/arm-none-eabi/7.2.1/../../../../arm-none-eabi/lib/thumb/v7e-m/fpv4-sp/hard\libc.a(lib_a-lock.o)
                0x000006e4                __retarget_lock_release
 .text.__retarget_lock_release_recursive
                0x000006e8        0x4 c:/ti/ccs920/ccs/tools/compiler/gcc-arm-none-eabi-7-2017-q4-major-win32/bin/../lib/gcc/arm-none-eabi/7.2.1/../../../../arm-none-eabi/lib/thumb/v7e-m/fpv4-sp/hard\libc.a(lib_a-lock.o)
                0x000006e8                __retarget_lock_release_recursive
 .text.__register_exitproc
                0x000006ec       0xc0 c:/ti/ccs920/ccs/tools/compiler/gcc-arm-none-eabi-7-2017-q4-major-win32/bin/../lib/gcc/arm-none-eabi/7.2.1/../../../../arm-none-eabi/lib/thumb/v7e-m/fpv4-sp/hard\libc.a(lib_a-__atexit.o)
                0x000006ec                __register_exitproc
 .text._exit    0x000007ac        0x4 c:/ti/ccs920/ccs/tools/compiler/gcc-arm-none-eabi-7-2017-q4-major-win32/bin/../lib/gcc/arm-none-eabi/7.2.1/../../../../arm-none-eabi/lib/thumb/v7e-m/fpv4-sp/hard\libnosys.a(_exit.o)
                0x000007ac                _exit
 *(.rodata)
 *(.rodata*)
 .rodata.Reset_IRQHandler.str1.4
                0x000007b0       0x14 ./startup_tm4c.o
                                 0x11 (size before relaxing)
 .rodata._global_impure_ptr
                0x000007c4        0x4 c:/ti/ccs920/ccs/tools/compiler/gcc-arm-none-eabi-7-2017-q4-major-win32/bin/../lib/gcc/arm-none-eabi/7.2.1/../../../../arm-none-eabi/lib/thumb/v7e-m/fpv4-sp/hard\libc.a(lib_a-impure.o)
                0x000007c4                _global_impure_ptr
 *(.init)
 .init          0x000007c8        0x4 c:/ti/ccs920/ccs/tools/compiler/gcc-arm-none-eabi-7-2017-q4-major-win32/bin/../lib/gcc/arm-none-eabi/7.2.1/thumb/v7e-m/fpv4-sp/hard/crti.o
                0x000007c8                _init
 .init          0x000007cc        0x8 c:/ti/ccs920/ccs/tools/compiler/gcc-arm-none-eabi-7-2017-q4-major-win32/bin/../lib/gcc/arm-none-eabi/7.2.1/thumb/v7e-m/fpv4-sp/hard/crtn.o
 *(.fini)
 .fini          0x000007d4        0x4 c:/ti/ccs920/ccs/tools/compiler/gcc-arm-none-eabi-7-2017-q4-major-win32/bin/../lib/gcc/arm-none-eabi/7.2.1/thumb/v7e-m/fpv4-sp/hard/crti.o
                0x000007d4                _fini
 .fini          0x000007d8        0x8 c:/ti/ccs920/ccs/tools/compiler/gcc-arm-none-eabi-7-2017-q4-major-win32/bin/../lib/gcc/arm-none-eabi/7.2.1/thumb/v7e-m/fpv4-sp/hard/crtn.o
                0x000007e0                . = ALIGN (0x4)

.glue_7         0x000007e0        0x0
 .glue_7        0x000007e0        0x0 linker stubs

.glue_7t        0x000007e0        0x0
 .glue_7t       0x000007e0        0x0 linker stubs

.vfp11_veneer   0x000007e0        0x0
 .vfp11_veneer  0x000007e0        0x0 linker stubs

.v4_bx          0x000007e0        0x0
 .v4_bx         0x000007e0        0x0 linker stubs

.iplt           0x000007e0        0x0
 .iplt          0x000007e0        0x0 c:/ti/ccs920/ccs/tools/compiler/gcc-arm-none-eabi-7-2017-q4-major-win32/bin/../lib/gcc/arm-none-eabi/7.2.1/thumb/v7e-m/fpv4-sp/hard/crtbegin.o

.rel.dyn        0x000007e0        0x0
 .rel.iplt      0x000007e0        0x0 c:/ti/ccs920/ccs/tools/compiler/gcc-arm-none-eabi-7-2017-q4-major-win32/bin/../lib/gcc/arm-none-eabi/7.2.1/thumb/v7e-m/fpv4-sp/hard/crtbegin.o

.preinit_array  0x000007e0        0x0
                0x000007e0                PROVIDE (__preinit_array_start, .)
 *(.preinit_array*)
                0x000007e0                PROVIDE (__preinit_array_end, .)

.init_array     0x000007e0        0x8
                0x000007e0                PROVIDE (__init_array_start, .)
 *(SORT_BY_NAME(.init_array.*))
 .init_array.00000
                0x000007e0        0x4 c:/ti/ccs920/ccs/tools/compiler/gcc-arm-none-eabi-7-2017-q4-major-win32/bin/../lib/gcc/arm-none-eabi/7.2.1/../../../../arm-none-eabi/lib/thumb/v7e-m/fpv4-sp/hard\libc.a(lib_a-__call_atexit.o)
 *(.init_array*)
 .init_array    0x000007e4        0x4 c:/ti/ccs920/ccs/tools/compiler/gcc-arm-none-eabi-7-2017-q4-major-win32/bin/../lib/gcc/arm-none-eabi/7.2.1/thumb/v7e-m/fpv4-sp/hard/crtbegin.o
                0x000007e8                PROVIDE (__init_array_end, .)

.fini_array     0x000007e8        0x4
                0x000007e8                PROVIDE (__fini_array_start, .)
 *(.fini_array*)
 .fini_array    0x000007e8        0x4 c:/ti/ccs920/ccs/tools/compiler/gcc-arm-none-eabi-7-2017-q4-major-win32/bin/../lib/gcc/arm-none-eabi/7.2.1/thumb/v7e-m/fpv4-sp/hard/crtbegin.o
 *(SORT_BY_NAME(.fini_array.*))
                0x000007ec                PROVIDE (__fini_array_end, .)
                0x000007ec                _etext = .

.stack          0x20000000      0x200
                0x20000000                __stack_start__ = .
                0x20000200                . = (. + STACK_SIZE)
 *fill*         0x20000000      0x200 
                0x20000200                . = ALIGN (0x4)
                0x20000200                __stack_end__ = .

.data           0x20000200      0x434 load address 0x000007ec
                0x000007ec                __data_load = LOADADDR (.data)
                0x20000200                __data_start = .
 *(.data)
 .data          0x20000200        0x0 c:/ti/ccs920/ccs/tools/compiler/gcc-arm-none-eabi-7-2017-q4-major-win32/bin/../lib/gcc/arm-none-eabi/7.2.1/thumb/v7e-m/fpv4-sp/hard/crti.o
 .data          0x20000200        0x4 c:/ti/ccs920/ccs/tools/compiler/gcc-arm-none-eabi-7-2017-q4-major-win32/bin/../lib/gcc/arm-none-eabi/7.2.1/thumb/v7e-m/fpv4-sp/hard/crtbegin.o
                0x20000200                __dso_handle
 .data          0x20000204        0x0 c:/ti/ccs920/ccs/tools/compiler/gcc-arm-none-eabi-7-2017-q4-major-win32/bin/../lib/gcc/arm-none-eabi/7.2.1/../../../../arm-none-eabi/lib/thumb/v7e-m/fpv4-sp/hard/crt0.o
 .data          0x20000204        0x0 ./bsp.o
 .data          0x20000204        0x0 ./delay.o
 .data          0x20000204        0x0 ./main.o
 .data          0x20000204        0x0 ./startup_tm4c.o
 .data          0x20000204        0x0 c:/ti/ccs920/ccs/tools/compiler/gcc-arm-none-eabi-7-2017-q4-major-win32/bin/../lib/gcc/arm-none-eabi/7.2.1/../../../../arm-none-eabi/lib/thumb/v7e-m/fpv4-sp/hard\libc.a(lib_a-exit.o)
 .data          0x20000204        0x0 c:/ti/ccs920/ccs/tools/compiler/gcc-arm-none-eabi-7-2017-q4-major-win32/bin/../lib/gcc/arm-none-eabi/7.2.1/../../../../arm-none-eabi/lib/thumb/v7e-m/fpv4-sp/hard\libc.a(lib_a-impure.o)
 .data          0x20000204        0x0 c:/ti/ccs920/ccs/tools/compiler/gcc-arm-none-eabi-7-2017-q4-major-win32/bin/../lib/gcc/arm-none-eabi/7.2.1/../../../../arm-none-eabi/lib/thumb/v7e-m/fpv4-sp/hard\libc.a(lib_a-init.o)
 .data          0x20000204        0x0 c:/ti/ccs920/ccs/tools/compiler/gcc-arm-none-eabi-7-2017-q4-major-win32/bin/../lib/gcc/arm-none-eabi/7.2.1/../../../../arm-none-eabi/lib/thumb/v7e-m/fpv4-sp/hard\libc.a(lib_a-memset.o)
 .data          0x20000204        0x0 c:/ti/ccs920/ccs/tools/compiler/gcc-arm-none-eabi-7-2017-q4-major-win32/bin/../lib/gcc/arm-none-eabi/7.2.1/../../../../arm-none-eabi/lib/thumb/v7e-m/fpv4-sp/hard\libc.a(lib_a-__call_atexit.o)
 .data          0x20000204        0x0 c:/ti/ccs920/ccs/tools/compiler/gcc-arm-none-eabi-7-2017-q4-major-win32/bin/../lib/gcc/arm-none-eabi/7.2.1/../../../../arm-none-eabi/lib/thumb/v7e-m/fpv4-sp/hard\libc.a(lib_a-atexit.o)
 .data          0x20000204        0x0 c:/ti/ccs920/ccs/tools/compiler/gcc-arm-none-eabi-7-2017-q4-major-win32/bin/../lib/gcc/arm-none-eabi/7.2.1/../../../../arm-none-eabi/lib/thumb/v7e-m/fpv4-sp/hard\libc.a(lib_a-fini.o)
 .data          0x20000204        0x0 c:/ti/ccs920/ccs/tools/compiler/gcc-arm-none-eabi-7-2017-q4-major-win32/bin/../lib/gcc/arm-none-eabi/7.2.1/../../../../arm-none-eabi/lib/thumb/v7e-m/fpv4-sp/hard\libc.a(lib_a-lock.o)
 .data          0x20000204        0x0 c:/ti/ccs920/ccs/tools/compiler/gcc-arm-none-eabi-7-2017-q4-major-win32/bin/../lib/gcc/arm-none-eabi/7.2.1/../../../../arm-none-eabi/lib/thumb/v7e-m/fpv4-sp/hard\libc.a(lib_a-__atexit.o)
 .data          0x20000204        0x0 c:/ti/ccs920/ccs/tools/compiler/gcc-arm-none-eabi-7-2017-q4-major-win32/bin/../lib/gcc/arm-none-eabi/7.2.1/../../../../arm-none-eabi/lib/thumb/v7e-m/fpv4-sp/hard\libnosys.a(_exit.o)
 .data          0x20000204        0x0 c:/ti/ccs920/ccs/tools/compiler/gcc-arm-none-eabi-7-2017-q4-major-win32/bin/../lib/gcc/arm-none-eabi/7.2.1/thumb/v7e-m/fpv4-sp/hard/crtend.o
 .data          0x20000204        0x0 c:/ti/ccs920/ccs/tools/compiler/gcc-arm-none-eabi-7-2017-q4-major-win32/bin/../lib/gcc/arm-none-eabi/7.2.1/thumb/v7e-m/fpv4-sp/hard/crtn.o
 *(.data*)
 .data._impure_ptr
                0x20000204        0x4 c:/ti/ccs920/ccs/tools/compiler/gcc-arm-none-eabi-7-2017-q4-major-win32/bin/../lib/gcc/arm-none-eabi/7.2.1/../../../../arm-none-eabi/lib/thumb/v7e-m/fpv4-sp/hard\libc.a(lib_a-impure.o)
                0x20000204                _impure_ptr
 .data.impure_data
                0x20000208      0x428 c:/ti/ccs920/ccs/tools/compiler/gcc-arm-none-eabi-7-2017-q4-major-win32/bin/../lib/gcc/arm-none-eabi/7.2.1/../../../../arm-none-eabi/lib/thumb/v7e-m/fpv4-sp/hard\libc.a(lib_a-impure.o)
 .data.__atexit_recursive_mutex
                0x20000630        0x4 c:/ti/ccs920/ccs/tools/compiler/gcc-arm-none-eabi-7-2017-q4-major-win32/bin/../lib/gcc/arm-none-eabi/7.2.1/../../../../arm-none-eabi/lib/thumb/v7e-m/fpv4-sp/hard\libc.a(lib_a-__call_atexit.o)
                0x20000630                __atexit_recursive_mutex
                0x20000634                . = ALIGN (0x4)
                0x20000634                __data_end__ = .
                0x20000634                _edata = __data_end__

.igot.plt       0x20000634        0x0 load address 0x00000c20
 .igot.plt      0x20000634        0x0 c:/ti/ccs920/ccs/tools/compiler/gcc-arm-none-eabi-7-2017-q4-major-win32/bin/../lib/gcc/arm-none-eabi/7.2.1/thumb/v7e-m/fpv4-sp/hard/crtbegin.o

.bss            0x20000634       0x40 load address 0x00000c20
                0x20000634                __bss_start__ = .
 *(.bss)
 .bss           0x20000634        0x0 c:/ti/ccs920/ccs/tools/compiler/gcc-arm-none-eabi-7-2017-q4-major-win32/bin/../lib/gcc/arm-none-eabi/7.2.1/thumb/v7e-m/fpv4-sp/hard/crti.o
 .bss           0x20000634       0x1c c:/ti/ccs920/ccs/tools/compiler/gcc-arm-none-eabi-7-2017-q4-major-win32/bin/../lib/gcc/arm-none-eabi/7.2.1/thumb/v7e-m/fpv4-sp/hard/crtbegin.o
 .bss           0x20000650        0x0 c:/ti/ccs920/ccs/tools/compiler/gcc-arm-none-eabi-7-2017-q4-major-win32/bin/../lib/gcc/arm-none-eabi/7.2.1/../../../../arm-none-eabi/lib/thumb/v7e-m/fpv4-sp/hard/crt0.o
 .bss           0x20000650        0x0 ./bsp.o
 .bss           0x20000650        0x0 ./delay.o
 .bss           0x20000650        0x0 ./main.o
 .bss           0x20000650        0x0 ./startup_tm4c.o
 .bss           0x20000650        0x0 c:/ti/ccs920/ccs/tools/compiler/gcc-arm-none-eabi-7-2017-q4-major-win32/bin/../lib/gcc/arm-none-eabi/7.2.1/../../../../arm-none-eabi/lib/thumb/v7e-m/fpv4-sp/hard\libc.a(lib_a-exit.o)
 .bss           0x20000650        0x0 c:/ti/ccs920/ccs/tools/compiler/gcc-arm-none-eabi-7-2017-q4-major-win32/bin/../lib/gcc/arm-none-eabi/7.2.1/../../../../arm-none-eabi/lib/thumb/v7e-m/fpv4-sp/hard\libc.a(lib_a-impure.o)
 .bss           0x20000650        0x0 c:/ti/ccs920/ccs/tools/compiler/gcc-arm-none-eabi-7-2017-q4-major-win32/bin/../lib/gcc/arm-none-eabi/7.2.1/../../../../arm-none-eabi/lib/thumb/v7e-m/fpv4-sp/hard\libc.a(lib_a-init.o)
 .bss           0x20000650        0x0 c:/ti/ccs920/ccs/tools/compiler/gcc-arm-none-eabi-7-2017-q4-major-win32/bin/../lib/gcc/arm-none-eabi/7.2.1/../../../../arm-none-eabi/lib/thumb/v7e-m/fpv4-sp/hard\libc.a(lib_a-memset.o)
 .bss           0x20000650        0x0 c:/ti/ccs920/ccs/tools/compiler/gcc-arm-none-eabi-7-2017-q4-major-win32/bin/../lib/gcc/arm-none-eabi/7.2.1/../../../../arm-none-eabi/lib/thumb/v7e-m/fpv4-sp/hard\libc.a(lib_a-__call_atexit.o)
 .bss           0x20000650        0x0 c:/ti/ccs920/ccs/tools/compiler/gcc-arm-none-eabi-7-2017-q4-major-win32/bin/../lib/gcc/arm-none-eabi/7.2.1/../../../../arm-none-eabi/lib/thumb/v7e-m/fpv4-sp/hard\libc.a(lib_a-atexit.o)
 .bss           0x20000650        0x0 c:/ti/ccs920/ccs/tools/compiler/gcc-arm-none-eabi-7-2017-q4-major-win32/bin/../lib/gcc/arm-none-eabi/7.2.1/../../../../arm-none-eabi/lib/thumb/v7e-m/fpv4-sp/hard\libc.a(lib_a-fini.o)
 .bss           0x20000650        0x0 c:/ti/ccs920/ccs/tools/compiler/gcc-arm-none-eabi-7-2017-q4-major-win32/bin/../lib/gcc/arm-none-eabi/7.2.1/../../../../arm-none-eabi/lib/thumb/v7e-m/fpv4-sp/hard\libc.a(lib_a-lock.o)
 .bss           0x20000650        0x0 c:/ti/ccs920/ccs/tools/compiler/gcc-arm-none-eabi-7-2017-q4-major-win32/bin/../lib/gcc/arm-none-eabi/7.2.1/../../../../arm-none-eabi/lib/thumb/v7e-m/fpv4-sp/hard\libc.a(lib_a-__atexit.o)
 .bss           0x20000650        0x0 c:/ti/ccs920/ccs/tools/compiler/gcc-arm-none-eabi-7-2017-q4-major-win32/bin/../lib/gcc/arm-none-eabi/7.2.1/../../../../arm-none-eabi/lib/thumb/v7e-m/fpv4-sp/hard\libnosys.a(_exit.o)
 .bss           0x20000650        0x0 c:/ti/ccs920/ccs/tools/compiler/gcc-arm-none-eabi-7-2017-q4-major-win32/bin/../lib/gcc/arm-none-eabi/7.2.1/thumb/v7e-m/fpv4-sp/hard/crtend.o
 .bss           0x20000650        0x0 c:/ti/ccs920/ccs/tools/compiler/gcc-arm-none-eabi-7-2017-q4-major-win32/bin/../lib/gcc/arm-none-eabi/7.2.1/thumb/v7e-m/fpv4-sp/hard/crtn.o
 *(.bss*)
 *(COMMON)
 COMMON         0x20000650       0x21 c:/ti/ccs920/ccs/tools/compiler/gcc-arm-none-eabi-7-2017-q4-major-win32/bin/../lib/gcc/arm-none-eabi/7.2.1/../../../../arm-none-eabi/lib/thumb/v7e-m/fpv4-sp/hard\libc.a(lib_a-lock.o)
                0x20000650                __lock___atexit_recursive_mutex
                0x20000654                __lock___arc4random_mutex
                0x20000658                __lock___env_recursive_mutex
                0x2000065c                __lock___sinit_recursive_mutex
                0x20000660                __lock___malloc_recursive_mutex
                0x20000664                __lock___at_quick_exit_mutex
                0x20000668                __lock___dd_hash_mutex
                0x2000066c                __lock___tz_mutex
                0x20000670                __lock___sfp_recursive_mutex
                0x20000674                . = ALIGN (0x4)
 *fill*         0x20000671        0x3 
                0x20000674                _ebss = .
                0x20000674                __bss_end__ = .
                [!provide]                PROVIDE (end, _ebss)
                [!provide]                PROVIDE (_end, _ebss)
                [!provide]                PROVIDE (__end__, _ebss)

.heap           0x20000674        0x0
                0x20000674                __heap_start__ = .
                0x20000674                . = (. + HEAP_SIZE)
                0x20000674                . = ALIGN (0x4)
                0x20000674                __heap_end__ = .

/DISCARD/
 libc.a(*)
 libm.a(*)
 libgcc.a(*)
START GROUP
LOAD c:/ti/ccs920/ccs/tools/compiler/gcc-arm-none-eabi-7-2017-q4-major-win32/bin/../lib/gcc/arm-none-eabi/7.2.1/thumb/v7e-m/fpv4-sp/hard\libgcc.a
LOAD c:/ti/ccs920/ccs/tools/compiler/gcc-arm-none-eabi-7-2017-q4-major-win32/bin/../lib/gcc/arm-none-eabi/7.2.1/../../../../arm-none-eabi/lib/thumb/v7e-m/fpv4-sp/hard\libg.a
LOAD c:/ti/ccs920/ccs/tools/compiler/gcc-arm-none-eabi-7-2017-q4-major-win32/bin/../lib/gcc/arm-none-eabi/7.2.1/../../../../arm-none-eabi/lib/thumb/v7e-m/fpv4-sp/hard\libc.a
END GROUP
START GROUP
LOAD c:/ti/ccs920/ccs/tools/compiler/gcc-arm-none-eabi-7-2017-q4-major-win32/bin/../lib/gcc/arm-none-eabi/7.2.1/thumb/v7e-m/fpv4-sp/hard\libgcc.a
LOAD c:/ti/ccs920/ccs/tools/compiler/gcc-arm-none-eabi-7-2017-q4-major-win32/bin/../lib/gcc/arm-none-eabi/7.2.1/../../../../arm-none-eabi/lib/thumb/v7e-m/fpv4-sp/hard\libc.a
LOAD c:/ti/ccs920/ccs/tools/compiler/gcc-arm-none-eabi-7-2017-q4-major-win32/bin/../lib/gcc/arm-none-eabi/7.2.1/../../../../arm-none-eabi/lib/thumb/v7e-m/fpv4-sp/hard\libnosys.a
END GROUP
LOAD c:/ti/ccs920/ccs/tools/compiler/gcc-arm-none-eabi-7-2017-q4-major-win32/bin/../lib/gcc/arm-none-eabi/7.2.1/thumb/v7e-m/fpv4-sp/hard/crtend.o
LOAD c:/ti/ccs920/ccs/tools/compiler/gcc-arm-none-eabi-7-2017-q4-major-win32/bin/../lib/gcc/arm-none-eabi/7.2.1/thumb/v7e-m/fpv4-sp/hard/crtn.o
OUTPUT(lesson.out elf32-littlearm)

.ARM.attributes
                0x00000000       0x30
 .ARM.attributes
                0x00000000       0x22 c:/ti/ccs920/ccs/tools/compiler/gcc-arm-none-eabi-7-2017-q4-major-win32/bin/../lib/gcc/arm-none-eabi/7.2.1/thumb/v7e-m/fpv4-sp/hard/crti.o
 .ARM.attributes
                0x00000022       0x34 c:/ti/ccs920/ccs/tools/compiler/gcc-arm-none-eabi-7-2017-q4-major-win32/bin/../lib/gcc/arm-none-eabi/7.2.1/thumb/v7e-m/fpv4-sp/hard/crtbegin.o
 .ARM.attributes
                0x00000056       0x20 c:/ti/ccs920/ccs/tools/compiler/gcc-arm-none-eabi-7-2017-q4-major-win32/bin/../lib/gcc/arm-none-eabi/7.2.1/../../../../arm-none-eabi/lib/thumb/v7e-m/fpv4-sp/hard/crt0.o
 .ARM.attributes
                0x00000076       0x39 ./bsp.o
 .ARM.attributes
                0x000000af       0x39 ./delay.o
 .ARM.attributes
                0x000000e8       0x39 ./main.o
 .ARM.attributes
                0x00000121       0x39 ./startup_tm4c.o
 .ARM.attributes
                0x0000015a       0x34 c:/ti/ccs920/ccs/tools/compiler/gcc-arm-none-eabi-7-2017-q4-major-win32/bin/../lib/gcc/arm-none-eabi/7.2.1/../../../../arm-none-eabi/lib/thumb/v7e-m/fpv4-sp/hard\libnosys.a(_exit.o)
 .ARM.attributes
                0x0000018e       0x34 c:/ti/ccs920/ccs/tools/compiler/gcc-arm-none-eabi-7-2017-q4-major-win32/bin/../lib/gcc/arm-none-eabi/7.2.1/thumb/v7e-m/fpv4-sp/hard/crtend.o
 .ARM.attributes
                0x000001c2       0x22 c:/ti/ccs920/ccs/tools/compiler/gcc-arm-none-eabi-7-2017-q4-major-win32/bin/../lib/gcc/arm-none-eabi/7.2.1/thumb/v7e-m/fpv4-sp/hard/crtn.o

.comment        0x00000000       0x7e
 .comment       0x00000000       0x7e ./bsp.o
                                 0x7f (size before relaxing)
 .comment       0x0000007e       0x7f ./delay.o
 .comment       0x0000007e       0x7f ./main.o
 .comment       0x0000007e       0x7f ./startup_tm4c.o

.debug_info     0x00000000     0x195e
 .debug_info    0x00000000      0x54f ./bsp.o
 .debug_info    0x0000054f       0x57 ./delay.o
 .debug_info    0x000005a6     0x120d ./main.o
 .debug_info    0x000017b3      0x1ab ./startup_tm4c.o

.debug_abbrev   0x00000000      0x3a9
 .debug_abbrev  0x00000000      0x165 ./bsp.o
 .debug_abbrev  0x00000165       0x4c ./delay.o
 .debug_abbrev  0x000001b1      0x11a ./main.o
 .debug_abbrev  0x000002cb       0xde ./startup_tm4c.o

.debug_loc      0x00000000       0x5a
 .debug_loc     0x00000000       0x13 ./bsp.o
 .debug_loc     0x00000013       0x47 ./startup_tm4c.o

.debug_aranges  0x00000000       0xb8
 .debug_aranges
                0x00000000       0x28 ./bsp.o
 .debug_aranges
                0x00000028       0x20 ./delay.o
 .debug_aranges
                0x00000048       0x20 ./main.o
 .debug_aranges
                0x00000068       0x50 ./startup_tm4c.o

.debug_ranges   0x00000000       0x78
 .debug_ranges  0x00000000       0x18 ./bsp.o
 .debug_ranges  0x00000018       0x10 ./delay.o
 .debug_ranges  0x00000028       0x10 ./main.o
 .debug_ranges  0x00000038       0x40 ./startup_tm4c.o

.debug_line     0x00000000      0x48b
 .debug_line    0x00000000      0x1d0 ./bsp.o
 .debug_line    0x000001d0       0x3c ./delay.o
 .debug_line    0x0000020c      0x1bb ./main.o
 .debug_line    0x000003c7       0xc4 ./startup_tm4c.o

.debug_str      0x00000000      0xbb1
 .debug_str     0x00000000      0x2d1 ./bsp.o
                                0x328 (size before relaxing)
 .debug_str     0x000002d1       0x16 ./delay.o
                                0x13b (size before relaxing)
 .debug_str     0x000002e7      0x78f ./main.o
                                0xa09 (size before relaxing)
 .debug_str     0x00000a76      0x13b ./startup_tm4c.o
                                0x272 (size before relaxing)

.debug_frame    0x00000000      0x128
 .debug_frame   0x00000000       0x30 ./bsp.o
 .debug_frame   0x00000030       0x28 ./delay.o
 .debug_frame   0x00000058       0x28 ./main.o
 .debug_frame   0x00000080       0x88 ./startup_tm4c.o
 .debug_frame   0x00000108       0x20 c:/ti/ccs920/ccs/tools/compiler/gcc-arm-none-eabi-7-2017-q4-major-win32/bin/../lib/gcc/arm-none-eabi/7.2.1/../../../../arm-none-eabi/lib/thumb/v7e-m/fpv4-sp/hard\libnosys.a(_exit.o)
