Component: ARM Compiler 6.13.1 Tool: armlink [5d895400]

==============================================================================

Section Cross References

    bsp.o(.text.SysTick_IRQHandler) refers to bsp.o(.bss.l_tickCtr) for l_tickCtr
    bsp.o(.ARM.exidx.text.SysTick_IRQHandler) refers to bsp.o(.text.SysTick_IRQHandler) for [Anonymous Symbol]
    bsp.o(.text.BSP_init) refers to system_tm4c129.o(.text.SystemCoreClockUpdate) for SystemCoreClockUpdate
    bsp.o(.text.BSP_init) refers to system_tm4c129.o(.data.SystemCoreClock) for SystemCoreClock
    bsp.o(.text.BSP_init) refers to bsp.o(.text.SysTick_Config) for SysTick_Config
    bsp.o(.ARM.exidx.text.BSP_init) refers to bsp.o(.text.BSP_init) for [Anonymous Symbol]
    bsp.o(.text.SysTick_Config) refers to bsp.o(.text.__NVIC_SetPriority) for __NVIC_SetPriority
    bsp.o(.ARM.exidx.text.SysTick_Config) refers to bsp.o(.text.SysTick_Config) for [Anonymous Symbol]
    bsp.o(.text.BSP_tickCtr) refers to bsp.o(.bss.l_tickCtr) for l_tickCtr
    bsp.o(.ARM.exidx.text.BSP_tickCtr) refers to bsp.o(.text.BSP_tickCtr) for [Anonymous Symbol]
    bsp.o(.text.BSP_delay) refers to bsp.o(.text.BSP_tickCtr) for BSP_tickCtr
    bsp.o(.ARM.exidx.text.BSP_delay) refers to bsp.o(.text.BSP_delay) for [Anonymous Symbol]
    bsp.o(.ARM.exidx.text.BSP_ledRedOn) refers to bsp.o(.text.BSP_ledRedOn) for [Anonymous Symbol]
    bsp.o(.ARM.exidx.text.BSP_ledRedOff) refers to bsp.o(.text.BSP_ledRedOff) for [Anonymous Symbol]
    bsp.o(.ARM.exidx.text.BSP_ledBlueOn) refers to bsp.o(.text.BSP_ledBlueOn) for [Anonymous Symbol]
    bsp.o(.ARM.exidx.text.BSP_ledBlueOff) refers to bsp.o(.text.BSP_ledBlueOff) for [Anonymous Symbol]
    bsp.o(.ARM.exidx.text.__NVIC_SetPriority) refers to bsp.o(.text.__NVIC_SetPriority) for [Anonymous Symbol]
    main.o(.text.main) refers to bsp.o(.text.BSP_init) for BSP_init
    main.o(.text.main) refers to main.o(.bss.main.st) for main.st
    main.o(.text.main) refers to bsp.o(.text.BSP_tickCtr) for BSP_tickCtr
    main.o(.text.main) refers to main.o(.bss.main.start) for main.start
    main.o(.text.main) refers to bsp.o(.text.BSP_ledRedOn) for BSP_ledRedOn
    main.o(.text.main) refers to bsp.o(.text.BSP_ledBlueOff) for BSP_ledBlueOff
    main.o(.text.main) refers to bsp.o(.text.BSP_ledRedOff) for BSP_ledRedOff
    main.o(.text.main) refers to bsp.o(.text.BSP_ledBlueOn) for BSP_ledBlueOn
    main.o(.ARM.exidx.text.main) refers to main.o(.text.main) for [Anonymous Symbol]
    system_tm4c129.o(.text.SystemCoreClockUpdate) refers to system_tm4c129.o(.data.SystemCoreClock) for SystemCoreClock
    system_tm4c129.o(.text.SystemCoreClockUpdate) refers to system_tm4c129.o(.text.getOscClk) for getOscClk
    system_tm4c129.o(.ARM.exidx.text.SystemCoreClockUpdate) refers to system_tm4c129.o(.text.SystemCoreClockUpdate) for [Anonymous Symbol]
    system_tm4c129.o(.ARM.exidx.text.getOscClk) refers to system_tm4c129.o(.text.getOscClk) for [Anonymous Symbol]
    system_tm4c129.o(.ARM.exidx.text.SystemInit) refers to system_tm4c129.o(.text.SystemInit) for [Anonymous Symbol]
    system_tm4c129.o(.text.Q_onAssert) refers to system_tm4c129.o(.text.__NVIC_SystemReset) for __NVIC_SystemReset
    system_tm4c129.o(.ARM.exidx.text.Q_onAssert) refers to system_tm4c129.o(.text.Q_onAssert) for [Anonymous Symbol]
    system_tm4c129.o(.ARM.exidx.text.__NVIC_SystemReset) refers to system_tm4c129.o(.text.__NVIC_SystemReset) for [Anonymous Symbol]
    startup_tm4c129.o(STACK) refers (Special) to heapauxi.o(.text) for __use_two_region_memory
    startup_tm4c129.o(HEAP) refers (Special) to heapauxi.o(.text) for __use_two_region_memory
    startup_tm4c129.o(RESET) refers (Special) to heapauxi.o(.text) for __use_two_region_memory
    startup_tm4c129.o(RESET) refers to startup_tm4c129.o(STACK) for __initial_sp
    startup_tm4c129.o(RESET) refers to startup_tm4c129.o(.text) for Reset_Handler
    startup_tm4c129.o(RESET) refers to bsp.o(.text.SysTick_IRQHandler) for SysTick_IRQHandler
    startup_tm4c129.o(.text) refers (Special) to heapauxi.o(.text) for __use_two_region_memory
    startup_tm4c129.o(.text) refers to system_tm4c129.o(.text.SystemInit) for SystemInit
    startup_tm4c129.o(.text) refers to main.o(.text.main) for main
    startup_tm4c129.o(.text) refers to bsp.o(.text.SysTick_IRQHandler) for SysTick_IRQHandler
    startup_tm4c129.o(.text) refers to startup_tm4c129.o(HEAP) for __heap_base
    startup_tm4c129.o(.text) refers to startup_tm4c129.o(STACK) for __stack_limit
    startup_tm4c129.o(.text) refers to system_tm4c129.o(.text.Q_onAssert) for Q_onAssert
    __main.o(!!!main) refers to __rtentry.o(.ARM.Collect$$rtentry$$00000000) for __rt_entry
    __rtentry.o(.ARM.Collect$$rtentry$$00000000) refers (Special) to __rtentry2.o(.ARM.Collect$$rtentry$$0000000A) for __rt_entry_li
    __rtentry.o(.ARM.Collect$$rtentry$$00000000) refers (Special) to __rtentry2.o(.ARM.Collect$$rtentry$$0000000D) for __rt_entry_main
    __rtentry.o(.ARM.Collect$$rtentry$$00000000) refers (Special) to __rtentry2.o(.ARM.Collect$$rtentry$$0000000C) for __rt_entry_postli_1
    __rtentry.o(.ARM.Collect$$rtentry$$00000000) refers (Special) to __rtentry2.o(.ARM.Collect$$rtentry$$00000009) for __rt_entry_postsh_1
    __rtentry.o(.ARM.Collect$$rtentry$$00000000) refers (Special) to __rtentry2.o(.ARM.Collect$$rtentry$$00000002) for __rt_entry_presh_1
    __rtentry.o(.ARM.Collect$$rtentry$$00000000) refers (Special) to __rtentry4.o(.ARM.Collect$$rtentry$$00000004) for __rt_entry_sh
    __rtentry2.o(.ARM.Collect$$rtentry$$00000008) refers to boardinit2.o(.text) for _platform_post_stackheap_init
    __rtentry2.o(.ARM.Collect$$rtentry$$0000000A) refers to libinit.o(.ARM.Collect$$libinit$$00000000) for __rt_lib_init
    __rtentry2.o(.ARM.Collect$$rtentry$$0000000B) refers to boardinit3.o(.text) for _platform_post_lib_init
    __rtentry2.o(.ARM.Collect$$rtentry$$0000000D) refers to main.o(.text.main) for main
    __rtentry2.o(.ARM.Collect$$rtentry$$0000000D) refers to exit.o(.text) for exit
    __rtentry2.o(.ARM.exidx) refers to __rtentry2.o(.ARM.Collect$$rtentry$$00000001) for .ARM.Collect$$rtentry$$00000001
    __rtentry2.o(.ARM.exidx) refers to __rtentry2.o(.ARM.Collect$$rtentry$$00000008) for .ARM.Collect$$rtentry$$00000008
    __rtentry2.o(.ARM.exidx) refers to __rtentry2.o(.ARM.Collect$$rtentry$$0000000A) for .ARM.Collect$$rtentry$$0000000A
    __rtentry2.o(.ARM.exidx) refers to __rtentry2.o(.ARM.Collect$$rtentry$$0000000B) for .ARM.Collect$$rtentry$$0000000B
    __rtentry2.o(.ARM.exidx) refers to __rtentry2.o(.ARM.Collect$$rtentry$$0000000D) for .ARM.Collect$$rtentry$$0000000D
    __rtentry4.o(.ARM.Collect$$rtentry$$00000004) refers to sys_stackheap_outer.o(.text) for __user_setup_stackheap
    __rtentry4.o(.ARM.exidx) refers to __rtentry4.o(.ARM.Collect$$rtentry$$00000004) for .ARM.Collect$$rtentry$$00000004
    sys_stackheap_outer.o(.text) refers to libspace.o(.text) for __user_perproc_libspace
    sys_stackheap_outer.o(.text) refers to startup_tm4c129.o(.text) for __user_initial_stackheap
    exit.o(.text) refers to rtexit.o(.ARM.Collect$$rtexit$$00000000) for __rt_exit
    libinit.o(.ARM.Collect$$libinit$$00000000) refers (Special) to libinit2.o(.ARM.Collect$$libinit$$0000002E) for __rt_lib_init_alloca_1
    libinit.o(.ARM.Collect$$libinit$$00000000) refers (Special) to libinit2.o(.ARM.Collect$$libinit$$00000027) for __rt_lib_init_argv_1
    libinit.o(.ARM.Collect$$libinit$$00000000) refers (Special) to libinit2.o(.ARM.Collect$$libinit$$0000001B) for __rt_lib_init_atexit_1
    libinit.o(.ARM.Collect$$libinit$$00000000) refers (Special) to libinit2.o(.ARM.Collect$$libinit$$00000021) for __rt_lib_init_clock_1
    libinit.o(.ARM.Collect$$libinit$$00000000) refers (Special) to libinit2.o(.ARM.Collect$$libinit$$00000032) for __rt_lib_init_cpp_1
    libinit.o(.ARM.Collect$$libinit$$00000000) refers (Special) to libinit2.o(.ARM.Collect$$libinit$$00000030) for __rt_lib_init_exceptions_1
    libinit.o(.ARM.Collect$$libinit$$00000000) refers (Special) to libinit2.o(.ARM.Collect$$libinit$$00000001) for __rt_lib_init_fp_1
    libinit.o(.ARM.Collect$$libinit$$00000000) refers (Special) to libinit2.o(.ARM.Collect$$libinit$$0000001F) for __rt_lib_init_fp_trap_1
    libinit.o(.ARM.Collect$$libinit$$00000000) refers (Special) to libinit2.o(.ARM.Collect$$libinit$$00000023) for __rt_lib_init_getenv_1
    libinit.o(.ARM.Collect$$libinit$$00000000) refers (Special) to libinit2.o(.ARM.Collect$$libinit$$0000000A) for __rt_lib_init_heap_1
    libinit.o(.ARM.Collect$$libinit$$00000000) refers (Special) to libinit2.o(.ARM.Collect$$libinit$$00000011) for __rt_lib_init_lc_collate_1
    libinit.o(.ARM.Collect$$libinit$$00000000) refers (Special) to libinit2.o(.ARM.Collect$$libinit$$00000013) for __rt_lib_init_lc_ctype_1
    libinit.o(.ARM.Collect$$libinit$$00000000) refers (Special) to libinit2.o(.ARM.Collect$$libinit$$00000015) for __rt_lib_init_lc_monetary_1
    libinit.o(.ARM.Collect$$libinit$$00000000) refers (Special) to libinit2.o(.ARM.Collect$$libinit$$00000017) for __rt_lib_init_lc_numeric_1
    libinit.o(.ARM.Collect$$libinit$$00000000) refers (Special) to libinit2.o(.ARM.Collect$$libinit$$00000019) for __rt_lib_init_lc_time_1
    libinit.o(.ARM.Collect$$libinit$$00000000) refers (Special) to libinit2.o(.ARM.Collect$$libinit$$00000004) for __rt_lib_init_preinit_1
    libinit.o(.ARM.Collect$$libinit$$00000000) refers (Special) to libinit2.o(.ARM.Collect$$libinit$$0000000E) for __rt_lib_init_rand_1
    libinit.o(.ARM.Collect$$libinit$$00000000) refers (Special) to libinit2.o(.ARM.Collect$$libinit$$00000033) for __rt_lib_init_return
    libinit.o(.ARM.Collect$$libinit$$00000000) refers (Special) to libinit2.o(.ARM.Collect$$libinit$$0000001D) for __rt_lib_init_signal_1
    libinit.o(.ARM.Collect$$libinit$$00000000) refers (Special) to libinit2.o(.ARM.Collect$$libinit$$00000025) for __rt_lib_init_stdio_1
    libinit.o(.ARM.Collect$$libinit$$00000000) refers (Special) to libinit2.o(.ARM.Collect$$libinit$$0000000C) for __rt_lib_init_user_alloc_1
    libspace.o(.text) refers to libspace.o(.bss) for __libspace_start
    rtexit.o(.ARM.Collect$$rtexit$$00000000) refers (Special) to rtexit2.o(.ARM.Collect$$rtexit$$00000004) for __rt_exit_exit
    rtexit.o(.ARM.Collect$$rtexit$$00000000) refers (Special) to rtexit2.o(.ARM.Collect$$rtexit$$00000003) for __rt_exit_ls
    rtexit.o(.ARM.Collect$$rtexit$$00000000) refers (Special) to rtexit2.o(.ARM.Collect$$rtexit$$00000002) for __rt_exit_prels_1
    rtexit.o(.ARM.exidx) refers (Special) to rtexit2.o(.ARM.Collect$$rtexit$$00000004) for __rt_exit_exit
    rtexit.o(.ARM.exidx) refers (Special) to rtexit2.o(.ARM.Collect$$rtexit$$00000003) for __rt_exit_ls
    rtexit.o(.ARM.exidx) refers (Special) to rtexit2.o(.ARM.Collect$$rtexit$$00000002) for __rt_exit_prels_1
    rtexit.o(.ARM.exidx) refers to rtexit.o(.ARM.Collect$$rtexit$$00000000) for .ARM.Collect$$rtexit$$00000000
    libinit2.o(.ARM.Collect$$libinit$$00000001) refers to fpinit.o(x$fpl$fpinit) for _fp_init
    libinit2.o(.ARM.Collect$$libinit$$00000010) refers to libinit2.o(.ARM.Collect$$libinit$$0000000F) for .ARM.Collect$$libinit$$0000000F
    libinit2.o(.ARM.Collect$$libinit$$00000012) refers to libinit2.o(.ARM.Collect$$libinit$$0000000F) for .ARM.Collect$$libinit$$0000000F
    libinit2.o(.ARM.Collect$$libinit$$00000014) refers to libinit2.o(.ARM.Collect$$libinit$$0000000F) for .ARM.Collect$$libinit$$0000000F
    libinit2.o(.ARM.Collect$$libinit$$00000016) refers to libinit2.o(.ARM.Collect$$libinit$$0000000F) for .ARM.Collect$$libinit$$0000000F
    libinit2.o(.ARM.Collect$$libinit$$00000018) refers to libinit2.o(.ARM.Collect$$libinit$$0000000F) for .ARM.Collect$$libinit$$0000000F
    libinit2.o(.ARM.Collect$$libinit$$00000026) refers to argv_veneer.o(.emb_text) for __ARM_argv_veneer
    libinit2.o(.ARM.Collect$$libinit$$00000027) refers to argv_veneer.o(.emb_text) for __ARM_argv_veneer
    rtexit2.o(.ARM.Collect$$rtexit$$00000003) refers to libshutdown.o(.ARM.Collect$$libshutdown$$00000000) for __rt_lib_shutdown
    rtexit2.o(.ARM.Collect$$rtexit$$00000004) refers to sys_exit.o(.text) for _sys_exit
    rtexit2.o(.ARM.exidx) refers to rtexit2.o(.ARM.Collect$$rtexit$$00000001) for .ARM.Collect$$rtexit$$00000001
    rtexit2.o(.ARM.exidx) refers to rtexit2.o(.ARM.Collect$$rtexit$$00000003) for .ARM.Collect$$rtexit$$00000003
    rtexit2.o(.ARM.exidx) refers to rtexit2.o(.ARM.Collect$$rtexit$$00000004) for .ARM.Collect$$rtexit$$00000004
    argv_veneer.o(.emb_text) refers to _get_argv_nomalloc.o(.text) for __ARM_get_argv
    sys_exit.o(.text) refers (Special) to use_no_semi.o(.text) for __I$use$semihosting
    sys_exit.o(.text) refers (Special) to indicate_semi.o(.text) for __semihosting_library_function
    sys_exit_hlt.o(.text) refers (Special) to use_no_semi.o(.text) for __I$use$semihosting
    sys_exit_hlt.o(.text) refers (Special) to indicate_semi.o(.text) for __semihosting_library_function
    _get_argv_nomalloc.o(.text) refers (Special) to hrguard.o(.text) for __heap_region$guard
    _get_argv_nomalloc.o(.text) refers to defsig_rtmem_outer.o(.text) for __rt_SIGRTMEM
    _get_argv_nomalloc.o(.text) refers to sys_command.o(.text) for _sys_command_string
    libshutdown.o(.ARM.Collect$$libshutdown$$00000000) refers (Special) to libshutdown2.o(.ARM.Collect$$libshutdown$$00000002) for __rt_lib_shutdown_cpp_1
    libshutdown.o(.ARM.Collect$$libshutdown$$00000000) refers (Special) to libshutdown2.o(.ARM.Collect$$libshutdown$$00000007) for __rt_lib_shutdown_fp_trap_1
    libshutdown.o(.ARM.Collect$$libshutdown$$00000000) refers (Special) to libshutdown2.o(.ARM.Collect$$libshutdown$$0000000F) for __rt_lib_shutdown_heap_1
    libshutdown.o(.ARM.Collect$$libshutdown$$00000000) refers (Special) to libshutdown2.o(.ARM.Collect$$libshutdown$$00000010) for __rt_lib_shutdown_return
    libshutdown.o(.ARM.Collect$$libshutdown$$00000000) refers (Special) to libshutdown2.o(.ARM.Collect$$libshutdown$$0000000A) for __rt_lib_shutdown_signal_1
    libshutdown.o(.ARM.Collect$$libshutdown$$00000000) refers (Special) to libshutdown2.o(.ARM.Collect$$libshutdown$$00000004) for __rt_lib_shutdown_stdio_1
    libshutdown.o(.ARM.Collect$$libshutdown$$00000000) refers (Special) to libshutdown2.o(.ARM.Collect$$libshutdown$$0000000C) for __rt_lib_shutdown_user_alloc_1
    sys_command.o(.text) refers (Special) to use_no_semi.o(.text) for __I$use$semihosting
    sys_command.o(.text) refers (Special) to indicate_semi.o(.text) for __semihosting_library_function
    sys_command_hlt.o(.text) refers (Special) to use_no_semi.o(.text) for __I$use$semihosting
    sys_command_hlt.o(.text) refers (Special) to indicate_semi.o(.text) for __semihosting_library_function
    defsig_rtmem_outer.o(.text) refers to defsig_rtmem_inner.o(.text) for __rt_SIGRTMEM_inner
    defsig_rtmem_outer.o(.text) refers to defsig_exit.o(.text) for __sig_exit
    defsig_rtmem_formal.o(.text) refers to rt_raise.o(.text) for __rt_raise
    rt_raise.o(.text) refers to __raise.o(.text) for __raise
    rt_raise.o(.text) refers to sys_exit.o(.text) for _sys_exit
    defsig_exit.o(.text) refers to sys_exit.o(.text) for _sys_exit
    defsig_rtmem_inner.o(.text) refers to defsig_general.o(.text) for __default_signal_display
    __raise.o(.text) refers to defsig.o(CL$$defsig) for __default_signal_handler
    defsig_general.o(.text) refers to sys_wrch.o(.text) for _ttywrch
    sys_wrch.o(.text) refers (Special) to use_no_semi.o(.text) for __I$use$semihosting
    sys_wrch.o(.text) refers (Special) to indicate_semi.o(.text) for __semihosting_library_function
    sys_wrch_hlt.o(.text) refers (Special) to use_no_semi.o(.text) for __I$use$semihosting
    sys_wrch_hlt.o(.text) refers (Special) to indicate_semi.o(.text) for __semihosting_library_function
    defsig.o(CL$$defsig) refers to defsig_rtmem_inner.o(.text) for __rt_SIGRTMEM_inner
    defsig_abrt_inner.o(.text) refers to defsig_general.o(.text) for __default_signal_display
    defsig_fpe_inner.o(.text) refers to defsig_general.o(.text) for __default_signal_display
    defsig_rtred_inner.o(.text) refers to defsig_general.o(.text) for __default_signal_display
    defsig_stak_inner.o(.text) refers to defsig_general.o(.text) for __default_signal_display
    defsig_pvfn_inner.o(.text) refers to defsig_general.o(.text) for __default_signal_display
    defsig_cppl_inner.o(.text) refers to defsig_general.o(.text) for __default_signal_display
    defsig_segv_inner.o(.text) refers to defsig_general.o(.text) for __default_signal_display
    defsig_other.o(.text) refers to defsig_general.o(.text) for __default_signal_display


==============================================================================

Removing Unused input sections from the image.

    Removing bsp.o(.text), (0 bytes).
    Removing bsp.o(.ARM.exidx.text.SysTick_IRQHandler), (8 bytes).
    Removing bsp.o(.ARM.exidx.text.BSP_init), (8 bytes).
    Removing bsp.o(.ARM.exidx.text.SysTick_Config), (8 bytes).
    Removing bsp.o(.ARM.exidx.text.BSP_tickCtr), (8 bytes).
    Removing bsp.o(.text.BSP_delay), (36 bytes).
    Removing bsp.o(.ARM.exidx.text.BSP_delay), (8 bytes).
    Removing bsp.o(.ARM.exidx.text.BSP_ledRedOn), (8 bytes).
    Removing bsp.o(.ARM.exidx.text.BSP_ledRedOff), (8 bytes).
    Removing bsp.o(.ARM.exidx.text.BSP_ledBlueOn), (8 bytes).
    Removing bsp.o(.ARM.exidx.text.BSP_ledBlueOff), (8 bytes).
    Removing bsp.o(.ARM.exidx.text.__NVIC_SetPriority), (8 bytes).
    Removing main.o(.text), (0 bytes).
    Removing main.o(.ARM.exidx.text.main), (8 bytes).
    Removing system_tm4c129.o(.text), (0 bytes).
    Removing system_tm4c129.o(.ARM.exidx.text.SystemCoreClockUpdate), (8 bytes).
    Removing system_tm4c129.o(.ARM.exidx.text.getOscClk), (8 bytes).
    Removing system_tm4c129.o(.ARM.exidx.text.SystemInit), (8 bytes).
    Removing system_tm4c129.o(.ARM.exidx.text.Q_onAssert), (8 bytes).
    Removing system_tm4c129.o(.ARM.exidx.text.__NVIC_SystemReset), (8 bytes).

20 unused section(s) (total 164 bytes) removed from the image.

==============================================================================

Image Symbol Table

    Local Symbols

    Symbol Name                              Value     Ov Type        Size  Object(Section)

    ../clib/angel/boardlib.s                 0x00000000   Number         0  boardinit1.o ABSOLUTE
    ../clib/angel/boardlib.s                 0x00000000   Number         0  boardinit2.o ABSOLUTE
    ../clib/angel/boardlib.s                 0x00000000   Number         0  boardinit3.o ABSOLUTE
    ../clib/angel/boardlib.s                 0x00000000   Number         0  boardshut.o ABSOLUTE
    ../clib/angel/handlers.s                 0x00000000   Number         0  __scatter_copy.o ABSOLUTE
    ../clib/angel/handlers.s                 0x00000000   Number         0  __scatter_zi.o ABSOLUTE
    ../clib/angel/kernel.s                   0x00000000   Number         0  __rtentry.o ABSOLUTE
    ../clib/angel/kernel.s                   0x00000000   Number         0  __rtentry2.o ABSOLUTE
    ../clib/angel/kernel.s                   0x00000000   Number         0  __rtentry4.o ABSOLUTE
    ../clib/angel/kernel.s                   0x00000000   Number         0  rtexit.o ABSOLUTE
    ../clib/angel/kernel.s                   0x00000000   Number         0  rtexit2.o ABSOLUTE
    ../clib/angel/rt.s                       0x00000000   Number         0  rt_raise.o ABSOLUTE
    ../clib/angel/scatter.s                  0x00000000   Number         0  __scatter.o ABSOLUTE
    ../clib/angel/startup.s                  0x00000000   Number         0  __main.o ABSOLUTE
    ../clib/angel/sys.s                      0x00000000   Number         0  sys_stackheap_outer.o ABSOLUTE
    ../clib/angel/sys.s                      0x00000000   Number         0  libspace.o ABSOLUTE
    ../clib/angel/sys.s                      0x00000000   Number         0  use_no_semi.o ABSOLUTE
    ../clib/angel/sys.s                      0x00000000   Number         0  indicate_semi.o ABSOLUTE
    ../clib/angel/sysapp.c                   0x00000000   Number         0  sys_exit.o ABSOLUTE
    ../clib/angel/sysapp.c                   0x00000000   Number         0  sys_exit_hlt.o ABSOLUTE
    ../clib/angel/sysapp.c                   0x00000000   Number         0  sys_command.o ABSOLUTE
    ../clib/angel/sysapp.c                   0x00000000   Number         0  sys_command_hlt.o ABSOLUTE
    ../clib/angel/sysapp.c                   0x00000000   Number         0  sys_wrch.o ABSOLUTE
    ../clib/angel/sysapp.c                   0x00000000   Number         0  sys_wrch_hlt.o ABSOLUTE
    ../clib/armsys.c                         0x00000000   Number         0  argv_veneer.o ABSOLUTE
    ../clib/armsys.c                         0x00000000   Number         0  argv_veneer.o ABSOLUTE
    ../clib/armsys.c                         0x00000000   Number         0  _get_argv_nomalloc.o ABSOLUTE
    ../clib/armsys.c                         0x00000000   Number         0  no_argv.o ABSOLUTE
    ../clib/heapalloc.c                      0x00000000   Number         0  hrguard.o ABSOLUTE
    ../clib/heapaux.c                        0x00000000   Number         0  heapauxi.o ABSOLUTE
    ../clib/libinit.s                        0x00000000   Number         0  libinit.o ABSOLUTE
    ../clib/libinit.s                        0x00000000   Number         0  libinit2.o ABSOLUTE
    ../clib/libinit.s                        0x00000000   Number         0  libshutdown.o ABSOLUTE
    ../clib/libinit.s                        0x00000000   Number         0  libshutdown2.o ABSOLUTE
    ../clib/signal.c                         0x00000000   Number         0  defsig_rtmem_outer.o ABSOLUTE
    ../clib/signal.c                         0x00000000   Number         0  defsig_rtmem_formal.o ABSOLUTE
    ../clib/signal.c                         0x00000000   Number         0  defsig_exit.o ABSOLUTE
    ../clib/signal.c                         0x00000000   Number         0  defsig_rtmem_inner.o ABSOLUTE
    ../clib/signal.c                         0x00000000   Number         0  __raise.o ABSOLUTE
    ../clib/signal.c                         0x00000000   Number         0  defsig_general.o ABSOLUTE
    ../clib/signal.c                         0x00000000   Number         0  defsig_abrt_inner.o ABSOLUTE
    ../clib/signal.c                         0x00000000   Number         0  defsig_fpe_inner.o ABSOLUTE
    ../clib/signal.c                         0x00000000   Number         0  defsig_rtred_inner.o ABSOLUTE
    ../clib/signal.c                         0x00000000   Number         0  defsig_stak_inner.o ABSOLUTE
    ../clib/signal.c                         0x00000000   Number         0  defsig_pvfn_inner.o ABSOLUTE
    ../clib/signal.c                         0x00000000   Number         0  defsig_cppl_inner.o ABSOLUTE
    ../clib/signal.c                         0x00000000   Number         0  defsig_segv_inner.o ABSOLUTE
    ../clib/signal.c                         0x00000000   Number         0  defsig_other.o ABSOLUTE
    ../clib/signal.s                         0x00000000   Number         0  defsig.o ABSOLUTE
    ../clib/stdlib.c                         0x00000000   Number         0  exit.o ABSOLUTE
    ../fplib/fpinit.s                        0x00000000   Number         0  fpinit.o ABSOLUTE
    ..\KEIL_lib\TM4C1294NCPDT_sys\startup_TM4C129.s 0x00000000   Number         0  startup_tm4c129.o ABSOLUTE
    bsp.c                                    0x00000000   Number         0  bsp.o ABSOLUTE
    dc.s                                     0x00000000   Number         0  dc.o ABSOLUTE
    main.c                                   0x00000000   Number         0  main.o ABSOLUTE
    system_tm4c129.c                         0x00000000   Number         0  system_tm4c129.o ABSOLUTE
    RESET                                    0x00000000   Section      520  startup_tm4c129.o(RESET)
    !!!main                                  0x00000208   Section        8  __main.o(!!!main)
    !!!scatter                               0x00000210   Section       52  __scatter.o(!!!scatter)
    !!handler_copy                           0x00000244   Section       26  __scatter_copy.o(!!handler_copy)
    !!handler_zi                             0x00000260   Section       28  __scatter_zi.o(!!handler_zi)
    .ARM.Collect$$libinit$$00000000          0x0000027c   Section        2  libinit.o(.ARM.Collect$$libinit$$00000000)
    .ARM.Collect$$libinit$$00000001          0x0000027e   Section        4  libinit2.o(.ARM.Collect$$libinit$$00000001)
    .ARM.Collect$$libinit$$00000004          0x00000282   Section        0  libinit2.o(.ARM.Collect$$libinit$$00000004)
    .ARM.Collect$$libinit$$0000000A          0x00000282   Section        0  libinit2.o(.ARM.Collect$$libinit$$0000000A)
    .ARM.Collect$$libinit$$0000000C          0x00000282   Section        0  libinit2.o(.ARM.Collect$$libinit$$0000000C)
    .ARM.Collect$$libinit$$0000000E          0x00000282   Section        0  libinit2.o(.ARM.Collect$$libinit$$0000000E)
    .ARM.Collect$$libinit$$00000011          0x00000282   Section        0  libinit2.o(.ARM.Collect$$libinit$$00000011)
    .ARM.Collect$$libinit$$00000013          0x00000282   Section        0  libinit2.o(.ARM.Collect$$libinit$$00000013)
    .ARM.Collect$$libinit$$00000015          0x00000282   Section        0  libinit2.o(.ARM.Collect$$libinit$$00000015)
    .ARM.Collect$$libinit$$00000017          0x00000282   Section        0  libinit2.o(.ARM.Collect$$libinit$$00000017)
    .ARM.Collect$$libinit$$00000019          0x00000282   Section        0  libinit2.o(.ARM.Collect$$libinit$$00000019)
    .ARM.Collect$$libinit$$0000001B          0x00000282   Section        0  libinit2.o(.ARM.Collect$$libinit$$0000001B)
    .ARM.Collect$$libinit$$0000001D          0x00000282   Section        0  libinit2.o(.ARM.Collect$$libinit$$0000001D)
    .ARM.Collect$$libinit$$0000001F          0x00000282   Section        0  libinit2.o(.ARM.Collect$$libinit$$0000001F)
    .ARM.Collect$$libinit$$00000021          0x00000282   Section        0  libinit2.o(.ARM.Collect$$libinit$$00000021)
    .ARM.Collect$$libinit$$00000023          0x00000282   Section        0  libinit2.o(.ARM.Collect$$libinit$$00000023)
    .ARM.Collect$$libinit$$00000025          0x00000282   Section        0  libinit2.o(.ARM.Collect$$libinit$$00000025)
    .ARM.Collect$$libinit$$00000027          0x00000282   Section        8  libinit2.o(.ARM.Collect$$libinit$$00000027)
    .ARM.Collect$$libinit$$0000002E          0x0000028a   Section        0  libinit2.o(.ARM.Collect$$libinit$$0000002E)
    .ARM.Collect$$libinit$$00000030          0x0000028a   Section        0  libinit2.o(.ARM.Collect$$libinit$$00000030)
    .ARM.Collect$$libinit$$00000032          0x0000028a   Section        0  libinit2.o(.ARM.Collect$$libinit$$00000032)
    .ARM.Collect$$libinit$$00000033          0x0000028a   Section        2  libinit2.o(.ARM.Collect$$libinit$$00000033)
    .ARM.Collect$$libshutdown$$00000000      0x0000028c   Section        2  libshutdown.o(.ARM.Collect$$libshutdown$$00000000)
    .ARM.Collect$$libshutdown$$00000002      0x0000028e   Section        0  libshutdown2.o(.ARM.Collect$$libshutdown$$00000002)
    .ARM.Collect$$libshutdown$$00000004      0x0000028e   Section        0  libshutdown2.o(.ARM.Collect$$libshutdown$$00000004)
    .ARM.Collect$$libshutdown$$00000007      0x0000028e   Section        0  libshutdown2.o(.ARM.Collect$$libshutdown$$00000007)
    .ARM.Collect$$libshutdown$$0000000A      0x0000028e   Section        0  libshutdown2.o(.ARM.Collect$$libshutdown$$0000000A)
    .ARM.Collect$$libshutdown$$0000000C      0x0000028e   Section        0  libshutdown2.o(.ARM.Collect$$libshutdown$$0000000C)
    .ARM.Collect$$libshutdown$$0000000F      0x0000028e   Section        0  libshutdown2.o(.ARM.Collect$$libshutdown$$0000000F)
    .ARM.Collect$$libshutdown$$00000010      0x0000028e   Section        2  libshutdown2.o(.ARM.Collect$$libshutdown$$00000010)
    .ARM.Collect$$rtentry$$00000000          0x00000290   Section        0  __rtentry.o(.ARM.Collect$$rtentry$$00000000)
    .ARM.Collect$$rtentry$$00000002          0x00000290   Section        0  __rtentry2.o(.ARM.Collect$$rtentry$$00000002)
    .ARM.Collect$$rtentry$$00000004          0x00000290   Section        6  __rtentry4.o(.ARM.Collect$$rtentry$$00000004)
    .ARM.Collect$$rtentry$$00000009          0x00000296   Section        0  __rtentry2.o(.ARM.Collect$$rtentry$$00000009)
    .ARM.Collect$$rtentry$$0000000A          0x00000296   Section        4  __rtentry2.o(.ARM.Collect$$rtentry$$0000000A)
    .ARM.Collect$$rtentry$$0000000C          0x0000029a   Section        0  __rtentry2.o(.ARM.Collect$$rtentry$$0000000C)
    .ARM.Collect$$rtentry$$0000000D          0x0000029a   Section        8  __rtentry2.o(.ARM.Collect$$rtentry$$0000000D)
    .ARM.Collect$$rtexit$$00000000           0x000002a2   Section        2  rtexit.o(.ARM.Collect$$rtexit$$00000000)
    .ARM.Collect$$rtexit$$00000002           0x000002a4   Section        0  rtexit2.o(.ARM.Collect$$rtexit$$00000002)
    .ARM.Collect$$rtexit$$00000003           0x000002a4   Section        4  rtexit2.o(.ARM.Collect$$rtexit$$00000003)
    .ARM.Collect$$rtexit$$00000004           0x000002a8   Section        6  rtexit2.o(.ARM.Collect$$rtexit$$00000004)
    .emb_text                                0x000002b0   Section        4  argv_veneer.o(.emb_text)
    $v0                                      0x000002b4   Number         0  startup_tm4c129.o(.text)
    .text                                    0x000002b4   Section      136  startup_tm4c129.o(.text)
    HIMCONSUMERIR_IRQHandler                 0x000002fb   Thumb Code     0  startup_tm4c129.o(.text)
    .text                                    0x0000033c   Section        0  heapauxi.o(.text)
    .text                                    0x00000342   Section       74  sys_stackheap_outer.o(.text)
    .text                                    0x0000038c   Section        0  exit.o(.text)
    .text                                    0x000003a0   Section        8  libspace.o(.text)
    .text                                    0x000003a8   Section        0  sys_exit.o(.text)
    .text                                    0x000003b4   Section        0  _get_argv_nomalloc.o(.text)
    .text                                    0x000004e2   Section        0  sys_command.o(.text)
    .text                                    0x000004fa   Section        2  use_no_semi.o(.text)
    .text                                    0x000004fc   Section        0  indicate_semi.o(.text)
    .text                                    0x000004fc   Section        0  hrguard.o(.text)
    .text                                    0x00000500   Section        0  defsig_rtmem_outer.o(.text)
    .text                                    0x0000050e   Section        0  defsig_exit.o(.text)
    .text                                    0x00000518   Section        0  defsig_rtmem_inner.o(.text)
    .text                                    0x00000568   Section        0  defsig_general.o(.text)
    .text                                    0x0000059a   Section        0  sys_wrch.o(.text)
    [Anonymous Symbol]                       0x000005a8   Section        0  bsp.o(.text.BSP_init)
    [Anonymous Symbol]                       0x00000608   Section        0  bsp.o(.text.BSP_ledBlueOff)
    [Anonymous Symbol]                       0x0000061c   Section        0  bsp.o(.text.BSP_ledBlueOn)
    [Anonymous Symbol]                       0x00000630   Section        0  bsp.o(.text.BSP_ledRedOff)
    [Anonymous Symbol]                       0x00000644   Section        0  bsp.o(.text.BSP_ledRedOn)
    [Anonymous Symbol]                       0x00000658   Section        0  bsp.o(.text.BSP_tickCtr)
    [Anonymous Symbol]                       0x00000678   Section        0  system_tm4c129.o(.text.Q_onAssert)
    SysTick_Config                           0x00000685   Thumb Code    84  bsp.o(.text.SysTick_Config)
    [Anonymous Symbol]                       0x00000684   Section        0  bsp.o(.text.SysTick_Config)
    [Anonymous Symbol]                       0x000006d8   Section        0  bsp.o(.text.SysTick_IRQHandler)
    [Anonymous Symbol]                       0x000006e8   Section        0  system_tm4c129.o(.text.SystemCoreClockUpdate)
    [Anonymous Symbol]                       0x000008bc   Section        0  system_tm4c129.o(.text.SystemInit)
    __NVIC_SetPriority                       0x00000975   Thumb Code    68  bsp.o(.text.__NVIC_SetPriority)
    [Anonymous Symbol]                       0x00000974   Section        0  bsp.o(.text.__NVIC_SetPriority)
    __NVIC_SystemReset                       0x000009b9   Thumb Code    38  system_tm4c129.o(.text.__NVIC_SystemReset)
    [Anonymous Symbol]                       0x000009b8   Section        0  system_tm4c129.o(.text.__NVIC_SystemReset)
    getOscClk                                0x000009e1   Thumb Code   360  system_tm4c129.o(.text.getOscClk)
    [Anonymous Symbol]                       0x000009e0   Section        0  system_tm4c129.o(.text.getOscClk)
    [Anonymous Symbol]                       0x00000b48   Section        0  main.o(.text.main)
    $v0                                      0x00000c12   Number         0  fpinit.o(x$fpl$fpinit)
    x$fpl$fpinit                             0x00000c12   Section       26  fpinit.o(x$fpl$fpinit)
    .bss                                     0x20000008   Section       96  libspace.o(.bss)
    l_tickCtr                                0x20000068   Data           4  bsp.o(.bss.l_tickCtr)
    [Anonymous Symbol]                       0x20000068   Section        0  bsp.o(.bss.l_tickCtr)
    main.st                                  0x2000006c   Data           1  main.o(.bss.main.st)
    [Anonymous Symbol]                       0x2000006c   Section        0  main.o(.bss.main.st)
    main.start                               0x20000070   Data           4  main.o(.bss.main.start)
    [Anonymous Symbol]                       0x20000070   Section        0  main.o(.bss.main.start)
    __heap_base                              0x20000078   Data           0  startup_tm4c129.o(HEAP)
    HEAP                                     0x20000078   Section       16  startup_tm4c129.o(HEAP)
    __heap_limit                             0x20000088   Data           0  startup_tm4c129.o(HEAP)
    __stack_base                             0x20000088   Data           0  startup_tm4c129.o(STACK)
    STACK                                    0x20000088   Section     1024  startup_tm4c129.o(STACK)
    __initial_sp                             0x20000488   Data           0  startup_tm4c129.o(STACK)
    __stack_limit                            0x20000488   Data           0  startup_tm4c129.o(STACK)

    Global Symbols

    Symbol Name                              Value     Ov Type        Size  Object(Section)

    BuildAttributes$$THM_ISAv4$E$P$D$K$B$S$7EM$VFPi3$EXTD16$VFPS$VFMA$PE$A:L22UL41UL21$X:L11$S22US41US21$IEEE1$IW$~IW$USESV6$~STKCKD$USESV7$~SHL$OSPACE$ROPI$EBA8$UX$STANDARDLIB$REQ8$PRES8$EABIv2 0x00000000   Number         0  anon$$obj.o ABSOLUTE
    __Vectors                                0x00000000   Data           4  startup_tm4c129.o(RESET)
    __ARM_exceptions_init                     - Undefined Weak Reference
    __alloca_initialize                       - Undefined Weak Reference
    __arm_preinit_                            - Undefined Weak Reference
    __cpp_initialize__aeabi_                  - Undefined Weak Reference
    __cxa_finalize                            - Undefined Weak Reference
    __rt_locale                               - Undefined Weak Reference
    __sigvec_lookup                           - Undefined Weak Reference
    _atexit_init                              - Undefined Weak Reference
    _call_atexit_fns                          - Undefined Weak Reference
    _clock_init                               - Undefined Weak Reference
    _fp_trap_init                             - Undefined Weak Reference
    _fp_trap_shutdown                         - Undefined Weak Reference
    _get_lc_collate                           - Undefined Weak Reference
    _get_lc_ctype                             - Undefined Weak Reference
    _get_lc_monetary                          - Undefined Weak Reference
    _get_lc_numeric                           - Undefined Weak Reference
    _get_lc_time                              - Undefined Weak Reference
    _getenv_init                              - Undefined Weak Reference
    _handle_redirection                       - Undefined Weak Reference
    _init_alloc                               - Undefined Weak Reference
    _init_user_alloc                          - Undefined Weak Reference
    _initio                                   - Undefined Weak Reference
    _rand_init                                - Undefined Weak Reference
    _signal_finish                            - Undefined Weak Reference
    _signal_init                              - Undefined Weak Reference
    _terminate_alloc                          - Undefined Weak Reference
    _terminate_user_alloc                     - Undefined Weak Reference
    _terminateio                              - Undefined Weak Reference
    __Vectors_End                            0x00000208   Data           0  startup_tm4c129.o(RESET)
    __Vectors_Size                           0x00000208   Number         0  startup_tm4c129.o ABSOLUTE
    __main                                   0x00000209   Thumb Code     8  __main.o(!!!main)
    __scatterload                            0x00000211   Thumb Code     0  __scatter.o(!!!scatter)
    __scatterload_rt2                        0x00000211   Thumb Code    44  __scatter.o(!!!scatter)
    __scatterload_rt2_thumb_only             0x00000211   Thumb Code     0  __scatter.o(!!!scatter)
    __scatterload_null                       0x0000021f   Thumb Code     0  __scatter.o(!!!scatter)
    __scatterload_copy                       0x00000245   Thumb Code    26  __scatter_copy.o(!!handler_copy)
    __scatterload_zeroinit                   0x00000261   Thumb Code    28  __scatter_zi.o(!!handler_zi)
    __rt_lib_init                            0x0000027d   Thumb Code     0  libinit.o(.ARM.Collect$$libinit$$00000000)
    __rt_lib_init_fp_1                       0x0000027f   Thumb Code     0  libinit2.o(.ARM.Collect$$libinit$$00000001)
    __rt_lib_init_argv_1                     0x00000283   Thumb Code     0  libinit2.o(.ARM.Collect$$libinit$$00000027)
    __rt_lib_init_atexit_1                   0x00000283   Thumb Code     0  libinit2.o(.ARM.Collect$$libinit$$0000001B)
    __rt_lib_init_clock_1                    0x00000283   Thumb Code     0  libinit2.o(.ARM.Collect$$libinit$$00000021)
    __rt_lib_init_fp_trap_1                  0x00000283   Thumb Code     0  libinit2.o(.ARM.Collect$$libinit$$0000001F)
    __rt_lib_init_getenv_1                   0x00000283   Thumb Code     0  libinit2.o(.ARM.Collect$$libinit$$00000023)
    __rt_lib_init_heap_1                     0x00000283   Thumb Code     0  libinit2.o(.ARM.Collect$$libinit$$0000000A)
    __rt_lib_init_heapregion_libspace_used   0x00000283   Thumb Code     0  libinit2.o(.ARM.Collect$$libinit$$00000027)
    __rt_lib_init_lc_collate_1               0x00000283   Thumb Code     0  libinit2.o(.ARM.Collect$$libinit$$00000011)
    __rt_lib_init_lc_ctype_1                 0x00000283   Thumb Code     0  libinit2.o(.ARM.Collect$$libinit$$00000013)
    __rt_lib_init_lc_monetary_1              0x00000283   Thumb Code     0  libinit2.o(.ARM.Collect$$libinit$$00000015)
    __rt_lib_init_lc_numeric_1               0x00000283   Thumb Code     0  libinit2.o(.ARM.Collect$$libinit$$00000017)
    __rt_lib_init_lc_time_1                  0x00000283   Thumb Code     0  libinit2.o(.ARM.Collect$$libinit$$00000019)
    __rt_lib_init_preinit_1                  0x00000283   Thumb Code     0  libinit2.o(.ARM.Collect$$libinit$$00000004)
    __rt_lib_init_rand_1                     0x00000283   Thumb Code     0  libinit2.o(.ARM.Collect$$libinit$$0000000E)
    __rt_lib_init_signal_1                   0x00000283   Thumb Code     0  libinit2.o(.ARM.Collect$$libinit$$0000001D)
    __rt_lib_init_stdio_1                    0x00000283   Thumb Code     0  libinit2.o(.ARM.Collect$$libinit$$00000025)
    __rt_lib_init_user_alloc_1               0x00000283   Thumb Code     0  libinit2.o(.ARM.Collect$$libinit$$0000000C)
    __rt_lib_init_alloca_1                   0x0000028b   Thumb Code     0  libinit2.o(.ARM.Collect$$libinit$$0000002E)
    __rt_lib_init_cpp_1                      0x0000028b   Thumb Code     0  libinit2.o(.ARM.Collect$$libinit$$00000032)
    __rt_lib_init_exceptions_1               0x0000028b   Thumb Code     0  libinit2.o(.ARM.Collect$$libinit$$00000030)
    __rt_lib_init_return                     0x0000028b   Thumb Code     0  libinit2.o(.ARM.Collect$$libinit$$00000033)
    __rt_lib_shutdown                        0x0000028d   Thumb Code     0  libshutdown.o(.ARM.Collect$$libshutdown$$00000000)
    __rt_lib_shutdown_cpp_1                  0x0000028f   Thumb Code     0  libshutdown2.o(.ARM.Collect$$libshutdown$$00000002)
    __rt_lib_shutdown_fp_trap_1              0x0000028f   Thumb Code     0  libshutdown2.o(.ARM.Collect$$libshutdown$$00000007)
    __rt_lib_shutdown_heap_1                 0x0000028f   Thumb Code     0  libshutdown2.o(.ARM.Collect$$libshutdown$$0000000F)
    __rt_lib_shutdown_return                 0x0000028f   Thumb Code     0  libshutdown2.o(.ARM.Collect$$libshutdown$$00000010)
    __rt_lib_shutdown_signal_1               0x0000028f   Thumb Code     0  libshutdown2.o(.ARM.Collect$$libshutdown$$0000000A)
    __rt_lib_shutdown_stdio_1                0x0000028f   Thumb Code     0  libshutdown2.o(.ARM.Collect$$libshutdown$$00000004)
    __rt_lib_shutdown_user_alloc_1           0x0000028f   Thumb Code     0  libshutdown2.o(.ARM.Collect$$libshutdown$$0000000C)
    __rt_entry                               0x00000291   Thumb Code     0  __rtentry.o(.ARM.Collect$$rtentry$$00000000)
    __rt_entry_presh_1                       0x00000291   Thumb Code     0  __rtentry2.o(.ARM.Collect$$rtentry$$00000002)
    __rt_entry_sh                            0x00000291   Thumb Code     0  __rtentry4.o(.ARM.Collect$$rtentry$$00000004)
    __rt_entry_li                            0x00000297   Thumb Code     0  __rtentry2.o(.ARM.Collect$$rtentry$$0000000A)
    __rt_entry_postsh_1                      0x00000297   Thumb Code     0  __rtentry2.o(.ARM.Collect$$rtentry$$00000009)
    __rt_entry_main                          0x0000029b   Thumb Code     0  __rtentry2.o(.ARM.Collect$$rtentry$$0000000D)
    __rt_entry_postli_1                      0x0000029b   Thumb Code     0  __rtentry2.o(.ARM.Collect$$rtentry$$0000000C)
    __rt_exit                                0x000002a3   Thumb Code     0  rtexit.o(.ARM.Collect$$rtexit$$00000000)
    __rt_exit_ls                             0x000002a5   Thumb Code     0  rtexit2.o(.ARM.Collect$$rtexit$$00000003)
    __rt_exit_prels_1                        0x000002a5   Thumb Code     0  rtexit2.o(.ARM.Collect$$rtexit$$00000002)
    __rt_exit_exit                           0x000002a9   Thumb Code     0  rtexit2.o(.ARM.Collect$$rtexit$$00000004)
    __ARM_argv_veneer                        0x000002b1   Thumb Code     4  argv_veneer.o(.emb_text)
    Reset_Handler                            0x000002b5   Thumb Code    14  startup_tm4c129.o(.text)
    NMI_Handler                              0x000002c3   Thumb Code     6  startup_tm4c129.o(.text)
    HardFault_Handler                        0x000002c9   Thumb Code     6  startup_tm4c129.o(.text)
    MemManage_Handler                        0x000002cf   Thumb Code     6  startup_tm4c129.o(.text)
    BusFault_Handler                         0x000002d5   Thumb Code     6  startup_tm4c129.o(.text)
    UsageFault_Handler                       0x000002db   Thumb Code     6  startup_tm4c129.o(.text)
    SVCall_IRQHandler                        0x000002e1   Thumb Code     6  startup_tm4c129.o(.text)
    DebugMonitor_IRQHandler                  0x000002e7   Thumb Code     6  startup_tm4c129.o(.text)
    PendSV_IRQHandler                        0x000002ed   Thumb Code     6  startup_tm4c129.o(.text)
    ADC0SS0_IRQHandler                       0x000002fb   Thumb Code     0  startup_tm4c129.o(.text)
    ADC0SS1_IRQHandler                       0x000002fb   Thumb Code     0  startup_tm4c129.o(.text)
    ADC0SS2_IRQHandler                       0x000002fb   Thumb Code     0  startup_tm4c129.o(.text)
    ADC0SS3_IRQHandler                       0x000002fb   Thumb Code     0  startup_tm4c129.o(.text)
    ADC1SS0_IRQHandler                       0x000002fb   Thumb Code     0  startup_tm4c129.o(.text)
    ADC1SS1_IRQHandler                       0x000002fb   Thumb Code     0  startup_tm4c129.o(.text)
    ADC1SS2_IRQHandler                       0x000002fb   Thumb Code     0  startup_tm4c129.o(.text)
    ADC1SS3_IRQHandler                       0x000002fb   Thumb Code     0  startup_tm4c129.o(.text)
    AES_IRQHandler                           0x000002fb   Thumb Code     0  startup_tm4c129.o(.text)
    CAN0_IRQHandler                          0x000002fb   Thumb Code     0  startup_tm4c129.o(.text)
    CAN1_IRQHandler                          0x000002fb   Thumb Code     0  startup_tm4c129.o(.text)
    COMP0_IRQHandler                         0x000002fb   Thumb Code     0  startup_tm4c129.o(.text)
    COMP1_IRQHandler                         0x000002fb   Thumb Code     0  startup_tm4c129.o(.text)
    COMP2_IRQHandler                         0x000002fb   Thumb Code     0  startup_tm4c129.o(.text)
    DES3DES_IRQHandler                       0x000002fb   Thumb Code     0  startup_tm4c129.o(.text)
    EMAC0_IRQHandler                         0x000002fb   Thumb Code     0  startup_tm4c129.o(.text)
    EPI0_IRQHandler                          0x000002fb   Thumb Code     0  startup_tm4c129.o(.text)
    FLASH_CTRL_IRQHandler                    0x000002fb   Thumb Code     0  startup_tm4c129.o(.text)
    GPIOA_IRQHandler                         0x000002fb   Thumb Code     0  startup_tm4c129.o(.text)
    GPIOB_IRQHandler                         0x000002fb   Thumb Code     0  startup_tm4c129.o(.text)
    GPIOC_IRQHandler                         0x000002fb   Thumb Code     0  startup_tm4c129.o(.text)
    GPIOD_IRQHandler                         0x000002fb   Thumb Code     0  startup_tm4c129.o(.text)
    GPIOE_IRQHandler                         0x000002fb   Thumb Code     0  startup_tm4c129.o(.text)
    GPIOF_IRQHandler                         0x000002fb   Thumb Code     0  startup_tm4c129.o(.text)
    GPIOG_IRQHandler                         0x000002fb   Thumb Code     0  startup_tm4c129.o(.text)
    GPIOH_IRQHandler                         0x000002fb   Thumb Code     0  startup_tm4c129.o(.text)
    GPIOJ_IRQHandler                         0x000002fb   Thumb Code     0  startup_tm4c129.o(.text)
    GPIOK_IRQHandler                         0x000002fb   Thumb Code     0  startup_tm4c129.o(.text)
    GPIOL_IRQHandler                         0x000002fb   Thumb Code     0  startup_tm4c129.o(.text)
    GPIOM_IRQHandler                         0x000002fb   Thumb Code     0  startup_tm4c129.o(.text)
    GPION_IRQHandler                         0x000002fb   Thumb Code     0  startup_tm4c129.o(.text)
    GPIOP0_IRQHandler                        0x000002fb   Thumb Code     0  startup_tm4c129.o(.text)
    GPIOP1_IRQHandler                        0x000002fb   Thumb Code     0  startup_tm4c129.o(.text)
    GPIOP2_IRQHandler                        0x000002fb   Thumb Code     0  startup_tm4c129.o(.text)
    GPIOP3_IRQHandler                        0x000002fb   Thumb Code     0  startup_tm4c129.o(.text)
    GPIOP4_IRQHandler                        0x000002fb   Thumb Code     0  startup_tm4c129.o(.text)
    GPIOP5_IRQHandler                        0x000002fb   Thumb Code     0  startup_tm4c129.o(.text)
    GPIOP6_IRQHandler                        0x000002fb   Thumb Code     0  startup_tm4c129.o(.text)
    GPIOP7_IRQHandler                        0x000002fb   Thumb Code     0  startup_tm4c129.o(.text)
    GPIOQ0_IRQHandler                        0x000002fb   Thumb Code     0  startup_tm4c129.o(.text)
    GPIOQ1_IRQHandler                        0x000002fb   Thumb Code     0  startup_tm4c129.o(.text)
    GPIOQ2_IRQHandler                        0x000002fb   Thumb Code     0  startup_tm4c129.o(.text)
    GPIOQ3_IRQHandler                        0x000002fb   Thumb Code     0  startup_tm4c129.o(.text)
    GPIOQ4_IRQHandler                        0x000002fb   Thumb Code     0  startup_tm4c129.o(.text)
    GPIOQ5_IRQHandler                        0x000002fb   Thumb Code     0  startup_tm4c129.o(.text)
    GPIOQ6_IRQHandler                        0x000002fb   Thumb Code     0  startup_tm4c129.o(.text)
    GPIOQ7_IRQHandler                        0x000002fb   Thumb Code     0  startup_tm4c129.o(.text)
    GPIOR_IRQHandler                         0x000002fb   Thumb Code     0  startup_tm4c129.o(.text)
    GPIOS_IRQHandler                         0x000002fb   Thumb Code     0  startup_tm4c129.o(.text)
    GPIOT_IRQHandler                         0x000002fb   Thumb Code     0  startup_tm4c129.o(.text)
    HIB_IRQHandler                           0x000002fb   Thumb Code     0  startup_tm4c129.o(.text)
    HIMLEDSEQUENCER_IRQHandler               0x000002fb   Thumb Code     0  startup_tm4c129.o(.text)
    HIMPS2_IRQHandler                        0x000002fb   Thumb Code     0  startup_tm4c129.o(.text)
    HIMSCANKEYBOARD_IRQHandler               0x000002fb   Thumb Code     0  startup_tm4c129.o(.text)
    I2C0_IRQHandler                          0x000002fb   Thumb Code     0  startup_tm4c129.o(.text)
    I2C1_IRQHandler                          0x000002fb   Thumb Code     0  startup_tm4c129.o(.text)
    I2C2_IRQHandler                          0x000002fb   Thumb Code     0  startup_tm4c129.o(.text)
    I2C3_IRQHandler                          0x000002fb   Thumb Code     0  startup_tm4c129.o(.text)
    I2C4_IRQHandler                          0x000002fb   Thumb Code     0  startup_tm4c129.o(.text)
    I2C5_IRQHandler                          0x000002fb   Thumb Code     0  startup_tm4c129.o(.text)
    I2C6_IRQHandler                          0x000002fb   Thumb Code     0  startup_tm4c129.o(.text)
    I2C7_IRQHandler                          0x000002fb   Thumb Code     0  startup_tm4c129.o(.text)
    I2C8_IRQHandler                          0x000002fb   Thumb Code     0  startup_tm4c129.o(.text)
    I2C9_IRQHandler                          0x000002fb   Thumb Code     0  startup_tm4c129.o(.text)
    LCDCONTROLLER_IRQHandler                 0x000002fb   Thumb Code     0  startup_tm4c129.o(.text)
    ONEWIRE_IRQHandler                       0x000002fb   Thumb Code     0  startup_tm4c129.o(.text)
    PMW0_FAULT_IRQHandler                    0x000002fb   Thumb Code     0  startup_tm4c129.o(.text)
    PWM0_0_IRQHandler                        0x000002fb   Thumb Code     0  startup_tm4c129.o(.text)
    PWM0_1_IRQHandler                        0x000002fb   Thumb Code     0  startup_tm4c129.o(.text)
    PWM0_2_IRQHandler                        0x000002fb   Thumb Code     0  startup_tm4c129.o(.text)
    PWM0_3_IRQHandler                        0x000002fb   Thumb Code     0  startup_tm4c129.o(.text)
    QEI0_IRQHandler                          0x000002fb   Thumb Code     0  startup_tm4c129.o(.text)
    SHAMD5_IRQHandler                        0x000002fb   Thumb Code     0  startup_tm4c129.o(.text)
    SSI0_IRQHandler                          0x000002fb   Thumb Code     0  startup_tm4c129.o(.text)
    SSI1_IRQHandler                          0x000002fb   Thumb Code     0  startup_tm4c129.o(.text)
    SSI2_IRQHandler                          0x000002fb   Thumb Code     0  startup_tm4c129.o(.text)
    SSI3_IRQHandler                          0x000002fb   Thumb Code     0  startup_tm4c129.o(.text)
    SYSCTL_IRQHandler                        0x000002fb   Thumb Code     0  startup_tm4c129.o(.text)
    SYSEXC_IRQHandler                        0x000002fb   Thumb Code     0  startup_tm4c129.o(.text)
    TAMPER_IRQHandler                        0x000002fb   Thumb Code     0  startup_tm4c129.o(.text)
    TIMER0A_IRQHandler                       0x000002fb   Thumb Code     0  startup_tm4c129.o(.text)
    TIMER0B_IRQHandler                       0x000002fb   Thumb Code     0  startup_tm4c129.o(.text)
    TIMER1A_IRQHandler                       0x000002fb   Thumb Code     0  startup_tm4c129.o(.text)
    TIMER1B_IRQHandler                       0x000002fb   Thumb Code     0  startup_tm4c129.o(.text)
    TIMER2A_IRQHandler                       0x000002fb   Thumb Code     0  startup_tm4c129.o(.text)
    TIMER2B_IRQHandler                       0x000002fb   Thumb Code     0  startup_tm4c129.o(.text)
    TIMER3A_IRQHandler                       0x000002fb   Thumb Code     0  startup_tm4c129.o(.text)
    TIMER3B_IRQHandler                       0x000002fb   Thumb Code     0  startup_tm4c129.o(.text)
    TIMER4A_IRQHandler                       0x000002fb   Thumb Code     0  startup_tm4c129.o(.text)
    TIMER4B_IRQHandler                       0x000002fb   Thumb Code     0  startup_tm4c129.o(.text)
    TIMER5A_IRQHandler                       0x000002fb   Thumb Code     0  startup_tm4c129.o(.text)
    TIMER5B_IRQHandler                       0x000002fb   Thumb Code     0  startup_tm4c129.o(.text)
    TIMER6A_IRQHandler                       0x000002fb   Thumb Code     0  startup_tm4c129.o(.text)
    TIMER6B_IRQHandler                       0x000002fb   Thumb Code     0  startup_tm4c129.o(.text)
    TIMER7A_IRQHandler                       0x000002fb   Thumb Code     0  startup_tm4c129.o(.text)
    TIMER7B_IRQHandler                       0x000002fb   Thumb Code     0  startup_tm4c129.o(.text)
    UART0_IRQHandler                         0x000002fb   Thumb Code     0  startup_tm4c129.o(.text)
    UART1_IRQHandler                         0x000002fb   Thumb Code     0  startup_tm4c129.o(.text)
    UART2_IRQHandler                         0x000002fb   Thumb Code     0  startup_tm4c129.o(.text)
    UART3_IRQHandler                         0x000002fb   Thumb Code     0  startup_tm4c129.o(.text)
    UART4_IRQHandler                         0x000002fb   Thumb Code     0  startup_tm4c129.o(.text)
    UART5_IRQHandler                         0x000002fb   Thumb Code     0  startup_tm4c129.o(.text)
    UART6_IRQHandler                         0x000002fb   Thumb Code     0  startup_tm4c129.o(.text)
    UART7_IRQHandler                         0x000002fb   Thumb Code     0  startup_tm4c129.o(.text)
    UDMAERR_IRQHandler                       0x000002fb   Thumb Code     0  startup_tm4c129.o(.text)
    UDMA_IRQHandler                          0x000002fb   Thumb Code     0  startup_tm4c129.o(.text)
    USB0_IRQHandler                          0x000002fb   Thumb Code     0  startup_tm4c129.o(.text)
    WATCHDOG0_IRQHandler                     0x000002fb   Thumb Code     0  startup_tm4c129.o(.text)
    WTIMER0A_IRQHandler                      0x000002fb   Thumb Code     0  startup_tm4c129.o(.text)
    WTIMER0B_IRQHandler                      0x000002fb   Thumb Code     0  startup_tm4c129.o(.text)
    WTIMER1A_IRQHandler                      0x000002fb   Thumb Code     0  startup_tm4c129.o(.text)
    WTIMER1B_IRQHandler                      0x000002fb   Thumb Code     0  startup_tm4c129.o(.text)
    WTIMER2A_IRQHandler                      0x000002fb   Thumb Code     0  startup_tm4c129.o(.text)
    WTIMER2B_IRQHandler                      0x000002fb   Thumb Code     0  startup_tm4c129.o(.text)
    WTIMER3A_IRQHandler                      0x000002fb   Thumb Code     0  startup_tm4c129.o(.text)
    WTIMER3B_IRQHandler                      0x000002fb   Thumb Code     0  startup_tm4c129.o(.text)
    WTIMER4A_IRQHandler                      0x000002fb   Thumb Code     0  startup_tm4c129.o(.text)
    WTIMER4B_IRQHandler                      0x000002fb   Thumb Code     0  startup_tm4c129.o(.text)
    WTIMER5A_IRQHandler                      0x000002fb   Thumb Code     0  startup_tm4c129.o(.text)
    WTIMER5B_IRQHandler                      0x000002fb   Thumb Code     0  startup_tm4c129.o(.text)
    __user_initial_stackheap                 0x00000305   Thumb Code     0  startup_tm4c129.o(.text)
    assert_failed                            0x0000030f   Thumb Code     8  startup_tm4c129.o(.text)
    __use_two_region_memory                  0x0000033d   Thumb Code     2  heapauxi.o(.text)
    __rt_heap_escrow$2region                 0x0000033f   Thumb Code     2  heapauxi.o(.text)
    __rt_heap_expand$2region                 0x00000341   Thumb Code     2  heapauxi.o(.text)
    __user_setup_stackheap                   0x00000343   Thumb Code    74  sys_stackheap_outer.o(.text)
    exit                                     0x0000038d   Thumb Code    18  exit.o(.text)
    __user_libspace                          0x000003a1   Thumb Code     8  libspace.o(.text)
    __user_perproc_libspace                  0x000003a1   Thumb Code     0  libspace.o(.text)
    __user_perthread_libspace                0x000003a1   Thumb Code     0  libspace.o(.text)
    _sys_exit                                0x000003a9   Thumb Code     8  sys_exit.o(.text)
    __argv_alloc                             0x000003b5   Thumb Code    34  _get_argv_nomalloc.o(.text)
    __ARM_get_argv                           0x000003d7   Thumb Code   268  _get_argv_nomalloc.o(.text)
    _sys_command_string                      0x000004e3   Thumb Code    24  sys_command.o(.text)
    __I$use$semihosting                      0x000004fb   Thumb Code     0  use_no_semi.o(.text)
    __use_no_semihosting_swi                 0x000004fb   Thumb Code     2  use_no_semi.o(.text)
    __semihosting_library_function           0x000004fd   Thumb Code     0  indicate_semi.o(.text)
    __use_no_heap_region                     0x000004fd   Thumb Code     2  hrguard.o(.text)
    __heap_region$guard                      0x000004ff   Thumb Code     2  hrguard.o(.text)
    __rt_SIGRTMEM                            0x00000501   Thumb Code    14  defsig_rtmem_outer.o(.text)
    __sig_exit                               0x0000050f   Thumb Code    10  defsig_exit.o(.text)
    __rt_SIGRTMEM_inner                      0x00000519   Thumb Code    22  defsig_rtmem_inner.o(.text)
    __default_signal_display                 0x00000569   Thumb Code    50  defsig_general.o(.text)
    _ttywrch                                 0x0000059b   Thumb Code    14  sys_wrch.o(.text)
    BSP_init                                 0x000005a9   Thumb Code    94  bsp.o(.text.BSP_init)
    BSP_ledBlueOff                           0x00000609   Thumb Code    18  bsp.o(.text.BSP_ledBlueOff)
    BSP_ledBlueOn                            0x0000061d   Thumb Code    18  bsp.o(.text.BSP_ledBlueOn)
    BSP_ledRedOff                            0x00000631   Thumb Code    18  bsp.o(.text.BSP_ledRedOff)
    BSP_ledRedOn                             0x00000645   Thumb Code    18  bsp.o(.text.BSP_ledRedOn)
    BSP_tickCtr                              0x00000659   Thumb Code    30  bsp.o(.text.BSP_tickCtr)
    Q_onAssert                               0x00000679   Thumb Code    10  system_tm4c129.o(.text.Q_onAssert)
    SysTick_IRQHandler                       0x000006d9   Thumb Code    16  bsp.o(.text.SysTick_IRQHandler)
    SystemCoreClockUpdate                    0x000006e9   Thumb Code   468  system_tm4c129.o(.text.SystemCoreClockUpdate)
    SystemInit                               0x000008bd   Thumb Code   182  system_tm4c129.o(.text.SystemInit)
    main                                     0x00000b49   Thumb Code   202  main.o(.text.main)
    _fp_init                                 0x00000c13   Thumb Code    26  fpinit.o(x$fpl$fpinit)
    __fplib_config_fpu_vfp                   0x00000c2b   Thumb Code     0  fpinit.o(x$fpl$fpinit)
    __fplib_config_pureend_doubles           0x00000c2b   Thumb Code     0  fpinit.o(x$fpl$fpinit)
    Region$$Table$$Base                      0x00000c2c   Number         0  anon$$obj.o(Region$$Table)
    Region$$Table$$Limit                     0x00000c4c   Number         0  anon$$obj.o(Region$$Table)
    SystemCoreClock                          0x20000000   Data           4  system_tm4c129.o(.data.SystemCoreClock)
    __libspace_start                         0x20000008   Data          96  libspace.o(.bss)
    __temporary_stack_top$libspace           0x20000068   Data           0  libspace.o(.bss)



==============================================================================

Memory Map of the image

  Image Entry point : 0x000002b5

  Load Region LR_IROM1 (Base: 0x00000000, Size: 0x00000c58, Max: 0x00100000, ABSOLUTE)

    Execution Region ER_IROM1 (Exec base: 0x00000000, Load base: 0x00000000, Size: 0x00000c4c, Max: 0x00100000, ABSOLUTE)

    Exec Addr    Load Addr    Size         Type   Attr      Idx    E Section Name        Object

    0x00000000   0x00000000   0x00000208   Data   RO           62    RESET               startup_tm4c129.o
    0x00000208   0x00000208   0x00000008   Code   RO           73  * !!!main             c_w.l(__main.o)
    0x00000210   0x00000210   0x00000034   Code   RO          236    !!!scatter          c_w.l(__scatter.o)
    0x00000244   0x00000244   0x0000001a   Code   RO          238    !!handler_copy      c_w.l(__scatter_copy.o)
    0x0000025e   0x0000025e   0x00000002   PAD
    0x00000260   0x00000260   0x0000001c   Code   RO          240    !!handler_zi        c_w.l(__scatter_zi.o)
    0x0000027c   0x0000027c   0x00000002   Code   RO          100    .ARM.Collect$$libinit$$00000000  c_w.l(libinit.o)
    0x0000027e   0x0000027e   0x00000004   Code   RO          106    .ARM.Collect$$libinit$$00000001  c_w.l(libinit2.o)
    0x00000282   0x00000282   0x00000000   Code   RO          109    .ARM.Collect$$libinit$$00000004  c_w.l(libinit2.o)
    0x00000282   0x00000282   0x00000000   Code   RO          112    .ARM.Collect$$libinit$$0000000A  c_w.l(libinit2.o)
    0x00000282   0x00000282   0x00000000   Code   RO          114    .ARM.Collect$$libinit$$0000000C  c_w.l(libinit2.o)
    0x00000282   0x00000282   0x00000000   Code   RO          116    .ARM.Collect$$libinit$$0000000E  c_w.l(libinit2.o)
    0x00000282   0x00000282   0x00000000   Code   RO          119    .ARM.Collect$$libinit$$00000011  c_w.l(libinit2.o)
    0x00000282   0x00000282   0x00000000   Code   RO          121    .ARM.Collect$$libinit$$00000013  c_w.l(libinit2.o)
    0x00000282   0x00000282   0x00000000   Code   RO          123    .ARM.Collect$$libinit$$00000015  c_w.l(libinit2.o)
    0x00000282   0x00000282   0x00000000   Code   RO          125    .ARM.Collect$$libinit$$00000017  c_w.l(libinit2.o)
    0x00000282   0x00000282   0x00000000   Code   RO          127    .ARM.Collect$$libinit$$00000019  c_w.l(libinit2.o)
    0x00000282   0x00000282   0x00000000   Code   RO          129    .ARM.Collect$$libinit$$0000001B  c_w.l(libinit2.o)
    0x00000282   0x00000282   0x00000000   Code   RO          131    .ARM.Collect$$libinit$$0000001D  c_w.l(libinit2.o)
    0x00000282   0x00000282   0x00000000   Code   RO          133    .ARM.Collect$$libinit$$0000001F  c_w.l(libinit2.o)
    0x00000282   0x00000282   0x00000000   Code   RO          135    .ARM.Collect$$libinit$$00000021  c_w.l(libinit2.o)
    0x00000282   0x00000282   0x00000000   Code   RO          137    .ARM.Collect$$libinit$$00000023  c_w.l(libinit2.o)
    0x00000282   0x00000282   0x00000000   Code   RO          139    .ARM.Collect$$libinit$$00000025  c_w.l(libinit2.o)
    0x00000282   0x00000282   0x00000008   Code   RO          141    .ARM.Collect$$libinit$$00000027  c_w.l(libinit2.o)
    0x0000028a   0x0000028a   0x00000000   Code   RO          145    .ARM.Collect$$libinit$$0000002E  c_w.l(libinit2.o)
    0x0000028a   0x0000028a   0x00000000   Code   RO          147    .ARM.Collect$$libinit$$00000030  c_w.l(libinit2.o)
    0x0000028a   0x0000028a   0x00000000   Code   RO          149    .ARM.Collect$$libinit$$00000032  c_w.l(libinit2.o)
    0x0000028a   0x0000028a   0x00000002   Code   RO          150    .ARM.Collect$$libinit$$00000033  c_w.l(libinit2.o)
    0x0000028c   0x0000028c   0x00000002   Code   RO          172    .ARM.Collect$$libshutdown$$00000000  c_w.l(libshutdown.o)
    0x0000028e   0x0000028e   0x00000000   Code   RO          187    .ARM.Collect$$libshutdown$$00000002  c_w.l(libshutdown2.o)
    0x0000028e   0x0000028e   0x00000000   Code   RO          189    .ARM.Collect$$libshutdown$$00000004  c_w.l(libshutdown2.o)
    0x0000028e   0x0000028e   0x00000000   Code   RO          192    .ARM.Collect$$libshutdown$$00000007  c_w.l(libshutdown2.o)
    0x0000028e   0x0000028e   0x00000000   Code   RO          195    .ARM.Collect$$libshutdown$$0000000A  c_w.l(libshutdown2.o)
    0x0000028e   0x0000028e   0x00000000   Code   RO          197    .ARM.Collect$$libshutdown$$0000000C  c_w.l(libshutdown2.o)
    0x0000028e   0x0000028e   0x00000000   Code   RO          200    .ARM.Collect$$libshutdown$$0000000F  c_w.l(libshutdown2.o)
    0x0000028e   0x0000028e   0x00000002   Code   RO          201    .ARM.Collect$$libshutdown$$00000010  c_w.l(libshutdown2.o)
    0x00000290   0x00000290   0x00000000   Code   RO           75    .ARM.Collect$$rtentry$$00000000  c_w.l(__rtentry.o)
    0x00000290   0x00000290   0x00000000   Code   RO           77    .ARM.Collect$$rtentry$$00000002  c_w.l(__rtentry2.o)
    0x00000290   0x00000290   0x00000006   Code   RO           89    .ARM.Collect$$rtentry$$00000004  c_w.l(__rtentry4.o)
    0x00000296   0x00000296   0x00000000   Code   RO           79    .ARM.Collect$$rtentry$$00000009  c_w.l(__rtentry2.o)
    0x00000296   0x00000296   0x00000004   Code   RO           80    .ARM.Collect$$rtentry$$0000000A  c_w.l(__rtentry2.o)
    0x0000029a   0x0000029a   0x00000000   Code   RO           82    .ARM.Collect$$rtentry$$0000000C  c_w.l(__rtentry2.o)
    0x0000029a   0x0000029a   0x00000008   Code   RO           83    .ARM.Collect$$rtentry$$0000000D  c_w.l(__rtentry2.o)
    0x000002a2   0x000002a2   0x00000002   Code   RO          104    .ARM.Collect$$rtexit$$00000000  c_w.l(rtexit.o)
    0x000002a4   0x000002a4   0x00000000   Code   RO          152    .ARM.Collect$$rtexit$$00000002  c_w.l(rtexit2.o)
    0x000002a4   0x000002a4   0x00000004   Code   RO          153    .ARM.Collect$$rtexit$$00000003  c_w.l(rtexit2.o)
    0x000002a8   0x000002a8   0x00000006   Code   RO          154    .ARM.Collect$$rtexit$$00000004  c_w.l(rtexit2.o)
    0x000002ae   0x000002ae   0x00000002   PAD
    0x000002b0   0x000002b0   0x00000004   Code   RO          158    .emb_text           c_w.l(argv_veneer.o)
    0x000002b4   0x000002b4   0x00000088   Code   RO           63  * .text               startup_tm4c129.o
    0x0000033c   0x0000033c   0x00000006   Code   RO           71    .text               c_w.l(heapauxi.o)
    0x00000342   0x00000342   0x0000004a   Code   RO           91    .text               c_w.l(sys_stackheap_outer.o)
    0x0000038c   0x0000038c   0x00000012   Code   RO           93    .text               c_w.l(exit.o)
    0x0000039e   0x0000039e   0x00000002   PAD
    0x000003a0   0x000003a0   0x00000008   Code   RO          101    .text               c_w.l(libspace.o)
    0x000003a8   0x000003a8   0x0000000c   Code   RO          162    .text               c_w.l(sys_exit.o)
    0x000003b4   0x000003b4   0x0000012e   Code   RO          168    .text               c_w.l(_get_argv_nomalloc.o)
    0x000004e2   0x000004e2   0x00000018   Code   RO          173    .text               c_w.l(sys_command.o)
    0x000004fa   0x000004fa   0x00000002   Code   RO          177    .text               c_w.l(use_no_semi.o)
    0x000004fc   0x000004fc   0x00000000   Code   RO          179    .text               c_w.l(indicate_semi.o)
    0x000004fc   0x000004fc   0x00000004   Code   RO          180    .text               c_w.l(hrguard.o)
    0x00000500   0x00000500   0x0000000e   Code   RO          182    .text               c_w.l(defsig_rtmem_outer.o)
    0x0000050e   0x0000050e   0x0000000a   Code   RO          204    .text               c_w.l(defsig_exit.o)
    0x00000518   0x00000518   0x00000050   Code   RO          206    .text               c_w.l(defsig_rtmem_inner.o)
    0x00000568   0x00000568   0x00000032   Code   RO          210    .text               c_w.l(defsig_general.o)
    0x0000059a   0x0000059a   0x0000000e   Code   RO          212    .text               c_w.l(sys_wrch.o)
    0x000005a8   0x000005a8   0x0000005e   Code   RO            4    .text.BSP_init      bsp.o
    0x00000606   0x00000606   0x00000002   PAD
    0x00000608   0x00000608   0x00000012   Code   RO           18    .text.BSP_ledBlueOff  bsp.o
    0x0000061a   0x0000061a   0x00000002   PAD
    0x0000061c   0x0000061c   0x00000012   Code   RO           16    .text.BSP_ledBlueOn  bsp.o
    0x0000062e   0x0000062e   0x00000002   PAD
    0x00000630   0x00000630   0x00000012   Code   RO           14    .text.BSP_ledRedOff  bsp.o
    0x00000642   0x00000642   0x00000002   PAD
    0x00000644   0x00000644   0x00000012   Code   RO           12    .text.BSP_ledRedOn  bsp.o
    0x00000656   0x00000656   0x00000002   PAD
    0x00000658   0x00000658   0x0000001e   Code   RO            8    .text.BSP_tickCtr   bsp.o
    0x00000676   0x00000676   0x00000002   PAD
    0x00000678   0x00000678   0x0000000a   Code   RO           48    .text.Q_onAssert    system_tm4c129.o
    0x00000682   0x00000682   0x00000002   PAD
    0x00000684   0x00000684   0x00000054   Code   RO            6    .text.SysTick_Config  bsp.o
    0x000006d8   0x000006d8   0x00000010   Code   RO            2    .text.SysTick_IRQHandler  bsp.o
    0x000006e8   0x000006e8   0x000001d4   Code   RO           42    .text.SystemCoreClockUpdate  system_tm4c129.o
    0x000008bc   0x000008bc   0x000000b6   Code   RO           46    .text.SystemInit    system_tm4c129.o
    0x00000972   0x00000972   0x00000002   PAD
    0x00000974   0x00000974   0x00000044   Code   RO           20    .text.__NVIC_SetPriority  bsp.o
    0x000009b8   0x000009b8   0x00000026   Code   RO           50    .text.__NVIC_SystemReset  system_tm4c129.o
    0x000009de   0x000009de   0x00000002   PAD
    0x000009e0   0x000009e0   0x00000168   Code   RO           44    .text.getOscClk     system_tm4c129.o
    0x00000b48   0x00000b48   0x000000ca   Code   RO           31    .text.main          main.o
    0x00000c12   0x00000c12   0x0000001a   Code   RO          160    x$fpl$fpinit        fz_wm.l(fpinit.o)
    0x00000c2c   0x00000c2c   0x00000020   Data   RO          235    Region$$Table       anon$$obj.o


    Execution Region RW_IRAM1 (Exec base: 0x20000000, Load base: 0x00000c50, Size: 0x00000488, Max: 0x00040000, ABSOLUTE)

    Exec Addr    Load Addr    Size         Type   Attr      Idx    E Section Name        Object

    0x20000000   0x00000c50   0x00000004   Data   RW           52    .data.SystemCoreClock  system_tm4c129.o
    0x20000004   0x00000c54   0x00000004   PAD
    0x20000008        -       0x00000060   Zero   RW          102    .bss                c_w.l(libspace.o)
    0x20000068        -       0x00000004   Zero   RW           22    .bss.l_tickCtr      bsp.o
    0x2000006c        -       0x00000001   Zero   RW           33    .bss.main.st        main.o
    0x2000006d   0x00000c54   0x00000003   PAD
    0x20000070        -       0x00000004   Zero   RW           34    .bss.main.start     main.o
    0x20000074   0x00000c54   0x00000004   PAD
    0x20000078        -       0x00000010   Zero   RW           61    HEAP                startup_tm4c129.o
    0x20000088        -       0x00000400   Zero   RW           60    STACK               startup_tm4c129.o


==============================================================================

Image component sizes


      Code (inc. data)   RO Data    RW Data    ZI Data      Debug   Object Name

       364          0          0          0          4      10932   bsp.o
       202          0          0          0          5        751   main.o
       136         40        520          0       1040       1024   startup_tm4c129.o
      1058         42          0          4          0       8609   system_tm4c129.o

    ----------------------------------------------------------------------
      1778         82        552          4       1060      21316   Object Totals
         0          0         32          0          0          0   (incl. Generated)
        18          0          0          0         11          0   (incl. Padding)

    ----------------------------------------------------------------------

      Code (inc. data)   RO Data    RW Data    ZI Data      Debug   Library Member Name

         8          0          0          0          0         68   __main.o
         0          0          0          0          0          0   __rtentry.o
        12          0          0          0          0          0   __rtentry2.o
         6          0          0          0          0          0   __rtentry4.o
        52          8          0          0          0          0   __scatter.o
        26          0          0          0          0          0   __scatter_copy.o
        28          0          0          0          0          0   __scatter_zi.o
       302          0          0          0          0        168   _get_argv_nomalloc.o
         4          0          0          0          0         68   argv_veneer.o
        10          0          0          0          0         68   defsig_exit.o
        50          0          0          0          0         88   defsig_general.o
        80         58          0          0          0         76   defsig_rtmem_inner.o
        14          0          0          0          0         80   defsig_rtmem_outer.o
        18          0          0          0          0         80   exit.o
         6          0          0          0          0        152   heapauxi.o
         4          0          0          0          0        136   hrguard.o
         0          0          0          0          0          0   indicate_semi.o
         2          0          0          0          0          0   libinit.o
        14          0          0          0          0          0   libinit2.o
         2          0          0          0          0          0   libshutdown.o
         2          0          0          0          0          0   libshutdown2.o
         8          4          0          0         96         68   libspace.o
         2          0          0          0          0          0   rtexit.o
        10          0          0          0          0          0   rtexit2.o
        24          0          0          0          0         76   sys_command.o
        12          4          0          0          0         68   sys_exit.o
        74          0          0          0          0         80   sys_stackheap_outer.o
        14          0          0          0          0         76   sys_wrch.o
         2          0          0          0          0         68   use_no_semi.o
        26          0          0          0          0        116   fpinit.o

    ----------------------------------------------------------------------
       818         74          0          0         96       1536   Library Totals
         6          0          0          0          0          0   (incl. Padding)

    ----------------------------------------------------------------------

      Code (inc. data)   RO Data    RW Data    ZI Data      Debug   Library Name

       786         74          0          0         96       1420   c_w.l
        26          0          0          0          0        116   fz_wm.l

    ----------------------------------------------------------------------
       818         74          0          0         96       1536   Library Totals

    ----------------------------------------------------------------------

==============================================================================


      Code (inc. data)   RO Data    RW Data    ZI Data      Debug   

      2596        156        552          4       1156      22144   Grand Totals
      2596        156        552          4       1156      22144   ELF Image Totals
      2596        156        552          4          0          0   ROM Totals

==============================================================================

    Total RO  Size (Code + RO Data)                 3148 (   3.07kB)
    Total RW  Size (RW Data + ZI Data)              1160 (   1.13kB)
    Total ROM Size (Code + RO Data + RW Data)       3152 (   3.08kB)

==============================================================================

