###############################################################################
#
# IAR ELF Linker V8.40.2.214/W32 for ARM                  21/Nov/2020  20:15:45
# Copyright 2007-2019 IAR Systems AB.
#
#    Output file  =
#        C:\Users\mustafa\Desktop\embedded_programming\lesson2-flow_of_control\Debug\Exe\project.out
#    Map file     =
#        C:\Users\mustafa\Desktop\embedded_programming\lesson2-flow_of_control\Debug\List\project.map
#    Command line =
#        -f C:\Users\mustafa\AppData\Local\Temp\EW8C17.tmp
#        (C:\Users\mustafa\Desktop\embedded_programming\lesson2-flow_of_control\Debug\Obj\main.o
#        --no_out_extension -o
#        C:\Users\mustafa\Desktop\embedded_programming\lesson2-flow_of_control\Debug\Exe\project.out
#        --redirect _Printf=_PrintfFullNoMb --redirect _Scanf=_ScanfFullNoMb
#        --map
#        C:\Users\mustafa\Desktop\embedded_programming\lesson2-flow_of_control\Debug\List\project.map
#        --config "C:\Program Files (x86)\IAR Systems\Embedded Workbench
#        8.3\arm\config\linker\TexasInstruments\TM4C1294NC.icf" --semihosting
#        --entry __iar_program_start --vfe --text_out locale)
#
###############################################################################

*******************************************************************************
*** RUNTIME MODEL ATTRIBUTES
***

CppFlavor       = *
__SystemLibrary = DLib
__dlib_version  = 6


*******************************************************************************
*** HEAP SELECTION
***

The basic heap was selected because some modules are built with
size limitations (and not runtime checking), and --advanced_heap
was not specified.


*******************************************************************************
*** PLACEMENT SUMMARY
***

"A0":  place at address 0x0 { ro section .intvec };
"P1":  place in [from 0x0 to 0xf'ffff] { ro };
define block CSTACK with size = 32K, alignment = 8 { };
define block HEAP with size = 64K, alignment = 8 { };
"P2":  place in [from 0x2000'0000 to 0x2003'ffff] {
          rw, block CSTACK, block HEAP };

No sections matched the following patterns:

  rw  in "P2"


  Section   Kind         Address    Size  Object
  -------   ----         -------    ----  ------
"A0":                               0x40
  .intvec   ro code          0x0    0x40  vector_table_M.o [4]
                          - 0x40    0x40

"P1":                               0x90
  .text     ro code         0x40    0x22  fpinit_M.o [3]
  .text     ro code         0x62     0x2  vector_table_M.o [4]
  .text     ro code         0x64    0x1e  cmain.o [4]
  .text     ro code         0x82     0x4  low_level_init.o [2]
  .text     ro code         0x86    0x18  main.o [1]
  .text     ro code         0x9e     0x4  exit.o [2]
  .text     ro code         0xa4     0xa  cexit.o [4]
  .text     ro code         0xb0    0x14  exit.o [5]
  .text     ro code         0xc4     0xc  cstartup_M.o [4]
                          - 0xd0    0x90

"P2":                             0x8000
  CSTACK             0x2000'0000  0x8000  <Block>
    CSTACK  uninit   0x2000'0000  0x8000  <Block tail>
                   - 0x2000'8000  0x8000

Unused ranges:

         From           To      Size
         ----           --      ----
         0xd0     0xf'ffff  0xf'ff30
  0x2000'8000  0x2003'ffff  0x3'8000



*******************************************************************************
*** MODULE SUMMARY
***

    Module            ro code  rw data
    ------            -------  -------
command line/config:
    ----------------------------------
    Total:

C:\Users\mustafa\Desktop\embedded_programming\lesson2-flow_of_control\Debug\Obj: [1]
    main.o                 24
    ----------------------------------
    Total:                 24

dl7M_tln.a: [2]
    exit.o                  4
    low_level_init.o        4
    ----------------------------------
    Total:                  8

m7M_tls.a: [3]
    fpinit_M.o             34
    ----------------------------------
    Total:                 34

rt7M_tl.a: [4]
    cexit.o                10
    cmain.o                30
    cstartup_M.o           12
    vector_table_M.o       66
    ----------------------------------
    Total:                118

shb_l.a: [5]
    exit.o                 20
    ----------------------------------
    Total:                 20

    Gaps                    4
    Linker created              32'768
--------------------------------------
    Grand Total:          208   32'768


*******************************************************************************
*** ENTRY LIST
***

Entry                     Address  Size  Type      Object
-----                     -------  ----  ----      ------
?main                        0x65        Code  Gb  cmain.o [4]
CSTACK$$Base          0x2000'0000         --   Gb  - Linker created -
CSTACK$$Limit         0x2000'8000         --   Gb  - Linker created -
Region$$Table$$Base           0x0         --   Gb  - Linker created -
Region$$Table$$Limit          0x0         --   Gb  - Linker created -
__cmain                      0x65        Code  Gb  cmain.o [4]
__exit                       0xb1  0x14  Code  Gb  exit.o [5]
__iar_init_vfp               0x41        Code  Gb  fpinit_M.o [3]
__iar_program_start          0xc5        Code  Gb  cstartup_M.o [4]
__low_level_init             0x83   0x4  Code  Gb  low_level_init.o [2]
__vector_table                0x0        Data  Gb  vector_table_M.o [4]
_call_main                   0x71        Code  Gb  cmain.o [4]
_exit                        0xa5        Code  Gb  cexit.o [4]
_main                        0x7f        Code  Gb  cmain.o [4]
exit                         0x9f   0x4  Code  Gb  exit.o [2]
main                         0x87  0x18  Code  Gb  main.o [1]


[1] = C:\Users\mustafa\Desktop\embedded_programming\lesson2-flow_of_control\Debug\Obj
[2] = dl7M_tln.a
[3] = m7M_tls.a
[4] = rt7M_tl.a
[5] = shb_l.a

     208 bytes of readonly  code memory
  32'768 bytes of readwrite data memory

Errors: none
Warnings: none
