###############################################################################
#
# IAR ELF Linker V8.40.2.214/W32 for ARM                  04/Dec/2019  00:39:04
# Copyright 2007-2019 IAR Systems AB.
#
#    Output file  =
#        C:\embedded_programming\lesson15-startup_code_p3\Debug\Exe\project.out
#    Map file     =
#        C:\embedded_programming\lesson15-startup_code_p3\Debug\List\project.map
#    Command line =
#        -f C:\Users\mustafa\AppData\Local\Temp\EWE6E0.tmp
#        (C:\embedded_programming\lesson15-startup_code_p3\Debug\Obj\bsp.o
#        C:\embedded_programming\lesson15-startup_code_p3\Debug\Obj\delay.o
#        C:\embedded_programming\lesson15-startup_code_p3\Debug\Obj\main.o
#        C:\embedded_programming\lesson15-startup_code_p3\Debug\Obj\startup_tm4c.o
#        --no_out_extension -o
#        C:\embedded_programming\lesson15-startup_code_p3\Debug\Exe\project.out
#        --redirect _Printf=_PrintfFullNoMb --redirect _Scanf=_ScanfFullNoMb
#        --map
#        C:\embedded_programming\lesson15-startup_code_p3\Debug\List\project.map
#        --config C:\embedded_programming\lesson15-startup_code_p3\project.icf
#        --semihosting --entry __iar_program_start --vfe --text_out locale)
#
###############################################################################

*******************************************************************************
*** RUNTIME MODEL ATTRIBUTES
***

CppFlavor       = *
__SystemLibrary = DLib
__dlib_version  = 6


*******************************************************************************
*** HEAP SELECTION
***

The basic heap was selected because some modules are built with
size limitations (and not runtime checking), and --advanced_heap
was not specified.


*******************************************************************************
*** PLACEMENT SUMMARY
***

"A0":  place at address 0x0 { ro section .intvec };
"P1":  place in [from 0x0 to 0xf'ffff] { ro };
define block CSTACK with size = 1K, alignment = 8 { };
define block HEAP with size = 0, alignment = 8 { };
"P2":  place in [from 0x2000'0000 to 0x2003'ffff] {
          rw, block CSTACK, block HEAP };
initialize by copy { rw };

  Section            Kind         Address   Size  Object
  -------            ----         -------   ----  ------
"A0":                                      0x208
  .intvec            const            0x0  0x208  startup_tm4c.o [1]
                                  - 0x208  0x208

"P1":                                      0x28f
  .text              ro code        0x208   0xb4  main.o [1]
  .text              ro code        0x2bc   0x14  delay.o [1]
  .text              ro code        0x2d0   0x54  startup_tm4c.o [1]
  .text              ro code        0x324   0x2c  bsp.o [1]
  .text              ro code        0x350   0x38  packbits_init_single.o [4]
  .text              ro code        0x388   0x28  data_init.o [4]
  .text              ro code        0x3b0   0x22  fpinit_M.o [3]
  .iar.init_table    const          0x3d4   0x10  - Linker created -
  .text              ro code        0x3e4   0x1e  cmain.o [4]
  .text              ro code        0x402    0x4  low_level_init.o [2]
  .text              ro code        0x406    0x4  exit.o [2]
  .text              ro code        0x40c    0xa  cexit.o [4]
  .text              ro code        0x418   0x14  exit.o [5]
  .rodata            const          0x42c   0x14  startup_tm4c.o [1]
  .rodata            const          0x440   0x10  startup_tm4c.o [1]
  .rodata            const          0x450    0xc  startup_tm4c.o [1]
  .rodata            const          0x45c    0xc  startup_tm4c.o [1]
  .rodata            const          0x468    0xc  startup_tm4c.o [1]
  .text              ro code        0x474    0xc  cstartup_M.o [4]
  .rodata            const          0x480    0x8  startup_tm4c.o [1]
  .rodata            const          0x488    0x0  packbits_init_single.o [4]
  Initializer bytes  const          0x488    0xf  <for P2-1>
                                  - 0x497  0x28f

"P2", part 1 of 2:                          0x24
  P2-1                        0x2000'0000   0x24  <Init block>
    .data            inited   0x2000'0000    0x4  main.o [1]
    .data            inited   0x2000'0004    0x8  main.o [1]
    .bss             inited   0x2000'000c    0x4  main.o [1]
    .bss             inited   0x2000'0010    0x8  main.o [1]
    .bss             inited   0x2000'0018    0xc  main.o [1]
                            - 0x2000'0024   0x24

"P2", part 2 of 2:                         0x400
  CSTACK                      0x2000'0028  0x400  <Block>
    CSTACK           uninit   0x2000'0028  0x400  <Block tail>
                            - 0x2000'0428  0x400

Unused ranges:

         From           To      Size
         ----           --      ----
        0x497     0xf'ffff  0xf'fb69
  0x2000'0024  0x2000'0027       0x4
  0x2000'0428  0x2003'ffff  0x3'fbd8


*******************************************************************************
*** INIT TABLE
***

          Address      Size
          -------      ----
Copy/packbits (__iar_packbits_init_single3)
    1 source range, total size 0xf (41% of destination):
                0x488   0xf
    1 destination range, total size 0x24:
          0x2000'0000  0x24



*******************************************************************************
*** MODULE SUMMARY
***

    Module                  ro code  ro data  rw data
    ------                  -------  -------  -------
command line/config:
    -------------------------------------------------
    Total:

C:\embedded_programming\lesson15-startup_code_p3\Debug\Obj: [1]
    bsp.o                        44
    delay.o                      20
    main.o                      180       15       36
    startup_tm4c.o               84      600
    -------------------------------------------------
    Total:                      328      615       36

dl7M_tln.a: [2]
    exit.o                        4
    low_level_init.o              4
    -------------------------------------------------
    Total:                        8

m7M_tls.a: [3]
    fpinit_M.o                   34
    -------------------------------------------------
    Total:                       34

rt7M_tl.a: [4]
    cexit.o                      10
    cmain.o                      30
    cstartup_M.o                 12
    data_init.o                  40
    packbits_init_single.o       56
    -------------------------------------------------
    Total:                      148

shb_l.a: [5]
    exit.o                       20
    -------------------------------------------------
    Total:                       20

    Gaps                          4        2
    Linker created                        16    1'024
-----------------------------------------------------
    Grand Total:                542      633    1'060


*******************************************************************************
*** ENTRY LIST
***

Entry                       Address   Size  Type      Object
-----                       -------   ----  ----      ------
.iar.init_table$$Base         0x3d4          --   Gb  - Linker created -
.iar.init_table$$Limit        0x3e4          --   Gb  - Linker created -
?main                         0x3e5         Code  Gb  cmain.o [4]
BusFault_IRQHandler           0x2ef    0xa  Code  Gb  startup_tm4c.o [1]
CSTACK$$Base            0x2000'0028          --   Gb  - Linker created -
CSTACK$$Limit           0x2000'0428         Data  Gb  - Linker created -
HardFault_IRQHandler          0x2db    0xa  Code  Gb  startup_tm4c.o [1]
MemoryManagement_IRQHandler
                              0x2e5    0xa  Code  Gb  startup_tm4c.o [1]
NonMaskableInt_IRQHandler
                              0x2d1    0xa  Code  Gb  startup_tm4c.o [1]
Region$$Table$$Base           0x3d4          --   Gb  - Linker created -
Region$$Table$$Limit          0x3e4          --   Gb  - Linker created -
SysTick_IRQHandler            0x34f    0x2  Code  Gb  bsp.o [1]
UsageFault_IRQHandler         0x2f9    0xa  Code  Gb  startup_tm4c.o [1]
__NVIC_SystemReset            0x325   0x1a  Code  Lc  bsp.o [1]
__cmain                       0x3e5         Code  Gb  cmain.o [4]
__exit                        0x419   0x14  Code  Gb  exit.o [5]
__iar_data_init3              0x389   0x28  Code  Gb  data_init.o [4]
__iar_init_vfp                0x3b1         Code  Gb  fpinit_M.o [3]
__iar_packbits_init_single3
                              0x351   0x38  Code  Gb  packbits_init_single.o [4]
__iar_program_start           0x475         Code  Gb  cstartup_M.o [4]
__low_level_init              0x403    0x4  Code  Gb  low_level_init.o [2]
__vector_table                  0x0  0x208  Data  Gb  startup_tm4c.o [1]
_call_main                    0x3f1         Code  Gb  cmain.o [4]
_exit                         0x40d         Code  Gb  cexit.o [4]
_main                         0x3ff         Code  Gb  cmain.o [4]
assert_failed                 0x349    0x6  Code  Gb  bsp.o [1]
delay                         0x2bd   0x14  Code  Gb  delay.o [1]
exit                          0x407    0x4  Code  Gb  exit.o [2]
main                          0x209   0xb4  Code  Gb  main.o [1]
pa                      0x2000'0000    0x4  Data  Gb  main.o [1]
pb                      0x2000'000c    0x4  Data  Gb  main.o [1]
t                       0x2000'0018    0xc  Data  Gb  main.o [1]
unused_Handler                0x303    0xa  Code  Gb  startup_tm4c.o [1]
w                       0x2000'0004    0x8  Data  Gb  main.o [1]
w2                      0x2000'0010    0x8  Data  Gb  main.o [1]


[1] = C:\embedded_programming\lesson15-startup_code_p3\Debug\Obj
[2] = dl7M_tln.a
[3] = m7M_tls.a
[4] = rt7M_tl.a
[5] = shb_l.a

    542 bytes of readonly  code memory
    633 bytes of readonly  data memory
  1'060 bytes of readwrite data memory

Errors: none
Warnings: none
