###############################################################################
#
# IAR ELF Linker V8.40.2.214/W32 for ARM                  22/Nov/2020  21:03:36
# Copyright 2007-2019 IAR Systems AB.
#
#    Output file  =
#        C:\Users\mustafa\Desktop\embedded_programming\lesson16-interrupts_p1\Debug\Exe\project.out
#    Map file     =
#        C:\Users\mustafa\Desktop\embedded_programming\lesson16-interrupts_p1\Debug\List\project.map
#    Command line =
#        -f C:\Users\mustafa\AppData\Local\Temp\EWB74B.tmp
#        (C:\Users\mustafa\Desktop\embedded_programming\lesson16-interrupts_p1\Debug\Obj\bsp.o
#        C:\Users\mustafa\Desktop\embedded_programming\lesson16-interrupts_p1\Debug\Obj\delay.o
#        C:\Users\mustafa\Desktop\embedded_programming\lesson16-interrupts_p1\Debug\Obj\main.o
#        C:\Users\mustafa\Desktop\embedded_programming\lesson16-interrupts_p1\Debug\Obj\startup_tm4c.o
#        --no_out_extension -o
#        C:\Users\mustafa\Desktop\embedded_programming\lesson16-interrupts_p1\Debug\Exe\project.out
#        --redirect _Printf=_PrintfFullNoMb --redirect _Scanf=_ScanfFullNoMb
#        --map
#        C:\Users\mustafa\Desktop\embedded_programming\lesson16-interrupts_p1\Debug\List\project.map
#        --config
#        C:\Users\mustafa\Desktop\embedded_programming\lesson16-interrupts_p1\project.icf
#        --semihosting --entry __iar_program_start --vfe --text_out locale)
#
###############################################################################

*******************************************************************************
*** RUNTIME MODEL ATTRIBUTES
***

CppFlavor       = *
__SystemLibrary = DLib
__dlib_version  = 6


*******************************************************************************
*** HEAP SELECTION
***

The basic heap was selected because some modules are built with
size limitations (and not runtime checking), and --advanced_heap
was not specified.


*******************************************************************************
*** PLACEMENT SUMMARY
***

"A0":  place at address 0x0 { ro section .intvec };
"P1":  place in [from 0x0 to 0xf'ffff] { ro };
define block CSTACK with size = 1K, alignment = 8 { };
define block HEAP with size = 0, alignment = 8 { };
"P2":  place in [from 0x2000'0000 to 0x2003'ffff] {
          rw, block CSTACK, block HEAP };

No sections matched the following patterns:

  rw  in "P2"


  Section   Kind         Address   Size  Object
  -------   ----         -------   ----  ------
"A0":                             0x208
  .intvec   const            0x0  0x208  startup_tm4c.o [1]
                         - 0x208  0x208

"P1":                             0x1ac
  .text     ro code        0x208   0x54  startup_tm4c.o [1]
  .text     ro code        0x25c   0x40  bsp.o [1]
  .text     ro code        0x29c   0x50  main.o [1]
  .text     ro code        0x2ec   0x22  fpinit_M.o [3]
  .text     ro code        0x310   0x1e  cmain.o [4]
  .text     ro code        0x32e    0x4  low_level_init.o [2]
  .text     ro code        0x332    0x4  exit.o [2]
  .text     ro code        0x338    0xa  cexit.o [4]
  .text     ro code        0x344   0x14  exit.o [5]
  .rodata   const          0x358   0x14  startup_tm4c.o [1]
  .rodata   const          0x36c   0x10  startup_tm4c.o [1]
  .rodata   const          0x37c    0xc  startup_tm4c.o [1]
  .rodata   const          0x388    0xc  startup_tm4c.o [1]
  .rodata   const          0x394    0xc  startup_tm4c.o [1]
  .text     ro code        0x3a0    0xc  cstartup_M.o [4]
  .rodata   const          0x3ac    0x8  startup_tm4c.o [1]
                         - 0x3b4  0x1ac

"P2":                             0x400
  CSTACK             0x2000'0000  0x400  <Block>
    CSTACK  uninit   0x2000'0000  0x400  <Block tail>
                   - 0x2000'0400  0x400

Unused ranges:

         From           To      Size
         ----           --      ----
        0x3b4     0xf'ffff  0xf'fc4c
  0x2000'0400  0x2003'ffff  0x3'fc00



*******************************************************************************
*** MODULE SUMMARY
***

    Module            ro code  ro data  rw data
    ------            -------  -------  -------
command line/config:
    -------------------------------------------
    Total:

C:\Users\mustafa\Desktop\embedded_programming\lesson16-interrupts_p1\Debug\Obj: [1]
    bsp.o                  64
    main.o                 80
    startup_tm4c.o         84      600
    -------------------------------------------
    Total:                228      600

dl7M_tln.a: [2]
    exit.o                  4
    low_level_init.o        4
    -------------------------------------------
    Total:                  8

m7M_tls.a: [3]
    fpinit_M.o             34
    -------------------------------------------
    Total:                 34

rt7M_tl.a: [4]
    cexit.o                10
    cmain.o                30
    cstartup_M.o           12
    -------------------------------------------
    Total:                 52

shb_l.a: [5]
    exit.o                 20
    -------------------------------------------
    Total:                 20

    Gaps                    6
    Linker created                        1'024
-----------------------------------------------
    Grand Total:          348      600    1'024


*******************************************************************************
*** ENTRY LIST
***

Entry                       Address   Size  Type      Object
-----                       -------   ----  ----      ------
?main                         0x311         Code  Gb  cmain.o [4]
BusFault_IRQHandler           0x227    0xa  Code  Gb  startup_tm4c.o [1]
CSTACK$$Base            0x2000'0000          --   Gb  - Linker created -
CSTACK$$Limit           0x2000'0400         Data  Gb  - Linker created -
HardFault_IRQHandler          0x213    0xa  Code  Gb  startup_tm4c.o [1]
MemoryManagement_IRQHandler
                              0x21d    0xa  Code  Gb  startup_tm4c.o [1]
NonMaskableInt_IRQHandler
                              0x209    0xa  Code  Gb  startup_tm4c.o [1]
Region$$Table$$Base             0x0          --   Gb  - Linker created -
Region$$Table$$Limit            0x0          --   Gb  - Linker created -
SysTick_IRQHandler            0x27d   0x14  Code  Gb  bsp.o [1]
UsageFault_IRQHandler         0x231    0xa  Code  Gb  startup_tm4c.o [1]
__NVIC_SystemReset            0x25d   0x1a  Code  Lc  bsp.o [1]
__cmain                       0x311         Code  Gb  cmain.o [4]
__exit                        0x345   0x14  Code  Gb  exit.o [5]
__iar_init_vfp                0x2ed         Code  Gb  fpinit_M.o [3]
__iar_program_start           0x3a1         Code  Gb  cstartup_M.o [4]
__low_level_init              0x32f    0x4  Code  Gb  low_level_init.o [2]
__vector_table                  0x0  0x208  Data  Gb  startup_tm4c.o [1]
_call_main                    0x31d         Code  Gb  cmain.o [4]
_exit                         0x339         Code  Gb  cexit.o [4]
_main                         0x32b         Code  Gb  cmain.o [4]
assert_failed                 0x277    0x6  Code  Gb  bsp.o [1]
exit                          0x333    0x4  Code  Gb  exit.o [2]
main                          0x29d   0x50  Code  Gb  main.o [1]
unused_Handler                0x23b    0xa  Code  Gb  startup_tm4c.o [1]


[1] = C:\Users\mustafa\Desktop\embedded_programming\lesson16-interrupts_p1\Debug\Obj
[2] = dl7M_tln.a
[3] = m7M_tls.a
[4] = rt7M_tl.a
[5] = shb_l.a

    348 bytes of readonly  code memory
    600 bytes of readonly  data memory
  1'024 bytes of readwrite data memory

Errors: none
Warnings: none
