###############################################################################
#
# IAR ELF Linker V8.40.2.214/W32 for ARM                  22/Nov/2020  18:25:41
# Copyright 2007-2019 IAR Systems AB.
#
#    Output file  =
#        C:\Users\mustafa\Desktop\embedded_programming\lesson13-startup_code_p1\Debug\Exe\project.out
#    Map file     =
#        C:\Users\mustafa\Desktop\embedded_programming\lesson13-startup_code_p1\Debug\List\project.map
#    Command line =
#        -f C:\Users\mustafa\AppData\Local\Temp\EW259B.tmp
#        (C:\Users\mustafa\Desktop\embedded_programming\lesson13-startup_code_p1\Debug\Obj\delay.o
#        C:\Users\mustafa\Desktop\embedded_programming\lesson13-startup_code_p1\Debug\Obj\main.o
#        --no_out_extension -o
#        C:\Users\mustafa\Desktop\embedded_programming\lesson13-startup_code_p1\Debug\Exe\project.out
#        --redirect _Printf=_PrintfFullNoMb --redirect _Scanf=_ScanfFullNoMb
#        --map
#        C:\Users\mustafa\Desktop\embedded_programming\lesson13-startup_code_p1\Debug\List\project.map
#        --config
#        C:\Users\mustafa\Desktop\embedded_programming\lesson13-startup_code_p1\project.icf
#        --semihosting --entry __iar_program_start --vfe --text_out locale)
#
###############################################################################

*******************************************************************************
*** RUNTIME MODEL ATTRIBUTES
***

CppFlavor       = *
__SystemLibrary = DLib
__dlib_version  = 6


*******************************************************************************
*** HEAP SELECTION
***

The basic heap was selected because some modules are built with
size limitations (and not runtime checking), and --advanced_heap
was not specified.


*******************************************************************************
*** PLACEMENT SUMMARY
***

"A0":  place at address 0x0 { ro section .intvec };
"P1":  place in [from 0x0 to 0xf'ffff] { ro };
define block CSTACK with size = 1K, alignment = 8 { };
define block HEAP with size = 0, alignment = 8 { };
"P2":  place in [from 0x2000'0000 to 0x2003'ffff] {
          rw, block CSTACK, block HEAP };
initialize by copy { rw };

  Section            Kind         Address   Size  Object
  -------            ----         -------   ----  ------
"A0":                                       0x40
  .intvec            ro code          0x0   0x40  vector_table_M.o [4]
                                   - 0x40   0x40

"P1":                                      0x1c3
  .text              ro code         0x40   0xb4  main.o [1]
  .text              ro code         0xf4   0x14  delay.o [1]
  .text              ro code        0x108   0x38  packbits_init_single.o [4]
  .text              ro code        0x140   0x28  data_init.o [4]
  .text              ro code        0x168   0x22  fpinit_M.o [3]
  .iar.init_table    const          0x18c   0x10  - Linker created -
  .text              ro code        0x19c    0x2  vector_table_M.o [4]
  .text              ro code        0x1a0   0x1e  cmain.o [4]
  .text              ro code        0x1be    0x4  low_level_init.o [2]
  .text              ro code        0x1c2    0x4  exit.o [2]
  .text              ro code        0x1c8    0xa  cexit.o [4]
  .text              ro code        0x1d4   0x14  exit.o [5]
  .text              ro code        0x1e8    0xc  cstartup_M.o [4]
  .rodata            const          0x1f4    0x0  packbits_init_single.o [4]
  Initializer bytes  const          0x1f4    0xf  <for P2-1>
                                  - 0x203  0x1c3

"P2", part 1 of 2:                          0x24
  P2-1                        0x2000'0000   0x24  <Init block>
    .data            inited   0x2000'0000    0x4  main.o [1]
    .data            inited   0x2000'0004    0x8  main.o [1]
    .bss             inited   0x2000'000c    0x4  main.o [1]
    .bss             inited   0x2000'0010    0x8  main.o [1]
    .bss             inited   0x2000'0018    0xc  main.o [1]
                            - 0x2000'0024   0x24

"P2", part 2 of 2:                         0x400
  CSTACK                      0x2000'0028  0x400  <Block>
    CSTACK           uninit   0x2000'0028  0x400  <Block tail>
                            - 0x2000'0428  0x400

Unused ranges:

         From           To      Size
         ----           --      ----
        0x203     0xf'ffff  0xf'fdfd
  0x2000'0024  0x2000'0027       0x4
  0x2000'0428  0x2003'ffff  0x3'fbd8


*******************************************************************************
*** INIT TABLE
***

          Address      Size
          -------      ----
Copy/packbits (__iar_packbits_init_single3)
    1 source range, total size 0xf (41% of destination):
                0x1f4   0xf
    1 destination range, total size 0x24:
          0x2000'0000  0x24



*******************************************************************************
*** MODULE SUMMARY
***

    Module                  ro code  ro data  rw data
    ------                  -------  -------  -------
command line/config:
    -------------------------------------------------
    Total:

C:\Users\mustafa\Desktop\embedded_programming\lesson13-startup_code_p1\Debug\Obj: [1]
    delay.o                      20
    main.o                      180       15       36
    -------------------------------------------------
    Total:                      200       15       36

dl7M_tln.a: [2]
    exit.o                        4
    low_level_init.o              4
    -------------------------------------------------
    Total:                        8

m7M_tls.a: [3]
    fpinit_M.o                   34
    -------------------------------------------------
    Total:                       34

rt7M_tl.a: [4]
    cexit.o                      10
    cmain.o                      30
    cstartup_M.o                 12
    data_init.o                  40
    packbits_init_single.o       56
    vector_table_M.o             66
    -------------------------------------------------
    Total:                      214

shb_l.a: [5]
    exit.o                       20
    -------------------------------------------------
    Total:                       20

    Gaps                          6        2
    Linker created                        16    1'024
-----------------------------------------------------
    Grand Total:                482       33    1'060


*******************************************************************************
*** ENTRY LIST
***

Entry                       Address  Size  Type      Object
-----                       -------  ----  ----      ------
.iar.init_table$$Base         0x18c         --   Gb  - Linker created -
.iar.init_table$$Limit        0x19c         --   Gb  - Linker created -
?main                         0x1a1        Code  Gb  cmain.o [4]
CSTACK$$Base            0x2000'0028         --   Gb  - Linker created -
CSTACK$$Limit           0x2000'0428         --   Gb  - Linker created -
Region$$Table$$Base           0x18c         --   Gb  - Linker created -
Region$$Table$$Limit          0x19c         --   Gb  - Linker created -
__cmain                       0x1a1        Code  Gb  cmain.o [4]
__exit                        0x1d5  0x14  Code  Gb  exit.o [5]
__iar_data_init3              0x141  0x28  Code  Gb  data_init.o [4]
__iar_init_vfp                0x169        Code  Gb  fpinit_M.o [3]
__iar_packbits_init_single3
                              0x109  0x38  Code  Gb  packbits_init_single.o [4]
__iar_program_start           0x1e9        Code  Gb  cstartup_M.o [4]
__low_level_init              0x1bf   0x4  Code  Gb  low_level_init.o [2]
__vector_table                  0x0        Data  Gb  vector_table_M.o [4]
_call_main                    0x1ad        Code  Gb  cmain.o [4]
_exit                         0x1c9        Code  Gb  cexit.o [4]
_main                         0x1bb        Code  Gb  cmain.o [4]
delay                          0xf5  0x14  Code  Gb  delay.o [1]
exit                          0x1c3   0x4  Code  Gb  exit.o [2]
main                           0x41  0xb4  Code  Gb  main.o [1]
pa                      0x2000'0000   0x4  Data  Gb  main.o [1]
pb                      0x2000'000c   0x4  Data  Gb  main.o [1]
t                       0x2000'0018   0xc  Data  Gb  main.o [1]
w                       0x2000'0004   0x8  Data  Gb  main.o [1]
w2                      0x2000'0010   0x8  Data  Gb  main.o [1]


[1] = C:\Users\mustafa\Desktop\embedded_programming\lesson13-startup_code_p1\Debug\Obj
[2] = dl7M_tln.a
[3] = m7M_tls.a
[4] = rt7M_tl.a
[5] = shb_l.a

    482 bytes of readonly  code memory
     33 bytes of readonly  data memory
  1'060 bytes of readwrite data memory

Errors: none
Warnings: none
