###############################################################################
#
# IAR ELF Linker V8.40.2.214/W32 for ARM                  22/Nov/2020  14:35:20
# Copyright 2007-2019 IAR Systems AB.
#
#    Output file  =
#        C:\Users\mustafa\Desktop\embedded_programming\lesson10-pitfalls_of_functions\Debug\Exe\project.out
#    Map file     =
#        C:\Users\mustafa\Desktop\embedded_programming\lesson10-pitfalls_of_functions\Debug\List\project.map
#    Command line =
#        -f C:\Users\mustafa\AppData\Local\Temp\EW422D.tmp
#        (C:\Users\mustafa\Desktop\embedded_programming\lesson10-pitfalls_of_functions\Debug\Obj\delay.o
#        C:\Users\mustafa\Desktop\embedded_programming\lesson10-pitfalls_of_functions\Debug\Obj\main.o
#        --no_out_extension -o
#        C:\Users\mustafa\Desktop\embedded_programming\lesson10-pitfalls_of_functions\Debug\Exe\project.out
#        --redirect _Printf=_PrintfFullNoMb --redirect _Scanf=_ScanfFullNoMb
#        --map
#        C:\Users\mustafa\Desktop\embedded_programming\lesson10-pitfalls_of_functions\Debug\List\project.map
#        --config
#        C:\Users\mustafa\Desktop\embedded_programming\lesson10-pitfalls_of_functions\project.icf
#        --semihosting --entry __iar_program_start --vfe --text_out locale)
#
###############################################################################

*******************************************************************************
*** RUNTIME MODEL ATTRIBUTES
***

CppFlavor       = *
__SystemLibrary = DLib
__dlib_version  = 6


*******************************************************************************
*** HEAP SELECTION
***

The basic heap was selected because some modules are built with
size limitations (and not runtime checking), and --advanced_heap
was not specified.


*******************************************************************************
*** PLACEMENT SUMMARY
***

"A0":  place at address 0x0 { ro section .intvec };
"P1":  place in [from 0x0 to 0xf'ffff] { ro };
define block CSTACK with size = 1K, alignment = 8 { };
define block HEAP with size = 0, alignment = 8 { };
"P2":  place in [from 0x2000'0000 to 0x2003'ffff] {
          rw, block CSTACK, block HEAP };

  Section          Kind         Address   Size  Object
  -------          ----         -------   ----  ------
"A0":                                     0x40
  .intvec          ro code          0x0   0x40  vector_table_M.o [4]
                                 - 0x40   0x40

"P1":                                    0x1a0
  .text            ro code         0x40   0xa0  main.o [1]
  .text            ro code         0xe0   0x14  delay.o [1]
  .text            ro code         0xf4   0x3a  zero_init3.o [4]
  .text            ro code        0x12e    0x2  vector_table_M.o [4]
  .text            ro code        0x130   0x28  data_init.o [4]
  .text            ro code        0x158   0x22  fpinit_M.o [3]
  .iar.init_table  const          0x17c   0x10  - Linker created -
  .text            ro code        0x18c   0x1e  cmain.o [4]
  .text            ro code        0x1aa    0x4  low_level_init.o [2]
  .text            ro code        0x1ae    0x4  exit.o [2]
  .text            ro code        0x1b4    0xa  cexit.o [4]
  .text            ro code        0x1c0   0x14  exit.o [5]
  .text            ro code        0x1d4    0xc  cstartup_M.o [4]
  .rodata          const          0x1e0    0x0  zero_init3.o [4]
                                - 0x1e0  0x1a0

"P2", part 1 of 2:                         0x8
  .bss             zero     0x2000'0000    0x8  main.o [1]
                          - 0x2000'0008    0x8

"P2", part 2 of 2:                       0x400
  CSTACK                    0x2000'0008  0x400  <Block>
    CSTACK         uninit   0x2000'0008  0x400  <Block tail>
                          - 0x2000'0408  0x400

Unused ranges:

         From           To      Size
         ----           --      ----
        0x1e0     0xf'ffff  0xf'fe20
  0x2000'0408  0x2003'ffff  0x3'fbf8


*******************************************************************************
*** INIT TABLE
***

          Address      Size
          -------      ----
Zero (__iar_zero_init3)
    1 destination range, total size 0x8:
          0x2000'0000   0x8



*******************************************************************************
*** MODULE SUMMARY
***

    Module            ro code  ro data  rw data
    ------            -------  -------  -------
command line/config:
    -------------------------------------------
    Total:

C:\Users\mustafa\Desktop\embedded_programming\lesson10-pitfalls_of_functions\Debug\Obj: [1]
    delay.o                20
    main.o                160                 8
    -------------------------------------------
    Total:                180                 8

dl7M_tln.a: [2]
    exit.o                  4
    low_level_init.o        4
    -------------------------------------------
    Total:                  8

m7M_tls.a: [3]
    fpinit_M.o             34
    -------------------------------------------
    Total:                 34

rt7M_tl.a: [4]
    cexit.o                10
    cmain.o                30
    cstartup_M.o           12
    data_init.o            40
    vector_table_M.o       66
    zero_init3.o           58
    -------------------------------------------
    Total:                216

shb_l.a: [5]
    exit.o                 20
    -------------------------------------------
    Total:                 20

    Gaps                    4        2
    Linker created                  16    1'024
-----------------------------------------------
    Grand Total:          462       18    1'032


*******************************************************************************
*** ENTRY LIST
***

Entry                       Address  Size  Type      Object
-----                       -------  ----  ----      ------
.iar.init_table$$Base         0x17c         --   Gb  - Linker created -
.iar.init_table$$Limit        0x18c         --   Gb  - Linker created -
?main                         0x18d        Code  Gb  cmain.o [4]
CSTACK$$Base            0x2000'0008         --   Gb  - Linker created -
CSTACK$$Limit           0x2000'0408         --   Gb  - Linker created -
Region$$Table$$Base           0x17c         --   Gb  - Linker created -
Region$$Table$$Limit          0x18c         --   Gb  - Linker created -
__cmain                       0x18d        Code  Gb  cmain.o [4]
__exit                        0x1c1  0x14  Code  Gb  exit.o [5]
__iar_data_init3              0x131  0x28  Code  Gb  data_init.o [4]
__iar_init_vfp                0x159        Code  Gb  fpinit_M.o [3]
__iar_program_start           0x1d5        Code  Gb  cstartup_M.o [4]
__iar_zero_init3               0xf5  0x3a  Code  Gb  zero_init3.o [4]
__low_level_init              0x1ab   0x4  Code  Gb  low_level_init.o [2]
__vector_table                  0x0        Data  Gb  vector_table_M.o [4]
_call_main                    0x199        Code  Gb  cmain.o [4]
_exit                         0x1b5        Code  Gb  cexit.o [4]
_main                         0x1a7        Code  Gb  cmain.o [4]
delay                          0xe1  0x14  Code  Gb  delay.o [1]
exit                          0x1af   0x4  Code  Gb  exit.o [2]
main                           0x57  0x6e  Code  Gb  main.o [1]
swap                           0x41  0x16  Code  Gb  main.o [1]
swap::tmp               0x2000'0000   0x8  Data  Lc  main.o [1]


[1] = C:\Users\mustafa\Desktop\embedded_programming\lesson10-pitfalls_of_functions\Debug\Obj
[2] = dl7M_tln.a
[3] = m7M_tls.a
[4] = rt7M_tl.a
[5] = shb_l.a

    462 bytes of readonly  code memory
     18 bytes of readonly  data memory
  1'032 bytes of readwrite data memory

Errors: none
Warnings: none
