###############################################################################
#
# IAR ELF Linker V8.40.2.214/W32 for ARM                  22/Nov/2020  14:49:19
# Copyright 2007-2019 IAR Systems AB.
#
#    Output file  =
#        C:\Users\mustafa\Desktop\embedded_programming\lesson11-stdint_mix_types\Debug\Exe\project.out
#    Map file     =
#        C:\Users\mustafa\Desktop\embedded_programming\lesson11-stdint_mix_types\Debug\List\project.map
#    Command line =
#        -f C:\Users\mustafa\AppData\Local\Temp\EWEF4.tmp
#        (C:\Users\mustafa\Desktop\embedded_programming\lesson11-stdint_mix_types\Debug\Obj\delay.o
#        C:\Users\mustafa\Desktop\embedded_programming\lesson11-stdint_mix_types\Debug\Obj\main.o
#        --no_out_extension -o
#        C:\Users\mustafa\Desktop\embedded_programming\lesson11-stdint_mix_types\Debug\Exe\project.out
#        --redirect _Printf=_PrintfFullNoMb --redirect _Scanf=_ScanfFullNoMb
#        --map
#        C:\Users\mustafa\Desktop\embedded_programming\lesson11-stdint_mix_types\Debug\List\project.map
#        --config
#        C:\Users\mustafa\Desktop\embedded_programming\lesson11-stdint_mix_types\project.icf
#        --semihosting --entry __iar_program_start --vfe --text_out locale)
#
###############################################################################

*******************************************************************************
*** RUNTIME MODEL ATTRIBUTES
***

CppFlavor       = *
__SystemLibrary = DLib
__dlib_version  = 6


*******************************************************************************
*** HEAP SELECTION
***

The basic heap was selected because some modules are built with
size limitations (and not runtime checking), and --advanced_heap
was not specified.


*******************************************************************************
*** PLACEMENT SUMMARY
***

"A0":  place at address 0x0 { ro section .intvec };
"P1":  place in [from 0x0 to 0xf'ffff] { ro };
define block CSTACK with size = 1K, alignment = 8 { };
define block HEAP with size = 0, alignment = 8 { };
"P2":  place in [from 0x2000'0000 to 0x2003'ffff] {
          rw, block CSTACK, block HEAP };

  Section          Kind         Address   Size  Object
  -------          ----         -------   ----  ------
"A0":                                     0x40
  .intvec          ro code          0x0   0x40  vector_table_M.o [4]
                                 - 0x40   0x40

"P1":                                    0x1ec
  .text            ro code         0x40   0xec  main.o [1]
  .text            ro code        0x12c   0x14  delay.o [1]
  .text            ro code        0x140   0x3a  zero_init3.o [4]
  .text            ro code        0x17a    0x2  vector_table_M.o [4]
  .text            ro code        0x17c   0x28  data_init.o [4]
  .text            ro code        0x1a4   0x22  fpinit_M.o [3]
  .iar.init_table  const          0x1c8   0x10  - Linker created -
  .text            ro code        0x1d8   0x1e  cmain.o [4]
  .text            ro code        0x1f6    0x4  low_level_init.o [2]
  .text            ro code        0x1fa    0x4  exit.o [2]
  .text            ro code        0x200    0xa  cexit.o [4]
  .text            ro code        0x20c   0x14  exit.o [5]
  .text            ro code        0x220    0xc  cstartup_M.o [4]
  .rodata          const          0x22c    0x0  zero_init3.o [4]
                                - 0x22c  0x1ec

"P2", part 1 of 2:                        0x10
  .bss             zero     0x2000'0000    0x4  main.o [1]
  .bss             zero     0x2000'0004    0x4  main.o [1]
  .bss             zero     0x2000'0008    0x2  main.o [1]
  .bss             zero     0x2000'000a    0x2  main.o [1]
  .bss             zero     0x2000'000c    0x1  main.o [1]
  .bss             zero     0x2000'000d    0x1  main.o [1]
  .bss             zero     0x2000'000e    0x1  main.o [1]
                          - 0x2000'000f    0xf

"P2", part 2 of 2:                       0x400
  CSTACK                    0x2000'0010  0x400  <Block>
    CSTACK         uninit   0x2000'0010  0x400  <Block tail>
                          - 0x2000'0410  0x400

Unused ranges:

         From           To      Size
         ----           --      ----
        0x22c     0xf'ffff  0xf'fdd4
  0x2000'0410  0x2003'ffff  0x3'fbf0


*******************************************************************************
*** INIT TABLE
***

          Address      Size
          -------      ----
Zero (__iar_zero_init3)
    1 destination range, total size 0xf:
          0x2000'0000   0xf



*******************************************************************************
*** MODULE SUMMARY
***

    Module            ro code  ro data  rw data
    ------            -------  -------  -------
command line/config:
    -------------------------------------------
    Total:

C:\Users\mustafa\Desktop\embedded_programming\lesson11-stdint_mix_types\Debug\Obj: [1]
    delay.o                20
    main.o                236                15
    -------------------------------------------
    Total:                256                15

dl7M_tln.a: [2]
    exit.o                  4
    low_level_init.o        4
    -------------------------------------------
    Total:                  8

m7M_tls.a: [3]
    fpinit_M.o             34
    -------------------------------------------
    Total:                 34

rt7M_tl.a: [4]
    cexit.o                10
    cmain.o                30
    cstartup_M.o           12
    data_init.o            40
    vector_table_M.o       66
    zero_init3.o           58
    -------------------------------------------
    Total:                216

shb_l.a: [5]
    exit.o                 20
    -------------------------------------------
    Total:                 20

    Gaps                    4        2
    Linker created                  16    1'024
-----------------------------------------------
    Grand Total:          538       18    1'039


*******************************************************************************
*** ENTRY LIST
***

Entry                       Address  Size  Type      Object
-----                       -------  ----  ----      ------
.iar.init_table$$Base         0x1c8         --   Gb  - Linker created -
.iar.init_table$$Limit        0x1d8         --   Gb  - Linker created -
?main                         0x1d9        Code  Gb  cmain.o [4]
CSTACK$$Base            0x2000'0010         --   Gb  - Linker created -
CSTACK$$Limit           0x2000'0410         --   Gb  - Linker created -
Region$$Table$$Base           0x1c8         --   Gb  - Linker created -
Region$$Table$$Limit          0x1d8         --   Gb  - Linker created -
__cmain                       0x1d9        Code  Gb  cmain.o [4]
__exit                        0x20d  0x14  Code  Gb  exit.o [5]
__iar_data_init3              0x17d  0x28  Code  Gb  data_init.o [4]
__iar_init_vfp                0x1a5        Code  Gb  fpinit_M.o [3]
__iar_program_start           0x221        Code  Gb  cstartup_M.o [4]
__iar_zero_init3              0x141  0x3a  Code  Gb  zero_init3.o [4]
__low_level_init              0x1f7   0x4  Code  Gb  low_level_init.o [2]
__vector_table                  0x0        Data  Gb  vector_table_M.o [4]
_call_main                    0x1e5        Code  Gb  cmain.o [4]
_exit                         0x201        Code  Gb  cexit.o [4]
_main                         0x1f3        Code  Gb  cmain.o [4]
delay                         0x12d  0x14  Code  Gb  delay.o [1]
exit                          0x1fb   0x4  Code  Gb  exit.o [2]
main                           0x41  0xec  Code  Gb  main.o [1]
s32                     0x2000'000e   0x1  Data  Gb  main.o [1]
u16a                    0x2000'0008   0x2  Data  Gb  main.o [1]
u16b                    0x2000'000a   0x2  Data  Gb  main.o [1]
u32a                    0x2000'0000   0x4  Data  Gb  main.o [1]
u32b                    0x2000'0004   0x4  Data  Gb  main.o [1]
u8a                     0x2000'000c   0x1  Data  Gb  main.o [1]
u8b                     0x2000'000d   0x1  Data  Gb  main.o [1]


[1] = C:\Users\mustafa\Desktop\embedded_programming\lesson11-stdint_mix_types\Debug\Obj
[2] = dl7M_tln.a
[3] = m7M_tls.a
[4] = rt7M_tl.a
[5] = shb_l.a

    538 bytes of readonly  code memory
     18 bytes of readonly  data memory
  1'039 bytes of readwrite data memory

Errors: none
Warnings: none
