<html>
<body>
<pre>
<h1>µVision Build Log</h1>
<h2>Tool Versions:</h2>
IDE-Version: µVision V5.29.0.0
Copyright (C) 2019 ARM Ltd and ARM Germany GmbH. All rights reserved.
License Information: mustafa yilmaz, Anadolu Universiyt, LIC=----
 
Tool Versions:
Toolchain:       MDK-Lite  Version: 5.29.0.0
Toolchain Path:  C:\Keil_v5\ARM\ARMCLANG\Bin
C Compiler:      ArmClang.exe V6.13.1
Assembler:       Armasm.exe V6.13.1
Linker/Locator:  ArmLink.exe V6.13.1
Library Manager: ArmAr.exe V6.13.1
Hex Converter:   FromElf.exe V6.13.1
CPU DLL:         SARMCM3.DLL V5.29.0.0
Dialog DLL:      DCM.DLL V1.17.3.0
Target DLL:      lmidk-agdi.dll V???
Dialog DLL:      TCM.DLL V1.36.5.0
 
<h2>Project:</h2>
C:\Users\mustafa\Desktop\embedded_programming\lesson21-Keil_ForeBackGround\lesson.uvprojx
Project File Date:  12/16/2019

<h2>Output:</h2>
*** Using Compiler 'V6.13.1', folder: 'C:\Keil_v5\ARM\ARMCLANG\Bin'
Rebuild target 'dbg'
assembling startup_TM4C129.s...
real_files/main.c(1): warning: // comments are not allowed in this language [-Wcomment]
#include <stdint.h> //uint32_t for type def c99 standart
                    ^
real_files/main.c(4): warning: In file included from...
real_files/delay.h(5): warning: // comments are not allowed in this language [-Wcomment]
void delay(int volatile iter); // prototype
                               ^
real_files/main.c(5): warning: In file included from...
real_files/bsp.h(26): warning: // comments are not allowed in this language [-Wcomment]
#endif // __BSP_H__
       ^
real_files/main.c(67): warning: default label in switch which covers all enumeration values [-Wcovered-switch-default]
                        default :
                        ^
4 warnings generated.
compiling main.c...
real_files/bsp.c(4): warning: In file included from...
real_files/bsp.h(26): warning: // comments are not allowed in this language [-Wcomment]
#endif // __BSP_H__
       ^
real_files/bsp.c(5): warning: In file included from...
../KEIL_lib/TM4C1294NCPDT_sys\TM4C1294NCPDT.h(279): warning: anonymous unions are a C11 extension [-Wc11-extensions]
  union {
  ^
../KEIL_lib/TM4C1294NCPDT_sys\TM4C1294NCPDT.h(319): warning: anonymous unions are a C11 extension [-Wc11-extensions]
  union {
  ^
../KEIL_lib/TM4C1294NCPDT_sys\TM4C1294NCPDT.h(338): warning: anonymous unions are a C11 extension [-Wc11-extensions]
  union {
  ^
../KEIL_lib/TM4C1294NCPDT_sys\TM4C1294NCPDT.h(671): warning: anonymous unions are a C11 extension [-Wc11-extensions]
  union {
  ^
../KEIL_lib/TM4C1294NCPDT_sys\TM4C1294NCPDT.h(687): warning: anonymous unions are a C11 extension [-Wc11-extensions]
  union {
  ^
../KEIL_lib/TM4C1294NCPDT_sys\TM4C1294NCPDT.h(732): warning: anonymous unions are a C11 extension [-Wc11-extensions]
  union {
  ^
../KEIL_lib/TM4C1294NCPDT_sys\TM4C1294NCPDT.h(737): warning: anonymous unions are a C11 extension [-Wc11-extensions]
  union {
  ^
../KEIL_lib/TM4C1294NCPDT_sys\TM4C1294NCPDT.h(839): warning: anonymous unions are a C11 extension [-Wc11-extensions]
  union {
  ^
../KEIL_lib/TM4C1294NCPDT_sys\TM4C1294NCPDT.h(852): warning: anonymous unions are a C11 extension [-Wc11-extensions]
  union {
  ^
../KEIL_lib/TM4C1294NCPDT_sys\TM4C1294NCPDT.h(859): warning: anonymous unions are a C11 extension [-Wc11-extensions]
  union {
  ^
../KEIL_lib/TM4C1294NCPDT_sys\TM4C1294NCPDT.h(864): warning: anonymous unions are a C11 extension [-Wc11-extensions]
  union {
  ^
../KEIL_lib/TM4C1294NCPDT_sys\TM4C1294NCPDT.h(871): warning: anonymous unions are a C11 extension [-Wc11-extensions]
  union {
  ^
../KEIL_lib/TM4C1294NCPDT_sys\TM4C1294NCPDT.h(877): warning: anonymous unions are a C11 extension [-Wc11-extensions]
  union {
  ^
../KEIL_lib/TM4C1294NCPDT_sys\TM4C1294NCPDT.h(884): warning: anonymous unions are a C11 extension [-Wc11-extensions]
  union {
  ^
../KEIL_lib/TM4C1294NCPDT_sys\TM4C1294NCPDT.h(891): warning: anonymous unions are a C11 extension [-Wc11-extensions]
  union {
  ^
../KEIL_lib/TM4C1294NCPDT_sys\TM4C1294NCPDT.h(896): warning: anonymous unions are a C11 extension [-Wc11-extensions]
  union {
  ^
../KEIL_lib/TM4C1294NCPDT_sys\TM4C1294NCPDT.h(903): warning: anonymous unions are a C11 extension [-Wc11-extensions]
  union {
  ^
../KEIL_lib/TM4C1294NCPDT_sys\TM4C1294NCPDT.h(909): warning: anonymous unions are a C11 extension [-Wc11-extensions]
  union {
  ^
../KEIL_lib/TM4C1294NCPDT_sys\TM4C1294NCPDT.h(916): warning: anonymous unions are a C11 extension [-Wc11-extensions]
  union {
  ^
../KEIL_lib/TM4C1294NCPDT_sys\TM4C1294NCPDT.h(923): warning: anonymous unions are a C11 extension [-Wc11-extensions]
  union {
  ^
../KEIL_lib/TM4C1294NCPDT_sys\TM4C1294NCPDT.h(928): warning: anonymous unions are a C11 extension [-Wc11-extensions]
  union {
  ^
../KEIL_lib/TM4C1294NCPDT_sys\TM4C1294NCPDT.h(935): warning: anonymous unions are a C11 extension [-Wc11-extensions]
  union {
  ^
../KEIL_lib/TM4C1294NCPDT_sys\TM4C1294NCPDT.h(941): warning: anonymous unions are a C11 extension [-Wc11-extensions]
  union {
  ^
../KEIL_lib/TM4C1294NCPDT_sys\TM4C1294NCPDT.h(948): warning: anonymous unions are a C11 extension [-Wc11-extensions]
  union {
  ^
../KEIL_lib/TM4C1294NCPDT_sys\TM4C1294NCPDT.h(955): warning: anonymous unions are a C11 extension [-Wc11-extensions]
  union {
  ^
../KEIL_lib/TM4C1294NCPDT_sys\TM4C1294NCPDT.h(960): warning: anonymous unions are a C11 extension [-Wc11-extensions]
  union {
  ^
../KEIL_lib/TM4C1294NCPDT_sys\TM4C1294NCPDT.h(967): warning: anonymous unions are a C11 extension [-Wc11-extensions]
  union {
  ^
../KEIL_lib/TM4C1294NCPDT_sys\TM4C1294NCPDT.h(973): warning: anonymous unions are a C11 extension [-Wc11-extensions]
  union {
  ^
../KEIL_lib/TM4C1294NCPDT_sys\TM4C1294NCPDT.h(980): warning: anonymous unions are a C11 extension [-Wc11-extensions]
  union {
  ^
../KEIL_lib/TM4C1294NCPDT_sys\TM4C1294NCPDT.h(987): warning: anonymous unions are a C11 extension [-Wc11-extensions]
  union {
  ^
../KEIL_lib/TM4C1294NCPDT_sys\TM4C1294NCPDT.h(992): warning: anonymous unions are a C11 extension [-Wc11-extensions]
  union {
  ^
../KEIL_lib/TM4C1294NCPDT_sys\TM4C1294NCPDT.h(999): warning: anonymous unions are a C11 extension [-Wc11-extensions]
  union {
  ^
../KEIL_lib/TM4C1294NCPDT_sys\TM4C1294NCPDT.h(1005): warning: anonymous unions are a C11 extension [-Wc11-extensions]
  union {
  ^
../KEIL_lib/TM4C1294NCPDT_sys\TM4C1294NCPDT.h(1012): warning: anonymous unions are a C11 extension [-Wc11-extensions]
  union {
  ^
../KEIL_lib/TM4C1294NCPDT_sys\TM4C1294NCPDT.h(1019): warning: anonymous unions are a C11 extension [-Wc11-extensions]
  union {
  ^
../KEIL_lib/TM4C1294NCPDT_sys\TM4C1294NCPDT.h(1024): warning: anonymous unions are a C11 extension [-Wc11-extensions]
  union {
  ^
../KEIL_lib/TM4C1294NCPDT_sys\TM4C1294NCPDT.h(1031): warning: anonymous unions are a C11 extension [-Wc11-extensions]
  union {
  ^
../KEIL_lib/TM4C1294NCPDT_sys\TM4C1294NCPDT.h(1037): warning: anonymous unions are a C11 extension [-Wc11-extensions]
  union {
  ^
../KEIL_lib/TM4C1294NCPDT_sys\TM4C1294NCPDT.h(1044): warning: anonymous unions are a C11 extension [-Wc11-extensions]
  union {
  ^
../KEIL_lib/TM4C1294NCPDT_sys\TM4C1294NCPDT.h(1051): warning: anonymous unions are a C11 extension [-Wc11-extensions]
  union {
  ^
../KEIL_lib/TM4C1294NCPDT_sys\TM4C1294NCPDT.h(1056): warning: anonymous unions are a C11 extension [-Wc11-extensions]
  union {
  ^
../KEIL_lib/TM4C1294NCPDT_sys\TM4C1294NCPDT.h(1063): warning: anonymous unions are a C11 extension [-Wc11-extensions]
  union {
  ^
../KEIL_lib/TM4C1294NCPDT_sys\TM4C1294NCPDT.h(1069): warning: anonymous unions are a C11 extension [-Wc11-extensions]
  union {
  ^
../KEIL_lib/TM4C1294NCPDT_sys\TM4C1294NCPDT.h(1260): warning: anonymous unions are a C11 extension [-Wc11-extensions]
  union {
  ^
../KEIL_lib/TM4C1294NCPDT_sys\TM4C1294NCPDT.h(1267): warning: anonymous unions are a C11 extension [-Wc11-extensions]
  union {
  ^
../KEIL_lib/TM4C1294NCPDT_sys\TM4C1294NCPDT.h(1303): warning: anonymous unions are a C11 extension [-Wc11-extensions]
  union {
  ^
../KEIL_lib/TM4C1294NCPDT_sys\TM4C1294NCPDT.h(1308): warning: anonymous unions are a C11 extension [-Wc11-extensions]
  union {
  ^
../KEIL_lib/TM4C1294NCPDT_sys\TM4C1294NCPDT.h(1313): warning: anonymous unions are a C11 extension [-Wc11-extensions]
  union {
  ^
../KEIL_lib/TM4C1294NCPDT_sys\TM4C1294NCPDT.h(1318): warning: anonymous unions are a C11 extension [-Wc11-extensions]
  union {
  ^
../KEIL_lib/TM4C1294NCPDT_sys\TM4C1294NCPDT.h(1323): warning: anonymous unions are a C11 extension [-Wc11-extensions]
  union {
  ^
../KEIL_lib/TM4C1294NCPDT_sys\TM4C1294NCPDT.h(1328): warning: anonymous unions are a C11 extension [-Wc11-extensions]
  union {
  ^
../KEIL_lib/TM4C1294NCPDT_sys\TM4C1294NCPDT.h(2052): warning: // comments are not allowed in this language [-Wcomment]
//
^
real_files/bsp.c(21): warning: // comments are not allowed in this language [-Wcomment]
    SYSCTL->RCGCGPIO |= (1U << 5); //GPIO Clock Gating openning adress giving port 
                                   ^
54 warnings generated.
compiling bsp.c...
../KEIL_lib/TM4C1294NCPDT_sys/system_tm4c129.c(14): warning: In file included from...
../KEIL_lib/TM4C1294NCPDT_sys/TM4C1294NCPDT.h(279): warning: anonymous unions are a C11 extension [-Wc11-extensions]
  union {
  ^
../KEIL_lib/TM4C1294NCPDT_sys/TM4C1294NCPDT.h(319): warning: anonymous unions are a C11 extension [-Wc11-extensions]
  union {
  ^
../KEIL_lib/TM4C1294NCPDT_sys/TM4C1294NCPDT.h(338): warning: anonymous unions are a C11 extension [-Wc11-extensions]
  union {
  ^
../KEIL_lib/TM4C1294NCPDT_sys/TM4C1294NCPDT.h(671): warning: anonymous unions are a C11 extension [-Wc11-extensions]
  union {
  ^
../KEIL_lib/TM4C1294NCPDT_sys/TM4C1294NCPDT.h(687): warning: anonymous unions are a C11 extension [-Wc11-extensions]
  union {
  ^
../KEIL_lib/TM4C1294NCPDT_sys/TM4C1294NCPDT.h(732): warning: anonymous unions are a C11 extension [-Wc11-extensions]
  union {
  ^
../KEIL_lib/TM4C1294NCPDT_sys/TM4C1294NCPDT.h(737): warning: anonymous unions are a C11 extension [-Wc11-extensions]
  union {
  ^
../KEIL_lib/TM4C1294NCPDT_sys/TM4C1294NCPDT.h(839): warning: anonymous unions are a C11 extension [-Wc11-extensions]
  union {
  ^
../KEIL_lib/TM4C1294NCPDT_sys/TM4C1294NCPDT.h(852): warning: anonymous unions are a C11 extension [-Wc11-extensions]
  union {
  ^
../KEIL_lib/TM4C1294NCPDT_sys/TM4C1294NCPDT.h(859): warning: anonymous unions are a C11 extension [-Wc11-extensions]
  union {
  ^
../KEIL_lib/TM4C1294NCPDT_sys/TM4C1294NCPDT.h(864): warning: anonymous unions are a C11 extension [-Wc11-extensions]
  union {
  ^
../KEIL_lib/TM4C1294NCPDT_sys/TM4C1294NCPDT.h(871): warning: anonymous unions are a C11 extension [-Wc11-extensions]
  union {
  ^
../KEIL_lib/TM4C1294NCPDT_sys/TM4C1294NCPDT.h(877): warning: anonymous unions are a C11 extension [-Wc11-extensions]
  union {
  ^
../KEIL_lib/TM4C1294NCPDT_sys/TM4C1294NCPDT.h(884): warning: anonymous unions are a C11 extension [-Wc11-extensions]
  union {
  ^
../KEIL_lib/TM4C1294NCPDT_sys/TM4C1294NCPDT.h(891): warning: anonymous unions are a C11 extension [-Wc11-extensions]
  union {
  ^
../KEIL_lib/TM4C1294NCPDT_sys/TM4C1294NCPDT.h(896): warning: anonymous unions are a C11 extension [-Wc11-extensions]
  union {
  ^
../KEIL_lib/TM4C1294NCPDT_sys/TM4C1294NCPDT.h(903): warning: anonymous unions are a C11 extension [-Wc11-extensions]
  union {
  ^
../KEIL_lib/TM4C1294NCPDT_sys/TM4C1294NCPDT.h(909): warning: anonymous unions are a C11 extension [-Wc11-extensions]
  union {
  ^
../KEIL_lib/TM4C1294NCPDT_sys/TM4C1294NCPDT.h(916): warning: anonymous unions are a C11 extension [-Wc11-extensions]
  union {
  ^
../KEIL_lib/TM4C1294NCPDT_sys/TM4C1294NCPDT.h(923): warning: anonymous unions are a C11 extension [-Wc11-extensions]
  union {
  ^
../KEIL_lib/TM4C1294NCPDT_sys/TM4C1294NCPDT.h(928): warning: anonymous unions are a C11 extension [-Wc11-extensions]
  union {
  ^
../KEIL_lib/TM4C1294NCPDT_sys/TM4C1294NCPDT.h(935): warning: anonymous unions are a C11 extension [-Wc11-extensions]
  union {
  ^
../KEIL_lib/TM4C1294NCPDT_sys/TM4C1294NCPDT.h(941): warning: anonymous unions are a C11 extension [-Wc11-extensions]
  union {
  ^
../KEIL_lib/TM4C1294NCPDT_sys/TM4C1294NCPDT.h(948): warning: anonymous unions are a C11 extension [-Wc11-extensions]
  union {
  ^
../KEIL_lib/TM4C1294NCPDT_sys/TM4C1294NCPDT.h(955): warning: anonymous unions are a C11 extension [-Wc11-extensions]
  union {
  ^
../KEIL_lib/TM4C1294NCPDT_sys/TM4C1294NCPDT.h(960): warning: anonymous unions are a C11 extension [-Wc11-extensions]
  union {
  ^
../KEIL_lib/TM4C1294NCPDT_sys/TM4C1294NCPDT.h(967): warning: anonymous unions are a C11 extension [-Wc11-extensions]
  union {
  ^
../KEIL_lib/TM4C1294NCPDT_sys/TM4C1294NCPDT.h(973): warning: anonymous unions are a C11 extension [-Wc11-extensions]
  union {
  ^
../KEIL_lib/TM4C1294NCPDT_sys/TM4C1294NCPDT.h(980): warning: anonymous unions are a C11 extension [-Wc11-extensions]
  union {
  ^
../KEIL_lib/TM4C1294NCPDT_sys/TM4C1294NCPDT.h(987): warning: anonymous unions are a C11 extension [-Wc11-extensions]
  union {
  ^
../KEIL_lib/TM4C1294NCPDT_sys/TM4C1294NCPDT.h(992): warning: anonymous unions are a C11 extension [-Wc11-extensions]
  union {
  ^
../KEIL_lib/TM4C1294NCPDT_sys/TM4C1294NCPDT.h(999): warning: anonymous unions are a C11 extension [-Wc11-extensions]
  union {
  ^
../KEIL_lib/TM4C1294NCPDT_sys/TM4C1294NCPDT.h(1005): warning: anonymous unions are a C11 extension [-Wc11-extensions]
  union {
  ^
../KEIL_lib/TM4C1294NCPDT_sys/TM4C1294NCPDT.h(1012): warning: anonymous unions are a C11 extension [-Wc11-extensions]
  union {
  ^
../KEIL_lib/TM4C1294NCPDT_sys/TM4C1294NCPDT.h(1019): warning: anonymous unions are a C11 extension [-Wc11-extensions]
  union {
  ^
../KEIL_lib/TM4C1294NCPDT_sys/TM4C1294NCPDT.h(1024): warning: anonymous unions are a C11 extension [-Wc11-extensions]
  union {
  ^
../KEIL_lib/TM4C1294NCPDT_sys/TM4C1294NCPDT.h(1031): warning: anonymous unions are a C11 extension [-Wc11-extensions]
  union {
  ^
../KEIL_lib/TM4C1294NCPDT_sys/TM4C1294NCPDT.h(1037): warning: anonymous unions are a C11 extension [-Wc11-extensions]
  union {
  ^
../KEIL_lib/TM4C1294NCPDT_sys/TM4C1294NCPDT.h(1044): warning: anonymous unions are a C11 extension [-Wc11-extensions]
  union {
  ^
../KEIL_lib/TM4C1294NCPDT_sys/TM4C1294NCPDT.h(1051): warning: anonymous unions are a C11 extension [-Wc11-extensions]
  union {
  ^
../KEIL_lib/TM4C1294NCPDT_sys/TM4C1294NCPDT.h(1056): warning: anonymous unions are a C11 extension [-Wc11-extensions]
  union {
  ^
../KEIL_lib/TM4C1294NCPDT_sys/TM4C1294NCPDT.h(1063): warning: anonymous unions are a C11 extension [-Wc11-extensions]
  union {
  ^
../KEIL_lib/TM4C1294NCPDT_sys/TM4C1294NCPDT.h(1069): warning: anonymous unions are a C11 extension [-Wc11-extensions]
  union {
  ^
../KEIL_lib/TM4C1294NCPDT_sys/TM4C1294NCPDT.h(1260): warning: anonymous unions are a C11 extension [-Wc11-extensions]
  union {
  ^
../KEIL_lib/TM4C1294NCPDT_sys/TM4C1294NCPDT.h(1267): warning: anonymous unions are a C11 extension [-Wc11-extensions]
  union {
  ^
../KEIL_lib/TM4C1294NCPDT_sys/TM4C1294NCPDT.h(1303): warning: anonymous unions are a C11 extension [-Wc11-extensions]
  union {
  ^
../KEIL_lib/TM4C1294NCPDT_sys/TM4C1294NCPDT.h(1308): warning: anonymous unions are a C11 extension [-Wc11-extensions]
  union {
  ^
../KEIL_lib/TM4C1294NCPDT_sys/TM4C1294NCPDT.h(1313): warning: anonymous unions are a C11 extension [-Wc11-extensions]
  union {
  ^
../KEIL_lib/TM4C1294NCPDT_sys/TM4C1294NCPDT.h(1318): warning: anonymous unions are a C11 extension [-Wc11-extensions]
  union {
  ^
../KEIL_lib/TM4C1294NCPDT_sys/TM4C1294NCPDT.h(1323): warning: anonymous unions are a C11 extension [-Wc11-extensions]
  union {
  ^
../KEIL_lib/TM4C1294NCPDT_sys/TM4C1294NCPDT.h(1328): warning: anonymous unions are a C11 extension [-Wc11-extensions]
  union {
  ^
../KEIL_lib/TM4C1294NCPDT_sys/TM4C1294NCPDT.h(2052): warning: // comments are not allowed in this language [-Wcomment]
//
^
../KEIL_lib/TM4C1294NCPDT_sys/system_tm4c129.c(19): warning: // comments are not allowed in this language [-Wcomment]
//-------- <<< Use Configuration Wizard in Context Menu >>> ------------------
^
../KEIL_lib/TM4C1294NCPDT_sys/system_tm4c129.c(353): warning: unused variable 'fsys' [-Wunused-variable]
                        unsigned int fsys = fvco / (plldiv + 1);
                                     ^
../KEIL_lib/TM4C1294NCPDT_sys/system_tm4c129.c(306): warning: ISO C90 forbids mixing declarations and code [-Wdeclaration-after-statement]
                unsigned int clk_src = ((SYSCTL->RSCLKCFG &= (0xF << 20)) >> 20);
                             ^
../KEIL_lib/TM4C1294NCPDT_sys/system_tm4c129.c(324): warning: unused variable 'pll_src' [-Wunused-variable]
                unsigned int pll_src = ((SYSCTL->RSCLKCFG &= (0xF << 24)) >> 24);
                             ^
../KEIL_lib/TM4C1294NCPDT_sys/system_tm4c129.c(360): warning: unused variable 'clk_rate' [-Wunused-variable]
                unsigned int clk_rate = getOscClk(clk_src, sys_div);
                             ^
../KEIL_lib/TM4C1294NCPDT_sys/system_tm4c129.c(415): warning: ISO C90 forbids mixing declarations and code [-Wdeclaration-after-statement]
                uint32_t volatile RSCLK_CFG, MOSCPUP_RIS, LOCK_val ;
                                  ^
../KEIL_lib/TM4C1294NCPDT_sys/system_tm4c129.c(401): warning: unused variable 'i' [-Wunused-variable]
                        volatile uint32_t i;
                                          ^
../KEIL_lib/TM4C1294NCPDT_sys/system_tm4c129.c(415): warning: unused variable 'LOCK_val' [-Wunused-variable]
                uint32_t volatile RSCLK_CFG, MOSCPUP_RIS, LOCK_val ;
                                                          ^
../KEIL_lib/TM4C1294NCPDT_sys/system_tm4c129.c(480): warning: function 'Q_onAssert' could be declared with attribute 'noreturn' [-Wmissing-noreturn]
void Q_onAssert(char const *module, int loc) {
                                             ^
61 warnings generated.
compiling system_tm4c129.c...
linking...
Program Size: Code=2596 RO-data=552 RW-data=4 ZI-data=1156  
".\lesson.axf" - 0 Error(s), 119 Warning(s).

<h2>Software Packages used:</h2>

Package Vendor: Keil
                http://www.keil.com/pack/Keil.TM4C_DFP.1.1.0.pack
                Keil.TM4C_DFP.1.1.0
                Texas Instruments Tiva C Series Device Support and Examples

<h2>Collection of Component include folders:</h2>
  .\RTE\_dbg
  C:\Users\mustafa\AppData\Local\Arm\Packs\Keil\TM4C_DFP\1.1.0\Device\Include\TM4C129

<h2>Collection of Component Files used:</h2>
Build Time Elapsed:  00:00:02
</pre>
</body>
</html>
