###############################################################################
#
# IAR ELF Linker V8.40.2.214/W32 for ARM                  03/Dec/2019  01:06:47
# Copyright 2007-2019 IAR Systems AB.
#
#    Output file  =
#        C:\embedded_programming\lesson14-startup_code_p2\Debug\Exe\project.out
#    Map file     =
#        C:\embedded_programming\lesson14-startup_code_p2\Debug\List\project.map
#    Command line =
#        -f C:\Users\mustafa\AppData\Local\Temp\EWEB1F.tmp
#        (C:\embedded_programming\lesson14-startup_code_p2\Debug\Obj\delay.o
#        C:\embedded_programming\lesson14-startup_code_p2\Debug\Obj\main.o
#        C:\embedded_programming\lesson14-startup_code_p2\Debug\Obj\startup_tm4c.o
#        --no_out_extension -o
#        C:\embedded_programming\lesson14-startup_code_p2\Debug\Exe\project.out
#        --redirect _Printf=_PrintfFullNoMb --redirect _Scanf=_ScanfFullNoMb
#        --map
#        C:\embedded_programming\lesson14-startup_code_p2\Debug\List\project.map
#        --config C:\embedded_programming\lesson14-startup_code_p2\project.icf
#        --semihosting --entry __iar_program_start --vfe --text_out locale)
#
###############################################################################

*******************************************************************************
*** RUNTIME MODEL ATTRIBUTES
***

CppFlavor       = *
__SystemLibrary = DLib
__dlib_version  = 6


*******************************************************************************
*** HEAP SELECTION
***

The basic heap was selected because some modules are built with
size limitations (and not runtime checking), and --advanced_heap
was not specified.


*******************************************************************************
*** PLACEMENT SUMMARY
***

"A0":  place at address 0x0 { ro section .intvec };
"P1":  place in [from 0x0 to 0xf'ffff] { ro };
define block CSTACK with size = 1000, alignment = 8 { };
define block HEAP with size = 0, alignment = 8 { };
"P2":  place in [from 0x2000'0000 to 0x2003'ffff] {
          rw, block CSTACK, block HEAP };
initialize by copy { rw };

  Section            Kind         Address   Size  Object
  -------            ----         -------   ----  ------
"A0":                                        0x8
  .intvec            const            0x0    0x8  startup_tm4c.o [1]
                                    - 0x8    0x8

"P1":                                      0x1bf
  .text              ro code          0x8   0xb4  main.o [1]
  .text              ro code         0xbc   0x14  delay.o [1]
  .text              ro code         0xd0   0x38  packbits_init_single.o [4]
  .text              ro code        0x108   0x28  data_init.o [4]
  .text              ro code        0x130   0x22  fpinit_M.o [3]
  .iar.init_table    const          0x154   0x10  - Linker created -
  .text              ro code        0x164   0x1e  cmain.o [4]
  .text              ro code        0x182    0x4  low_level_init.o [2]
  .text              ro code        0x186    0x4  exit.o [2]
  .text              ro code        0x18c    0xa  cexit.o [4]
  .text              ro code        0x198   0x14  exit.o [5]
  .text              ro code        0x1ac    0xc  cstartup_M.o [4]
  .rodata            const          0x1b8    0x0  packbits_init_single.o [4]
  Initializer bytes  const          0x1b8    0xf  <for P2-1>
                                  - 0x1c7  0x1bf

"P2":                                       0x24
  P2-1                        0x2000'0000   0x24  <Init block>
    .data            inited   0x2000'0000    0x4  main.o [1]
    .data            inited   0x2000'0004    0x8  main.o [1]
    .bss             inited   0x2000'000c    0x4  main.o [1]
    .bss             inited   0x2000'0010    0x8  main.o [1]
    .bss             inited   0x2000'0018    0xc  main.o [1]
                            - 0x2000'0024   0x24

Unused ranges:

         From           To      Size
         ----           --      ----
        0x1c7     0xf'ffff  0xf'fe39
  0x2000'0024  0x2003'ffff  0x3'ffdc


*******************************************************************************
*** INIT TABLE
***

          Address      Size
          -------      ----
Copy/packbits (__iar_packbits_init_single3)
    1 source range, total size 0xf (41% of destination):
                0x1b8   0xf
    1 destination range, total size 0x24:
          0x2000'0000  0x24



*******************************************************************************
*** MODULE SUMMARY
***

    Module                  ro code  ro data  rw data
    ------                  -------  -------  -------
command line/config:
    -------------------------------------------------
    Total:

C:\embedded_programming\lesson14-startup_code_p2\Debug\Obj: [1]
    delay.o                      20
    main.o                      180       15       36
    startup_tm4c.o                         8
    -------------------------------------------------
    Total:                      200       23       36

dl7M_tln.a: [2]
    exit.o                        4
    low_level_init.o              4
    -------------------------------------------------
    Total:                        8

m7M_tls.a: [3]
    fpinit_M.o                   34
    -------------------------------------------------
    Total:                       34

rt7M_tl.a: [4]
    cexit.o                      10
    cmain.o                      30
    cstartup_M.o                 12
    data_init.o                  40
    packbits_init_single.o       56
    -------------------------------------------------
    Total:                      148

shb_l.a: [5]
    exit.o                       20
    -------------------------------------------------
    Total:                       20

    Gaps                          4        2
    Linker created                        16
-----------------------------------------------------
    Grand Total:                414       41       36


*******************************************************************************
*** ENTRY LIST
***

Entry                       Address  Size  Type      Object
-----                       -------  ----  ----      ------
.iar.init_table$$Base         0x154         --   Gb  - Linker created -
.iar.init_table$$Limit        0x164         --   Gb  - Linker created -
?main                         0x165        Code  Gb  cmain.o [4]
Region$$Table$$Base           0x154         --   Gb  - Linker created -
Region$$Table$$Limit          0x164         --   Gb  - Linker created -
__cmain                       0x165        Code  Gb  cmain.o [4]
__exit                        0x199  0x14  Code  Gb  exit.o [5]
__iar_data_init3              0x109  0x28  Code  Gb  data_init.o [4]
__iar_init_vfp                0x131        Code  Gb  fpinit_M.o [3]
__iar_packbits_init_single3
                               0xd1  0x38  Code  Gb  packbits_init_single.o [4]
__iar_program_start           0x1ad        Code  Gb  cstartup_M.o [4]
__low_level_init              0x183   0x4  Code  Gb  low_level_init.o [2]
__vector_table                  0x0   0x8  Data  Gb  startup_tm4c.o [1]
_call_main                    0x171        Code  Gb  cmain.o [4]
_exit                         0x18d        Code  Gb  cexit.o [4]
_main                         0x17f        Code  Gb  cmain.o [4]
delay                          0xbd  0x14  Code  Gb  delay.o [1]
exit                          0x187   0x4  Code  Gb  exit.o [2]
main                            0x9  0xb4  Code  Gb  main.o [1]
pa                      0x2000'0000   0x4  Data  Gb  main.o [1]
pb                      0x2000'000c   0x4  Data  Gb  main.o [1]
t                       0x2000'0018   0xc  Data  Gb  main.o [1]
w                       0x2000'0004   0x8  Data  Gb  main.o [1]
w2                      0x2000'0010   0x8  Data  Gb  main.o [1]


[1] = C:\embedded_programming\lesson14-startup_code_p2\Debug\Obj
[2] = dl7M_tln.a
[3] = m7M_tls.a
[4] = rt7M_tl.a
[5] = shb_l.a

  414 bytes of readonly  code memory
   41 bytes of readonly  data memory
   36 bytes of readwrite data memory

Errors: none
Warnings: none
