<html>
<body>
<pre>
<h1>µVision Build Log</h1>
<h2>Tool Versions:</h2>
IDE-Version: µVision V5.29.0.0
Copyright (C) 2019 ARM Ltd and ARM Germany GmbH. All rights reserved.
License Information: mustafa yilmaz, Anadolu Universiyt, LIC=----
 
Tool Versions:
Toolchain:       MDK-Lite  Version: 5.29.0.0
Toolchain Path:  C:\Keil_v5\ARM\ARMCLANG\Bin
C Compiler:      ArmClang.exe V6.13.1
Assembler:       Armasm.exe V6.13.1
Linker/Locator:  ArmLink.exe V6.13.1
Library Manager: ArmAr.exe V6.13.1
Hex Converter:   FromElf.exe V6.13.1
CPU DLL:         SARMCM3.DLL V5.29.0.0
Dialog DLL:      DCM.DLL V1.17.3.0
Target DLL:      lmidk-agdi.dll V???
Dialog DLL:      TCM.DLL V1.36.5.0
 
<h2>Project:</h2>
C:\Users\mustafa\Desktop\embedded_programming\lesson22-RTOS1\lesson.uvprojx
Project File Date:  11/24/2020

<h2>Output:</h2>
*** Using Compiler 'V6.13.1', folder: 'C:\Keil_v5\ARM\ARMCLANG\Bin'
Rebuild target 'dbg'
assembling startup_TM4C129.s...
real_files/main.c(13): warning: function 'main_blinky1' could be declared with attribute 'noreturn' [-Wmissing-noreturn]
void main_blinky1(void){
                       ^
real_files/main.c(29): warning: function 'main_blinky2' could be declared with attribute 'noreturn' [-Wmissing-noreturn]
void main_blinky2(void){
                       ^
real_files/main.c(10): warning: no previous extern declaration for non-static variable 'stack_blinky1' [-Wmissing-variable-declarations]
uint32_t stack_blinky1[40];
         ^
real_files/main.c(10): note: declare 'static' if the variable is not intended to be used outside of this translation unit
uint32_t stack_blinky1[40];
^
real_files/main.c(11): warning: no previous extern declaration for non-static variable 'sp_blinky1' [-Wmissing-variable-declarations]
uint32_t *sp_blinky1; 
          ^
real_files/main.c(11): note: declare 'static' if the variable is not intended to be used outside of this translation unit
uint32_t *sp_blinky1; 
^
real_files/main.c(26): warning: no previous extern declaration for non-static variable 'stack_blinky2' [-Wmissing-variable-declarations]
uint32_t stack_blinky2[40];
         ^
real_files/main.c(26): note: declare 'static' if the variable is not intended to be used outside of this translation unit
uint32_t stack_blinky2[40];
^
real_files/main.c(27): warning: no previous extern declaration for non-static variable 'sp_blinky2' [-Wmissing-variable-declarations]
uint32_t *sp_blinky2;
          ^
real_files/main.c(27): note: declare 'static' if the variable is not intended to be used outside of this translation unit
uint32_t *sp_blinky2;
^
6 warnings generated.
compiling main.c...
compiling bsp.c...
../KEIL_lib/TM4C1294NCPDT_sys/system_tm4c129.c(355): warning: unused variable 'fsys' [-Wunused-variable]
                        unsigned int fsys = fvco / (plldiv + 1);
                                     ^
../KEIL_lib/TM4C1294NCPDT_sys/system_tm4c129.c(325): warning: unused variable 'pll_src' [-Wunused-variable]
                unsigned int pll_src = ((rsclkcfg &= (0xF << 24)) >> 24);
                             ^
../KEIL_lib/TM4C1294NCPDT_sys/system_tm4c129.c(362): warning: unused variable 'clk_rate' [-Wunused-variable]
                unsigned int clk_rate = getOscClk(clk_src, sys_div);
                             ^
../KEIL_lib/TM4C1294NCPDT_sys/system_tm4c129.c(404): warning: unused variable 'i' [-Wunused-variable]
                        volatile uint32_t i;
                                          ^
../KEIL_lib/TM4C1294NCPDT_sys/system_tm4c129.c(418): warning: unused variable 'LOCK_val' [-Wunused-variable]
                uint32_t volatile RSCLK_CFG, MOSCPUP_RIS, LOCK_val ;
                                                          ^
../KEIL_lib/TM4C1294NCPDT_sys/system_tm4c129.c(482): warning: function 'Q_onAssert' could be declared with attribute 'noreturn' [-Wmissing-noreturn]
void Q_onAssert(char const *module, int loc) {
                                             ^
6 warnings generated.
compiling system_tm4c129.c...
linking...
Program Size: Code=2928 RO-data=552 RW-data=4 ZI-data=1476  
".\lesson.axf" - 0 Error(s), 12 Warning(s).

<h2>Software Packages used:</h2>

Package Vendor: Keil
                http://www.keil.com/pack/Keil.TM4C_DFP.1.1.0.pack
                Keil.TM4C_DFP.1.1.0
                Texas Instruments Tiva C Series Device Support and Examples

<h2>Collection of Component include folders:</h2>
  .\RTE\_dbg
  C:\Users\mustafa\AppData\Local\Arm\Packs\Keil\TM4C_DFP\1.1.0\Device\Include\TM4C129

<h2>Collection of Component Files used:</h2>
Build Time Elapsed:  00:00:00
</pre>
</body>
</html>
