###############################################################################
#
# IAR ELF Linker V8.40.2.214/W32 for ARM                  22/Nov/2020  15:46:16
# Copyright 2007-2019 IAR Systems AB.
#
#    Output file  =
#        C:\Users\mustafa\Desktop\embedded_programming\lesson12-suctures_CMSIS\Debug\Exe\project.out
#    Map file     =
#        C:\Users\mustafa\Desktop\embedded_programming\lesson12-suctures_CMSIS\Debug\List\project.map
#    Command line =
#        -f C:\Users\mustafa\AppData\Local\Temp\EW309E.tmp
#        (C:\Users\mustafa\Desktop\embedded_programming\lesson12-suctures_CMSIS\Debug\Obj\delay.o
#        C:\Users\mustafa\Desktop\embedded_programming\lesson12-suctures_CMSIS\Debug\Obj\main.o
#        --no_out_extension -o
#        C:\Users\mustafa\Desktop\embedded_programming\lesson12-suctures_CMSIS\Debug\Exe\project.out
#        --redirect _Printf=_PrintfFullNoMb --redirect _Scanf=_ScanfFullNoMb
#        --map
#        C:\Users\mustafa\Desktop\embedded_programming\lesson12-suctures_CMSIS\Debug\List\project.map
#        --config
#        C:\Users\mustafa\Desktop\embedded_programming\lesson12-suctures_CMSIS\project.icf
#        --semihosting --entry __iar_program_start --vfe --text_out locale)
#
###############################################################################

*******************************************************************************
*** RUNTIME MODEL ATTRIBUTES
***

CppFlavor       = *
__SystemLibrary = DLib
__dlib_version  = 6


*******************************************************************************
*** HEAP SELECTION
***

The basic heap was selected because some modules are built with
size limitations (and not runtime checking), and --advanced_heap
was not specified.


*******************************************************************************
*** PLACEMENT SUMMARY
***

"A0":  place at address 0x0 { ro section .intvec };
"P1":  place in [from 0x0 to 0xf'ffff] { ro };
define block CSTACK with size = 1K, alignment = 8 { };
define block HEAP with size = 0, alignment = 8 { };
"P2":  place in [from 0x2000'0000 to 0x2003'ffff] {
          rw, block CSTACK, block HEAP };

  Section          Kind         Address   Size  Object
  -------          ----         -------   ----  ------
"A0":                                     0x40
  .intvec          ro code          0x0   0x40  vector_table_M.o [3]
                                 - 0x40   0x40

"P1":                                    0x190
  .text            ro code         0x40   0xb4  main.o [1]
  .text            ro code         0xf4   0x14  delay.o [1]
  .text            ro code        0x108   0x3a  zero_init3.o [3]
  .text            ro code        0x142    0x2  vector_table_M.o [3]
  .text            ro code        0x144   0x28  data_init.o [3]
  .iar.init_table  const          0x16c   0x10  - Linker created -
  .text            ro code        0x17c   0x1e  cmain.o [3]
  .text            ro code        0x19a    0x4  low_level_init.o [2]
  .text            ro code        0x19e    0x4  exit.o [2]
  .text            ro code        0x1a4    0xa  cexit.o [3]
  .text            ro code        0x1b0   0x14  exit.o [4]
  .text            ro code        0x1c4    0xc  cstartup_M.o [3]
  .rodata          const          0x1d0    0x0  zero_init3.o [3]
                                - 0x1d0  0x190

"P2", part 1 of 2:                        0x24
  .bss             zero     0x2000'0000    0xc  main.o [1]
  .bss             zero     0x2000'000c    0x8  main.o [1]
  .bss             zero     0x2000'0014    0x8  main.o [1]
  .bss             zero     0x2000'001c    0x4  main.o [1]
  .bss             zero     0x2000'0020    0x4  main.o [1]
                          - 0x2000'0024   0x24

"P2", part 2 of 2:                       0x400
  CSTACK                    0x2000'0028  0x400  <Block>
    CSTACK         uninit   0x2000'0028  0x400  <Block tail>
                          - 0x2000'0428  0x400

Unused ranges:

         From           To      Size
         ----           --      ----
        0x1d0     0xf'ffff  0xf'fe30
  0x2000'0024  0x2000'0027       0x4
  0x2000'0428  0x2003'ffff  0x3'fbd8


*******************************************************************************
*** INIT TABLE
***

          Address      Size
          -------      ----
Zero (__iar_zero_init3)
    1 destination range, total size 0x24:
          0x2000'0000  0x24



*******************************************************************************
*** MODULE SUMMARY
***

    Module            ro code  ro data  rw data
    ------            -------  -------  -------
command line/config:
    -------------------------------------------
    Total:

C:\Users\mustafa\Desktop\embedded_programming\lesson12-suctures_CMSIS\Debug\Obj: [1]
    delay.o                20
    main.o                180                36
    -------------------------------------------
    Total:                200                36

dl7M_tln.a: [2]
    exit.o                  4
    low_level_init.o        4
    -------------------------------------------
    Total:                  8

rt7M_tl.a: [3]
    cexit.o                10
    cmain.o                30
    cstartup_M.o           12
    data_init.o            40
    vector_table_M.o       66
    zero_init3.o           58
    -------------------------------------------
    Total:                216

shb_l.a: [4]
    exit.o                 20
    -------------------------------------------
    Total:                 20

    Gaps                    4
    Linker created                  16    1'024
-----------------------------------------------
    Grand Total:          448       16    1'060


*******************************************************************************
*** ENTRY LIST
***

Entry                       Address  Size  Type      Object
-----                       -------  ----  ----      ------
.iar.init_table$$Base         0x16c         --   Gb  - Linker created -
.iar.init_table$$Limit        0x17c         --   Gb  - Linker created -
?main                         0x17d        Code  Gb  cmain.o [3]
CSTACK$$Base            0x2000'0028         --   Gb  - Linker created -
CSTACK$$Limit           0x2000'0428         --   Gb  - Linker created -
Region$$Table$$Base           0x16c         --   Gb  - Linker created -
Region$$Table$$Limit          0x17c         --   Gb  - Linker created -
__cmain                       0x17d        Code  Gb  cmain.o [3]
__exit                        0x1b1  0x14  Code  Gb  exit.o [4]
__iar_data_init3              0x145  0x28  Code  Gb  data_init.o [3]
__iar_program_start           0x1c5        Code  Gb  cstartup_M.o [3]
__iar_zero_init3              0x109  0x3a  Code  Gb  zero_init3.o [3]
__low_level_init              0x19b   0x4  Code  Gb  low_level_init.o [2]
__vector_table                  0x0        Data  Gb  vector_table_M.o [3]
_call_main                    0x189        Code  Gb  cmain.o [3]
_exit                         0x1a5        Code  Gb  cexit.o [3]
_main                         0x197        Code  Gb  cmain.o [3]
delay                          0xf5  0x14  Code  Gb  delay.o [1]
exit                          0x19f   0x4  Code  Gb  exit.o [2]
main                           0x41  0xb4  Code  Gb  main.o [1]
pa                      0x2000'001c   0x4  Data  Gb  main.o [1]
pb                      0x2000'0020   0x4  Data  Gb  main.o [1]
t                       0x2000'0000   0xc  Data  Gb  main.o [1]
w                       0x2000'000c   0x8  Data  Gb  main.o [1]
w2                      0x2000'0014   0x8  Data  Gb  main.o [1]


[1] = C:\Users\mustafa\Desktop\embedded_programming\lesson12-suctures_CMSIS\Debug\Obj
[2] = dl7M_tln.a
[3] = rt7M_tl.a
[4] = shb_l.a

    448 bytes of readonly  code memory
     16 bytes of readonly  data memory
  1'060 bytes of readwrite data memory

Errors: none
Warnings: none
